[2023-03-12T15:34:08.387+0800][0.014s] CardTable entry size: 512
[2023-03-12T15:34:08.387+0800][0.014s] Using G1
[2023-03-12T15:34:08.670+0800][0.297s] Version: 19.0.2+7-44 (release)
[2023-03-12T15:34:08.670+0800][0.297s] CPUs: 12 total, 12 available
[2023-03-12T15:34:08.670+0800][0.297s] Memory: 16251M
[2023-03-12T15:34:08.670+0800][0.297s] Large Page Support: Disabled
[2023-03-12T15:34:08.670+0800][0.297s] NUMA Support: Disabled
[2023-03-12T15:34:08.670+0800][0.297s] Compressed Oops: Enabled (32-bit)
[2023-03-12T15:34:08.670+0800][0.297s] Heap Region Size: 1M
[2023-03-12T15:34:08.670+0800][0.297s] Heap Min Capacity: 512M
[2023-03-12T15:34:08.670+0800][0.297s] Heap Initial Capacity: 512M
[2023-03-12T15:34:08.670+0800][0.297s] Heap Max Capacity: 512M
[2023-03-12T15:34:08.671+0800][0.297s] Pre-touch: Enabled
[2023-03-12T15:34:08.671+0800][0.297s] Parallel Workers: 10
[2023-03-12T15:34:08.671+0800][0.297s] Concurrent Workers: 3
[2023-03-12T15:34:08.671+0800][0.297s] Concurrent Refinement Workers: 10
[2023-03-12T15:34:08.671+0800][0.297s] Periodic GC: Disabled
[2023-03-12T15:34:08.671+0800][0.298s] CDS archive(s) mapped at: [0x0000000800000000-0x0000000800c40000-0x0000000800c40000), size 12845056, SharedBaseAddress: 0x0000000800000000, ArchiveRelocationMode: 0.
[2023-03-12T15:34:08.671+0800][0.298s] Compressed class space mapped at: 0x0000000801000000-0x0000000841000000, reserved size: 1073741824
[2023-03-12T15:34:08.671+0800][0.298s] Narrow klass base: 0x0000000800000000, Narrow klass shift: 0, Narrow klass range: 0x100000000
[2023-03-12T15:34:09.308+0800][0.934s] GC(0) Pause Young (Normal) (G1 Evacuation Pause)
[2023-03-12T15:34:09.309+0800][0.935s] GC(0) Using 10 workers of 10 for evacuation
[2023-03-12T15:34:09.311+0800][0.937s] GC(0)   Pre Evacuate Collection Set: 0.0ms
[2023-03-12T15:34:09.311+0800][0.937s] GC(0)   Merge Heap Roots: 0.0ms
[2023-03-12T15:34:09.311+0800][0.937s] GC(0)   Evacuate Collection Set: 2.0ms
[2023-03-12T15:34:09.311+0800][0.937s] GC(0)   Post Evacuate Collection Set: 0.3ms
[2023-03-12T15:34:09.311+0800][0.937s] GC(0)   Other: 0.3ms
[2023-03-12T15:34:09.311+0800][0.937s] GC(0) Eden regions: 29->0(38)
[2023-03-12T15:34:09.311+0800][0.937s] GC(0) Survivor regions: 0->4(4)
[2023-03-12T15:34:09.311+0800][0.937s] GC(0) Old regions: 0->2
[2023-03-12T15:34:09.311+0800][0.937s] GC(0) Archive regions: 0->0
[2023-03-12T15:34:09.311+0800][0.937s] GC(0) Humongous regions: 0->0
[2023-03-12T15:34:09.311+0800][0.937s] GC(0) Metaspace: 10387K(10624K)->10387K(10624K) NonClass: 9208K(9344K)->9208K(9344K) Class: 1179K(1280K)->1179K(1280K)
[2023-03-12T15:34:09.311+0800][0.937s] GC(0) Pause Young (Normal) (G1 Evacuation Pause) 29M->5M(512M) 2.939ms
[2023-03-12T15:34:09.311+0800][0.937s] GC(0) User=0.00s Sys=0.00s Real=0.00s
[2023-03-12T15:34:09.741+0800][1.367s] GC(1) Pause Young (Normal) (G1 Evacuation Pause)
[2023-03-12T15:34:09.741+0800][1.367s] GC(1) Using 10 workers of 10 for evacuation
[2023-03-12T15:34:09.746+0800][1.372s] GC(1)   Pre Evacuate Collection Set: 0.1ms
[2023-03-12T15:34:09.746+0800][1.372s] GC(1)   Merge Heap Roots: 0.1ms
[2023-03-12T15:34:09.746+0800][1.372s] GC(1)   Evacuate Collection Set: 4.1ms
[2023-03-12T15:34:09.746+0800][1.372s] GC(1)   Post Evacuate Collection Set: 0.7ms
[2023-03-12T15:34:09.746+0800][1.372s] GC(1)   Other: 0.1ms
[2023-03-12T15:34:09.746+0800][1.372s] GC(1) Eden regions: 38->0(50)
[2023-03-12T15:34:09.746+0800][1.372s] GC(1) Survivor regions: 4->6(6)
[2023-03-12T15:34:09.746+0800][1.372s] GC(1) Old regions: 2->10
[2023-03-12T15:34:09.746+0800][1.372s] GC(1) Archive regions: 0->0
[2023-03-12T15:34:09.746+0800][1.372s] GC(1) Humongous regions: 4->4
[2023-03-12T15:34:09.746+0800][1.372s] GC(1) Metaspace: 16588K(16896K)->16588K(16896K) NonClass: 14728K(14912K)->14728K(14912K) Class: 1860K(1984K)->1860K(1984K)
[2023-03-12T15:34:09.746+0800][1.372s] GC(1) Pause Young (Normal) (G1 Evacuation Pause) 46M->19M(512M) 5.091ms
[2023-03-12T15:34:09.746+0800][1.372s] GC(1) User=0.16s Sys=0.00s Real=0.01s
[2023-03-12T15:34:10.090+0800][1.716s] GC(2) Pause Young (Concurrent Start) (Metadata GC Threshold)
[2023-03-12T15:34:10.090+0800][1.717s] GC(2) Using 10 workers of 10 for evacuation
[2023-03-12T15:34:10.093+0800][1.719s] GC(2)   Pre Evacuate Collection Set: 0.1ms
[2023-03-12T15:34:10.093+0800][1.719s] GC(2)   Merge Heap Roots: 0.1ms
[2023-03-12T15:34:10.093+0800][1.719s] GC(2)   Evacuate Collection Set: 1.6ms
[2023-03-12T15:34:10.093+0800][1.719s] GC(2)   Post Evacuate Collection Set: 0.4ms
[2023-03-12T15:34:10.093+0800][1.719s] GC(2)   Other: 0.1ms
[2023-03-12T15:34:10.093+0800][1.719s] GC(2) Eden regions: 41->0(77)
[2023-03-12T15:34:10.093+0800][1.719s] GC(2) Survivor regions: 6->5(7)
[2023-03-12T15:34:10.093+0800][1.719s] GC(2) Old regions: 10->16
[2023-03-12T15:34:10.093+0800][1.719s] GC(2) Archive regions: 0->0
[2023-03-12T15:34:10.093+0800][1.719s] GC(2) Humongous regions: 4->4
[2023-03-12T15:34:10.093+0800][1.719s] GC(2) Metaspace: 21129K(21504K)->21129K(21504K) NonClass: 18823K(19008K)->18823K(19008K) Class: 2306K(2496K)->2306K(2496K)
[2023-03-12T15:34:10.093+0800][1.719s] GC(2) Pause Young (Concurrent Start) (Metadata GC Threshold) 60M->24M(512M) 2.639ms
[2023-03-12T15:34:10.093+0800][1.719s] GC(2) User=0.00s Sys=0.00s Real=0.00s
[2023-03-12T15:34:10.093+0800][1.719s] GC(3) Concurrent Mark Cycle
[2023-03-12T15:34:10.093+0800][1.719s] GC(3) Concurrent Clear Claimed Marks
[2023-03-12T15:34:10.093+0800][1.719s] GC(3) Concurrent Clear Claimed Marks 0.016ms
[2023-03-12T15:34:10.093+0800][1.719s] GC(3) Concurrent Scan Root Regions
[2023-03-12T15:34:10.094+0800][1.720s] GC(3) Concurrent Scan Root Regions 0.964ms
[2023-03-12T15:34:10.094+0800][1.720s] GC(3) Concurrent Mark
[2023-03-12T15:34:10.094+0800][1.720s] GC(3) Concurrent Mark From Roots
[2023-03-12T15:34:10.094+0800][1.720s] GC(3) Using 3 workers of 3 for marking
[2023-03-12T15:34:10.097+0800][1.724s] GC(3) Concurrent Mark From Roots 3.365ms
[2023-03-12T15:34:10.097+0800][1.724s] GC(3) Concurrent Preclean
[2023-03-12T15:34:10.098+0800][1.724s] GC(3) Concurrent Preclean 0.030ms
[2023-03-12T15:34:10.098+0800][1.724s] GC(3) Pause Remark
[2023-03-12T15:34:10.099+0800][1.725s] GC(3) Pause Remark 25M->25M(512M) 1.294ms
[2023-03-12T15:34:10.099+0800][1.725s] GC(3) User=0.00s Sys=0.00s Real=0.00s
[2023-03-12T15:34:10.099+0800][1.725s] GC(3) Concurrent Mark 5.116ms
[2023-03-12T15:34:10.099+0800][1.725s] GC(3) Concurrent Rebuild Remembered Sets
[2023-03-12T15:34:10.101+0800][1.727s] GC(3) Concurrent Rebuild Remembered Sets 1.940ms
[2023-03-12T15:34:10.101+0800][1.727s] GC(3) Pause Cleanup
[2023-03-12T15:34:10.101+0800][1.728s] GC(3) Pause Cleanup 25M->25M(512M) 0.105ms
[2023-03-12T15:34:10.101+0800][1.728s] GC(3) User=0.00s Sys=0.00s Real=0.00s
[2023-03-12T15:34:10.101+0800][1.728s] GC(3) Concurrent Cleanup for Next Mark
[2023-03-12T15:34:10.102+0800][1.728s] GC(3) Concurrent Cleanup for Next Mark 0.677ms
[2023-03-12T15:34:10.102+0800][1.728s] GC(3) Concurrent Mark Cycle 9.170ms
[2023-03-12T15:34:10.924+0800][2.551s] GC(4) Pause Young (Prepare Mixed) (Metadata GC Threshold)
[2023-03-12T15:34:10.924+0800][2.551s] GC(4) Using 10 workers of 10 for evacuation
[2023-03-12T15:34:10.928+0800][2.554s] GC(4)   Pre Evacuate Collection Set: 0.0ms
[2023-03-12T15:34:10.928+0800][2.554s] GC(4)   Merge Heap Roots: 0.0ms
[2023-03-12T15:34:10.928+0800][2.554s] GC(4)   Evacuate Collection Set: 2.8ms
[2023-03-12T15:34:10.928+0800][2.554s] GC(4)   Post Evacuate Collection Set: 0.4ms
[2023-03-12T15:34:10.928+0800][2.554s] GC(4)   Other: 0.1ms
[2023-03-12T15:34:10.928+0800][2.554s] GC(4) Eden regions: 74->0(14)
[2023-03-12T15:34:10.928+0800][2.554s] GC(4) Survivor regions: 5->11(11)
[2023-03-12T15:34:10.928+0800][2.554s] GC(4) Old regions: 16->16
[2023-03-12T15:34:10.928+0800][2.554s] GC(4) Archive regions: 0->0
[2023-03-12T15:34:10.928+0800][2.554s] GC(4) Humongous regions: 4->4
[2023-03-12T15:34:10.928+0800][2.554s] GC(4) Metaspace: 35743K(36096K)->35743K(36096K) NonClass: 31708K(31872K)->31708K(31872K) Class: 4034K(4224K)->4034K(4224K)
[2023-03-12T15:34:10.928+0800][2.554s] GC(4) Pause Young (Prepare Mixed) (Metadata GC Threshold) 97M->30M(512M) 3.499ms
[2023-03-12T15:34:10.928+0800][2.555s] GC(4) User=0.00s Sys=0.00s Real=0.00s
[2023-03-12T15:34:10.944+0800][2.570s] GC(5) Pause Young (Mixed) (Metadata GC Threshold)
[2023-03-12T15:34:10.944+0800][2.570s] GC(5) Using 10 workers of 10 for evacuation
[2023-03-12T15:34:10.946+0800][2.573s] GC(5)   Pre Evacuate Collection Set: 0.0ms
[2023-03-12T15:34:10.946+0800][2.573s] GC(5)   Merge Heap Roots: 0.0ms
[2023-03-12T15:34:10.946+0800][2.573s] GC(5)   Evacuate Collection Set: 2.2ms
[2023-03-12T15:34:10.946+0800][2.573s] GC(5)   Post Evacuate Collection Set: 0.2ms
[2023-03-12T15:34:10.946+0800][2.573s] GC(5)   Other: 0.0ms
[2023-03-12T15:34:10.946+0800][2.573s] GC(5) Eden regions: 2->0(305)
[2023-03-12T15:34:10.946+0800][2.573s] GC(5) Survivor regions: 11->2(4)
[2023-03-12T15:34:10.946+0800][2.573s] GC(5) Old regions: 16->26
[2023-03-12T15:34:10.946+0800][2.573s] GC(5) Archive regions: 0->0
[2023-03-12T15:34:10.946+0800][2.573s] GC(5) Humongous regions: 4->4
[2023-03-12T15:34:10.946+0800][2.573s] GC(5) Metaspace: 36005K(36416K)->36005K(36416K) NonClass: 31938K(32192K)->31938K(32192K) Class: 4066K(4224K)->4066K(4224K)
[2023-03-12T15:34:10.946+0800][2.573s] GC(5) Pause Young (Mixed) (Metadata GC Threshold) 31M->30M(512M) 2.721ms
[2023-03-12T15:34:10.946+0800][2.573s] GC(5) User=0.16s Sys=0.02s Real=0.00s
[2023-03-12T15:34:10.980+0800][2.607s] GC(6) Pause Young (Concurrent Start) (Metadata GC Threshold)
[2023-03-12T15:34:10.980+0800][2.607s] GC(6) Using 10 workers of 10 for evacuation
[2023-03-12T15:34:10.981+0800][2.608s] GC(6)   Pre Evacuate Collection Set: 0.1ms
[2023-03-12T15:34:10.981+0800][2.608s] GC(6)   Merge Heap Roots: 0.0ms
[2023-03-12T15:34:10.981+0800][2.608s] GC(6)   Evacuate Collection Set: 0.5ms
[2023-03-12T15:34:10.981+0800][2.608s] GC(6)   Post Evacuate Collection Set: 0.2ms
[2023-03-12T15:34:10.981+0800][2.608s] GC(6)   Other: 0.1ms
[2023-03-12T15:34:10.981+0800][2.608s] GC(6) Eden regions: 7->0(305)
[2023-03-12T15:34:10.981+0800][2.608s] GC(6) Survivor regions: 2->2(39)
[2023-03-12T15:34:10.981+0800][2.608s] GC(6) Old regions: 26->26
[2023-03-12T15:34:10.981+0800][2.608s] GC(6) Archive regions: 0->0
[2023-03-12T15:34:10.981+0800][2.608s] GC(6) Humongous regions: 5->4
[2023-03-12T15:34:10.981+0800][2.608s] GC(6) Metaspace: 36360K(36736K)->36360K(36736K) NonClass: 32243K(32448K)->32243K(32448K) Class: 4116K(4288K)->4116K(4288K)
[2023-03-12T15:34:10.981+0800][2.608s] GC(6) Pause Young (Concurrent Start) (Metadata GC Threshold) 37M->31M(512M) 1.010ms
[2023-03-12T15:34:10.981+0800][2.608s] GC(7) Concurrent Mark Cycle
[2023-03-12T15:34:10.981+0800][2.608s] GC(6) User=0.00s Sys=0.00s Real=0.00s
[2023-03-12T15:34:10.981+0800][2.608s] GC(7) Concurrent Clear Claimed Marks
[2023-03-12T15:34:10.981+0800][2.608s] GC(7) Concurrent Clear Claimed Marks 0.036ms
[2023-03-12T15:34:10.981+0800][2.608s] GC(7) Concurrent Scan Root Regions
[2023-03-12T15:34:10.982+0800][2.608s] GC(7) Concurrent Scan Root Regions 0.333ms
[2023-03-12T15:34:10.982+0800][2.608s] GC(7) Concurrent Mark
[2023-03-12T15:34:10.982+0800][2.608s] GC(7) Concurrent Mark From Roots
[2023-03-12T15:34:10.982+0800][2.608s] GC(7) Using 3 workers of 3 for marking
[2023-03-12T15:34:10.991+0800][2.618s] GC(7) Concurrent Mark From Roots 9.511ms
[2023-03-12T15:34:10.991+0800][2.618s] GC(7) Concurrent Preclean
[2023-03-12T15:34:10.992+0800][2.618s] GC(7) Concurrent Preclean 0.106ms
[2023-03-12T15:34:10.992+0800][2.618s] GC(7) Pause Remark
[2023-03-12T15:34:10.995+0800][2.622s] GC(7) Pause Remark 33M->33M(512M) 3.531ms
[2023-03-12T15:34:10.995+0800][2.622s] GC(7) User=0.11s Sys=0.00s Real=0.00s
[2023-03-12T15:34:10.995+0800][2.622s] GC(7) Concurrent Mark 13.539ms
[2023-03-12T15:34:10.995+0800][2.622s] GC(7) Concurrent Rebuild Remembered Sets
[2023-03-12T15:34:11.000+0800][2.626s] GC(7) Concurrent Rebuild Remembered Sets 4.488ms
[2023-03-12T15:34:11.000+0800][2.627s] GC(7) Pause Cleanup
[2023-03-12T15:34:11.000+0800][2.627s] GC(7) Pause Cleanup 33M->33M(512M) 0.088ms
[2023-03-12T15:34:11.000+0800][2.627s] GC(7) User=0.00s Sys=0.00s Real=0.00s
[2023-03-12T15:34:11.000+0800][2.627s] GC(7) Concurrent Cleanup for Next Mark
[2023-03-12T15:34:11.001+0800][2.628s] GC(7) Concurrent Cleanup for Next Mark 0.827ms
[2023-03-12T15:34:11.001+0800][2.628s] GC(7) Concurrent Mark Cycle 19.709ms
[2023-03-12T15:34:12.302+0800][3.929s] GC(8) Pause Young (Prepare Mixed) (G1 Evacuation Pause)
[2023-03-12T15:34:12.303+0800][3.929s] GC(8) Using 10 workers of 10 for evacuation
[2023-03-12T15:34:12.313+0800][3.940s] GC(8)   Pre Evacuate Collection Set: 0.1ms
[2023-03-12T15:34:12.313+0800][3.940s] GC(8)   Merge Heap Roots: 0.0ms
[2023-03-12T15:34:12.313+0800][3.940s] GC(8)   Evacuate Collection Set: 9.9ms
[2023-03-12T15:34:12.313+0800][3.940s] GC(8)   Post Evacuate Collection Set: 0.6ms
[2023-03-12T15:34:12.313+0800][3.940s] GC(8)   Other: 0.1ms
[2023-03-12T15:34:12.313+0800][3.940s] GC(8) Eden regions: 305->0(1)
[2023-03-12T15:34:12.313+0800][3.940s] GC(8) Survivor regions: 2->39(39)
[2023-03-12T15:34:12.313+0800][3.940s] GC(8) Old regions: 26->26
[2023-03-12T15:34:12.313+0800][3.940s] GC(8) Archive regions: 0->0
[2023-03-12T15:34:12.313+0800][3.940s] GC(8) Humongous regions: 4->4
[2023-03-12T15:34:12.313+0800][3.940s] GC(8) Metaspace: 48052K(48640K)->48052K(48640K) NonClass: 42492K(42816K)->42492K(42816K) Class: 5560K(5824K)->5560K(5824K)
[2023-03-12T15:34:12.313+0800][3.940s] GC(8) Pause Young (Prepare Mixed) (G1 Evacuation Pause) 336M->68M(512M) 10.794ms
[2023-03-12T15:34:12.313+0800][3.940s] GC(8) User=0.17s Sys=0.00s Real=0.01s
[2023-03-12T15:34:12.313+0800][3.940s] GC(9) Pause Young (Mixed) (G1 Evacuation Pause)
[2023-03-12T15:34:12.313+0800][3.940s] GC(9) Using 10 workers of 10 for evacuation
[2023-03-12T15:34:12.321+0800][3.947s] GC(9)   Pre Evacuate Collection Set: 0.0ms
[2023-03-12T15:34:12.321+0800][3.947s] GC(9)   Merge Heap Roots: 0.0ms
[2023-03-12T15:34:12.321+0800][3.947s] GC(9)   Evacuate Collection Set: 7.1ms
[2023-03-12T15:34:12.321+0800][3.947s] GC(9)   Post Evacuate Collection Set: 0.3ms
[2023-03-12T15:34:12.321+0800][3.947s] GC(9)   Other: 0.0ms
[2023-03-12T15:34:12.321+0800][3.947s] GC(9) Eden regions: 1->0(270)
[2023-03-12T15:34:12.321+0800][3.947s] GC(9) Survivor regions: 39->1(5)
[2023-03-12T15:34:12.321+0800][3.947s] GC(9) Old regions: 26->64
[2023-03-12T15:34:12.321+0800][3.947s] GC(9) Archive regions: 0->0
[2023-03-12T15:34:12.321+0800][3.947s] GC(9) Humongous regions: 4->4
[2023-03-12T15:34:12.321+0800][3.948s] GC(9) Metaspace: 48052K(48640K)->48052K(48640K) NonClass: 42492K(42816K)->42492K(42816K) Class: 5560K(5824K)->5560K(5824K)
[2023-03-12T15:34:12.321+0800][3.948s] GC(9) Pause Young (Mixed) (G1 Evacuation Pause) 69M->68M(512M) 7.683ms
[2023-03-12T15:34:12.321+0800][3.948s] GC(9) User=0.16s Sys=0.00s Real=0.01s
[2023-03-12T16:39:49.889+0800][3941.515s] GC(10) Pause Young (Normal) (G1 Evacuation Pause)
[2023-03-12T16:39:49.890+0800][3941.515s] GC(10) Using 10 workers of 10 for evacuation
[2023-03-12T16:39:49.934+0800][3941.560s] GC(10)   Pre Evacuate Collection Set: 0.4ms
[2023-03-12T16:39:49.934+0800][3941.560s] GC(10)   Merge Heap Roots: 0.2ms
[2023-03-12T16:39:49.934+0800][3941.560s] GC(10)   Evacuate Collection Set: 42.3ms
[2023-03-12T16:39:49.934+0800][3941.560s] GC(10)   Post Evacuate Collection Set: 1.7ms
[2023-03-12T16:39:49.934+0800][3941.560s] GC(10)   Other: 0.2ms
[2023-03-12T16:39:49.934+0800][3941.560s] GC(10) Eden regions: 270->0(254)
[2023-03-12T16:39:49.934+0800][3941.560s] GC(10) Survivor regions: 1->29(34)
[2023-03-12T16:39:49.934+0800][3941.560s] GC(10) Old regions: 64->64
[2023-03-12T16:39:49.934+0800][3941.560s] GC(10) Archive regions: 0->0
[2023-03-12T16:39:49.934+0800][3941.560s] GC(10) Humongous regions: 7->7
[2023-03-12T16:39:49.934+0800][3941.560s] GC(10) Metaspace: 55596K(56256K)->55596K(56256K) NonClass: 49347K(49728K)->49347K(49728K) Class: 6249K(6528K)->6249K(6528K)
[2023-03-12T16:39:49.934+0800][3941.560s] GC(10) Pause Young (Normal) (G1 Evacuation Pause) 341M->98M(512M) 45.117ms
[2023-03-12T16:39:49.935+0800][3941.560s] GC(10) User=0.05s Sys=0.38s Real=0.05s
[2023-03-12T16:39:51.082+0800][3942.708s] GC(11) Pause Young (Normal) (G1 Evacuation Pause)
[2023-03-12T16:39:51.082+0800][3942.708s] GC(11) Using 10 workers of 10 for evacuation
[2023-03-12T16:39:51.089+0800][3942.715s] GC(11)   Pre Evacuate Collection Set: 0.1ms
[2023-03-12T16:39:51.089+0800][3942.715s] GC(11)   Merge Heap Roots: 0.1ms
[2023-03-12T16:39:51.089+0800][3942.715s] GC(11)   Evacuate Collection Set: 6.2ms
[2023-03-12T16:39:51.089+0800][3942.715s] GC(11)   Post Evacuate Collection Set: 0.5ms
[2023-03-12T16:39:51.089+0800][3942.715s] GC(11)   Other: 0.1ms
[2023-03-12T16:39:51.089+0800][3942.715s] GC(11) Eden regions: 254->0(268)
[2023-03-12T16:39:51.089+0800][3942.715s] GC(11) Survivor regions: 29->13(36)
[2023-03-12T16:39:51.089+0800][3942.715s] GC(11) Old regions: 64->88
[2023-03-12T16:39:51.089+0800][3942.715s] GC(11) Archive regions: 0->0
[2023-03-12T16:39:51.089+0800][3942.715s] GC(11) Humongous regions: 7->7
[2023-03-12T16:39:51.089+0800][3942.715s] GC(11) Metaspace: 56255K(56896K)->56255K(56896K) NonClass: 49956K(50304K)->49956K(50304K) Class: 6298K(6592K)->6298K(6592K)
[2023-03-12T16:39:51.089+0800][3942.715s] GC(11) Pause Young (Normal) (G1 Evacuation Pause) 352M->106M(512M) 7.054ms
[2023-03-12T16:39:51.089+0800][3942.715s] GC(11) User=0.14s Sys=0.02s Real=0.01s
[2023-03-12T16:40:12.076+0800][3963.703s] GC(12) Pause Young (Normal) (G1 Evacuation Pause)
[2023-03-12T16:40:12.076+0800][3963.703s] GC(12) Using 10 workers of 10 for evacuation
[2023-03-12T16:40:12.079+0800][3963.705s] GC(12)   Pre Evacuate Collection Set: 0.1ms
[2023-03-12T16:40:12.079+0800][3963.706s] GC(12)   Merge Heap Roots: 0.0ms
[2023-03-12T16:40:12.079+0800][3963.706s] GC(12)   Evacuate Collection Set: 1.9ms
[2023-03-12T16:40:12.079+0800][3963.706s] GC(12)   Post Evacuate Collection Set: 0.5ms
[2023-03-12T16:40:12.079+0800][3963.706s] GC(12)   Other: 0.1ms
[2023-03-12T16:40:12.079+0800][3963.706s] GC(12) Eden regions: 268->0(283)
[2023-03-12T16:40:12.079+0800][3963.706s] GC(12) Survivor regions: 13->11(36)
[2023-03-12T16:40:12.079+0800][3963.706s] GC(12) Old regions: 88->88
[2023-03-12T16:40:12.079+0800][3963.706s] GC(12) Archive regions: 0->0
[2023-03-12T16:40:12.079+0800][3963.706s] GC(12) Humongous regions: 7->7
[2023-03-12T16:40:12.079+0800][3963.706s] GC(12) Metaspace: 56555K(57152K)->56555K(57152K) NonClass: 50238K(50560K)->50238K(50560K) Class: 6317K(6592K)->6317K(6592K)
[2023-03-12T16:40:12.079+0800][3963.706s] GC(12) Pause Young (Normal) (G1 Evacuation Pause) 374M->104M(512M) 2.775ms
[2023-03-12T16:40:12.079+0800][3963.706s] GC(12) User=0.00s Sys=0.00s Real=0.00s
[2023-03-12T16:40:12.857+0800][3964.482s] GC(13) Pause Young (Normal) (G1 Evacuation Pause)
[2023-03-12T16:40:12.857+0800][3964.482s] GC(13) Using 10 workers of 10 for evacuation
[2023-03-12T16:40:12.865+0800][3964.491s] GC(13)   Pre Evacuate Collection Set: 0.1ms
[2023-03-12T16:40:12.865+0800][3964.491s] GC(13)   Merge Heap Roots: 0.1ms
[2023-03-12T16:40:12.865+0800][3964.491s] GC(13)   Evacuate Collection Set: 8.0ms
[2023-03-12T16:40:12.865+0800][3964.491s] GC(13)   Post Evacuate Collection Set: 0.4ms
[2023-03-12T16:40:12.865+0800][3964.491s] GC(13)   Other: 0.1ms
[2023-03-12T16:40:12.865+0800][3964.491s] GC(13) Eden regions: 283->0(276)
[2023-03-12T16:40:12.865+0800][3964.491s] GC(13) Survivor regions: 11->24(37)
[2023-03-12T16:40:12.865+0800][3964.491s] GC(13) Old regions: 88->88
[2023-03-12T16:40:12.865+0800][3964.491s] GC(13) Archive regions: 0->0
[2023-03-12T16:40:12.865+0800][3964.491s] GC(13) Humongous regions: 7->7
[2023-03-12T16:40:12.865+0800][3964.491s] GC(13) Metaspace: 56603K(57216K)->56603K(57216K) NonClass: 50285K(50624K)->50285K(50624K) Class: 6317K(6592K)->6317K(6592K)
[2023-03-12T16:40:12.865+0800][3964.491s] GC(13) Pause Young (Normal) (G1 Evacuation Pause) 387M->117M(512M) 8.849ms
[2023-03-12T16:40:12.865+0800][3964.491s] GC(13) User=0.00s Sys=0.00s Real=0.01s
[2023-03-12T17:41:14.534+0800][7626.160s] GC(14) Pause Young (Normal) (G1 Evacuation Pause)
[2023-03-12T17:41:14.534+0800][7626.161s] GC(14) Using 10 workers of 10 for evacuation
[2023-03-12T17:41:14.539+0800][7626.166s] GC(14)   Pre Evacuate Collection Set: 0.5ms
[2023-03-12T17:41:14.539+0800][7626.166s] GC(14)   Merge Heap Roots: 0.2ms
[2023-03-12T17:41:14.539+0800][7626.166s] GC(14)   Evacuate Collection Set: 2.8ms
[2023-03-12T17:41:14.539+0800][7626.166s] GC(14)   Post Evacuate Collection Set: 1.3ms
[2023-03-12T17:41:14.539+0800][7626.166s] GC(14)   Other: 0.4ms
[2023-03-12T17:41:14.539+0800][7626.166s] GC(14) Eden regions: 276->0(305)
[2023-03-12T17:41:14.539+0800][7626.166s] GC(14) Survivor regions: 24->2(38)
[2023-03-12T17:41:14.539+0800][7626.166s] GC(14) Old regions: 88->89
[2023-03-12T17:41:14.539+0800][7626.166s] GC(14) Archive regions: 0->0
[2023-03-12T17:41:14.539+0800][7626.166s] GC(14) Humongous regions: 7->7
[2023-03-12T17:41:14.539+0800][7626.166s] GC(14) Metaspace: 56708K(57280K)->56708K(57280K) NonClass: 50390K(50688K)->50390K(50688K) Class: 6317K(6592K)->6317K(6592K)
[2023-03-12T17:41:14.539+0800][7626.166s] GC(14) Pause Young (Normal) (G1 Evacuation Pause) 393M->96M(512M) 5.506ms
[2023-03-12T17:41:14.539+0800][7626.166s] GC(14) User=0.00s Sys=0.02s Real=0.01s
[2023-03-13T03:40:53.707+0800][43605.333s] GC(15) Pause Young (Normal) (G1 Evacuation Pause)
[2023-03-13T03:40:53.707+0800][43605.334s] GC(15) Using 10 workers of 10 for evacuation
[2023-03-13T03:40:53.712+0800][43605.338s] GC(15)   Pre Evacuate Collection Set: 0.5ms
[2023-03-13T03:40:53.712+0800][43605.338s] GC(15)   Merge Heap Roots: 0.3ms
[2023-03-13T03:40:53.712+0800][43605.338s] GC(15)   Evacuate Collection Set: 2.1ms
[2023-03-13T03:40:53.712+0800][43605.338s] GC(15)   Post Evacuate Collection Set: 1.4ms
[2023-03-13T03:40:53.712+0800][43605.338s] GC(15)   Other: 0.4ms
[2023-03-13T03:40:53.712+0800][43605.338s] GC(15) Eden regions: 305->0(306)
[2023-03-13T03:40:53.712+0800][43605.338s] GC(15) Survivor regions: 2->1(39)
[2023-03-13T03:40:53.712+0800][43605.338s] GC(15) Old regions: 89->89
[2023-03-13T03:40:53.712+0800][43605.338s] GC(15) Archive regions: 0->0
[2023-03-13T03:40:53.712+0800][43605.338s] GC(15) Humongous regions: 7->7
[2023-03-13T03:40:53.712+0800][43605.338s] GC(15) Metaspace: 56795K(57408K)->56795K(57408K) NonClass: 50477K(50816K)->50477K(50816K) Class: 6317K(6592K)->6317K(6592K)
[2023-03-13T03:40:53.712+0800][43605.338s] GC(15) Pause Young (Normal) (G1 Evacuation Pause) 401M->95M(512M) 5.026ms
[2023-03-13T03:40:53.712+0800][43605.338s] GC(15) User=0.00s Sys=0.02s Real=0.00s
[2023-03-13T13:45:47.036+0800][79898.662s] GC(16) Pause Young (Normal) (G1 Evacuation Pause)
[2023-03-13T13:45:47.036+0800][79898.663s] GC(16) Using 10 workers of 10 for evacuation
[2023-03-13T13:45:47.040+0800][79898.667s] GC(16)   Pre Evacuate Collection Set: 0.4ms
[2023-03-13T13:45:47.040+0800][79898.667s] GC(16)   Merge Heap Roots: 0.2ms
[2023-03-13T13:45:47.040+0800][79898.667s] GC(16)   Evacuate Collection Set: 1.7ms
[2023-03-13T13:45:47.040+0800][79898.667s] GC(16)   Post Evacuate Collection Set: 1.1ms
[2023-03-13T13:45:47.040+0800][79898.667s] GC(16)   Other: 0.4ms
[2023-03-13T13:45:47.040+0800][79898.667s] GC(16) Eden regions: 306->0(306)
[2023-03-13T13:45:47.040+0800][79898.667s] GC(16) Survivor regions: 1->1(39)
[2023-03-13T13:45:47.040+0800][79898.667s] GC(16) Old regions: 89->89
[2023-03-13T13:45:47.040+0800][79898.667s] GC(16) Archive regions: 0->0
[2023-03-13T13:45:47.040+0800][79898.667s] GC(16) Humongous regions: 7->7
[2023-03-13T13:45:47.040+0800][79898.667s] GC(16) Metaspace: 56798K(57408K)->56798K(57408K) NonClass: 50480K(50816K)->50480K(50816K) Class: 6317K(6592K)->6317K(6592K)
[2023-03-13T13:45:47.040+0800][79898.667s] GC(16) Pause Young (Normal) (G1 Evacuation Pause) 401M->95M(512M) 4.286ms
[2023-03-13T13:45:47.040+0800][79898.667s] GC(16) User=0.05s Sys=0.06s Real=0.00s
[2023-03-13T23:51:44.223+0800][116255.849s] GC(17) Pause Young (Normal) (G1 Evacuation Pause)
[2023-03-13T23:51:44.225+0800][116255.852s] GC(17) Using 10 workers of 10 for evacuation
[2023-03-13T23:51:44.234+0800][116255.861s] GC(17)   Pre Evacuate Collection Set: 0.6ms
[2023-03-13T23:51:44.234+0800][116255.861s] GC(17)   Merge Heap Roots: 0.2ms
[2023-03-13T23:51:44.234+0800][116255.861s] GC(17)   Evacuate Collection Set: 4.5ms
[2023-03-13T23:51:44.234+0800][116255.861s] GC(17)   Post Evacuate Collection Set: 2.9ms
[2023-03-13T23:51:44.234+0800][116255.861s] GC(17)   Other: 1.5ms
[2023-03-13T23:51:44.234+0800][116255.861s] GC(17) Eden regions: 306->0(306)
[2023-03-13T23:51:44.234+0800][116255.861s] GC(17) Survivor regions: 1->1(39)
[2023-03-13T23:51:44.234+0800][116255.861s] GC(17) Old regions: 89->89
[2023-03-13T23:51:44.234+0800][116255.861s] GC(17) Archive regions: 0->0
[2023-03-13T23:51:44.234+0800][116255.861s] GC(17) Humongous regions: 7->7
[2023-03-13T23:51:44.235+0800][116255.861s] GC(17) Metaspace: 56800K(57408K)->56800K(57408K) NonClass: 50482K(50816K)->50482K(50816K) Class: 6317K(6592K)->6317K(6592K)
[2023-03-13T23:51:44.235+0800][116255.862s] GC(17) Pause Young (Normal) (G1 Evacuation Pause) 401M->95M(512M) 12.491ms
[2023-03-13T23:51:44.235+0800][116255.862s] GC(17) User=0.00s Sys=0.00s Real=0.01s
[2023-03-14T17:59:38.928+0800][181530.572s] GC(18) Pause Young (Normal) (G1 Evacuation Pause)
[2023-03-14T17:59:38.931+0800][181530.575s] GC(18) Using 10 workers of 10 for evacuation
[2023-03-14T17:59:38.938+0800][181530.582s] GC(18)   Pre Evacuate Collection Set: 0.7ms
[2023-03-14T17:59:38.938+0800][181530.582s] GC(18)   Merge Heap Roots: 0.3ms
[2023-03-14T17:59:38.938+0800][181530.582s] GC(18)   Evacuate Collection Set: 2.8ms
[2023-03-14T17:59:38.938+0800][181530.582s] GC(18)   Post Evacuate Collection Set: 2.8ms
[2023-03-14T17:59:38.938+0800][181530.582s] GC(18)   Other: 1.1ms
[2023-03-14T17:59:38.938+0800][181530.582s] GC(18) Eden regions: 306->0(306)
[2023-03-14T17:59:38.938+0800][181530.582s] GC(18) Survivor regions: 1->1(39)
[2023-03-14T17:59:38.938+0800][181530.582s] GC(18) Old regions: 89->89
[2023-03-14T17:59:38.938+0800][181530.582s] GC(18) Archive regions: 0->0
[2023-03-14T17:59:38.938+0800][181530.582s] GC(18) Humongous regions: 7->7
[2023-03-14T17:59:38.938+0800][181530.583s] GC(18) Metaspace: 56802K(57408K)->56802K(57408K) NonClass: 50484K(50816K)->50484K(50816K) Class: 6317K(6592K)->6317K(6592K)
[2023-03-14T17:59:38.938+0800][181530.583s] GC(18) Pause Young (Normal) (G1 Evacuation Pause) 401M->95M(512M) 10.624ms
[2023-03-14T17:59:38.938+0800][181530.583s] GC(18) User=0.00s Sys=0.00s Real=0.01s
[2023-03-15T11:50:42.072+0800][245793.736s] GC(19) Pause Young (Normal) (G1 Evacuation Pause)
[2023-03-15T11:50:42.075+0800][245793.739s] GC(19) Using 10 workers of 10 for evacuation
[2023-03-15T11:50:42.085+0800][245793.748s] GC(19)   Pre Evacuate Collection Set: 1.1ms
[2023-03-15T11:50:42.085+0800][245793.748s] GC(19)   Merge Heap Roots: 0.3ms
[2023-03-15T11:50:42.085+0800][245793.748s] GC(19)   Evacuate Collection Set: 3.4ms
[2023-03-15T11:50:42.085+0800][245793.748s] GC(19)   Post Evacuate Collection Set: 3.4ms
[2023-03-15T11:50:42.085+0800][245793.748s] GC(19)   Other: 2.2ms
[2023-03-15T11:50:42.085+0800][245793.748s] GC(19) Eden regions: 306->0(306)
[2023-03-15T11:50:42.085+0800][245793.748s] GC(19) Survivor regions: 1->1(39)
[2023-03-15T11:50:42.085+0800][245793.748s] GC(19) Old regions: 89->89
[2023-03-15T11:50:42.085+0800][245793.748s] GC(19) Archive regions: 0->0
[2023-03-15T11:50:42.085+0800][245793.748s] GC(19) Humongous regions: 7->7
[2023-03-15T11:50:42.085+0800][245793.748s] GC(19) Metaspace: 56808K(57408K)->56808K(57408K) NonClass: 50490K(50816K)->50490K(50816K) Class: 6317K(6592K)->6317K(6592K)
[2023-03-15T11:50:42.085+0800][245793.748s] GC(19) Pause Young (Normal) (G1 Evacuation Pause) 401M->95M(512M) 12.825ms
[2023-03-15T11:50:42.085+0800][245793.748s] GC(19) User=0.00s Sys=0.00s Real=0.01s
[2023-03-15T21:58:57.949+0800][282287.906s] GC(20) Pause Young (Normal) (G1 Evacuation Pause)
[2023-03-15T21:58:57.952+0800][282287.909s] GC(20) Using 10 workers of 10 for evacuation
[2023-03-15T21:58:57.960+0800][282287.917s] GC(20)   Pre Evacuate Collection Set: 0.7ms
[2023-03-15T21:58:57.960+0800][282287.918s] GC(20)   Merge Heap Roots: 0.2ms
[2023-03-15T21:58:57.961+0800][282287.918s] GC(20)   Evacuate Collection Set: 4.2ms
[2023-03-15T21:58:57.961+0800][282287.918s] GC(20)   Post Evacuate Collection Set: 2.7ms
[2023-03-15T21:58:57.961+0800][282287.918s] GC(20)   Other: 1.5ms
[2023-03-15T21:58:57.961+0800][282287.918s] GC(20) Eden regions: 306->0(306)
[2023-03-15T21:58:57.961+0800][282287.918s] GC(20) Survivor regions: 1->1(39)
[2023-03-15T21:58:57.961+0800][282287.918s] GC(20) Old regions: 89->89
[2023-03-15T21:58:57.961+0800][282287.918s] GC(20) Archive regions: 0->0
[2023-03-15T21:58:57.961+0800][282287.918s] GC(20) Humongous regions: 7->7
[2023-03-15T21:58:57.961+0800][282287.918s] GC(20) Metaspace: 56808K(57408K)->56808K(57408K) NonClass: 50490K(50816K)->50490K(50816K) Class: 6317K(6592K)->6317K(6592K)
[2023-03-15T21:58:57.961+0800][282287.918s] GC(20) Pause Young (Normal) (G1 Evacuation Pause) 401M->95M(512M) 12.571ms
[2023-03-15T21:58:57.961+0800][282287.918s] GC(20) User=0.00s Sys=0.00s Real=0.01s
