[2023-03-01T20:28:22.834+0800][0.011s] CardTable entry size: 512
[2023-03-01T20:28:22.834+0800][0.011s] Using G1
[2023-03-01T20:28:22.942+0800][0.119s] Version: 19.0.2+7-44 (release)
[2023-03-01T20:28:22.942+0800][0.120s] CPUs: 12 total, 12 available
[2023-03-01T20:28:22.942+0800][0.120s] Memory: 16251M
[2023-03-01T20:28:22.942+0800][0.120s] Large Page Support: Disabled
[2023-03-01T20:28:22.942+0800][0.120s] NUMA Support: Disabled
[2023-03-01T20:28:22.942+0800][0.120s] Compressed Oops: Enabled (32-bit)
[2023-03-01T20:28:22.942+0800][0.120s] Heap Region Size: 1M
[2023-03-01T20:28:22.942+0800][0.120s] Heap Min Capacity: 512M
[2023-03-01T20:28:22.942+0800][0.120s] Heap Initial Capacity: 512M
[2023-03-01T20:28:22.942+0800][0.120s] Heap Max Capacity: 512M
[2023-03-01T20:28:22.942+0800][0.120s] Pre-touch: Enabled
[2023-03-01T20:28:22.942+0800][0.120s] Parallel Workers: 10
[2023-03-01T20:28:22.942+0800][0.120s] Concurrent Workers: 3
[2023-03-01T20:28:22.942+0800][0.120s] Concurrent Refinement Workers: 10
[2023-03-01T20:28:22.942+0800][0.120s] Periodic GC: Disabled
[2023-03-01T20:28:22.942+0800][0.120s] CDS archive(s) mapped at: [0x0000000800000000-0x0000000800c40000-0x0000000800c40000), size 12845056, SharedBaseAddress: 0x0000000800000000, ArchiveRelocationMode: 0.
[2023-03-01T20:28:22.942+0800][0.120s] Compressed class space mapped at: 0x0000000801000000-0x0000000841000000, reserved size: 1073741824
[2023-03-01T20:28:22.943+0800][0.120s] Narrow klass base: 0x0000000800000000, Narrow klass shift: 0, Narrow klass range: 0x100000000
[2023-03-01T20:28:23.529+0800][0.706s] GC(0) Pause Young (Normal) (G1 Evacuation Pause)
[2023-03-01T20:28:23.530+0800][0.706s] GC(0) Using 10 workers of 10 for evacuation
[2023-03-01T20:28:23.532+0800][0.709s] GC(0)   Pre Evacuate Collection Set: 0.1ms
[2023-03-01T20:28:23.532+0800][0.709s] GC(0)   Merge Heap Roots: 0.0ms
[2023-03-01T20:28:23.532+0800][0.709s] GC(0)   Evacuate Collection Set: 1.9ms
[2023-03-01T20:28:23.532+0800][0.709s] GC(0)   Post Evacuate Collection Set: 0.4ms
[2023-03-01T20:28:23.532+0800][0.709s] GC(0)   Other: 0.3ms
[2023-03-01T20:28:23.532+0800][0.709s] GC(0) Eden regions: 29->0(39)
[2023-03-01T20:28:23.532+0800][0.709s] GC(0) Survivor regions: 0->4(4)
[2023-03-01T20:28:23.532+0800][0.709s] GC(0) Old regions: 0->2
[2023-03-01T20:28:23.532+0800][0.709s] GC(0) Archive regions: 0->0
[2023-03-01T20:28:23.532+0800][0.709s] GC(0) Humongous regions: 0->0
[2023-03-01T20:28:23.532+0800][0.709s] GC(0) Metaspace: 10371K(10624K)->10371K(10624K) NonClass: 9195K(9344K)->9195K(9344K) Class: 1176K(1280K)->1176K(1280K)
[2023-03-01T20:28:23.532+0800][0.709s] GC(0) Pause Young (Normal) (G1 Evacuation Pause) 29M->5M(512M) 2.880ms
[2023-03-01T20:28:23.532+0800][0.709s] GC(0) User=0.00s Sys=0.00s Real=0.00s
[2023-03-01T20:28:23.941+0800][1.119s] GC(1) Pause Young (Normal) (G1 Evacuation Pause)
[2023-03-01T20:28:23.941+0800][1.119s] GC(1) Using 10 workers of 10 for evacuation
[2023-03-01T20:28:23.946+0800][1.123s] GC(1)   Pre Evacuate Collection Set: 0.0ms
[2023-03-01T20:28:23.946+0800][1.123s] GC(1)   Merge Heap Roots: 0.0ms
[2023-03-01T20:28:23.946+0800][1.124s] GC(1)   Evacuate Collection Set: 3.8ms
[2023-03-01T20:28:23.946+0800][1.124s] GC(1)   Post Evacuate Collection Set: 0.4ms
[2023-03-01T20:28:23.946+0800][1.124s] GC(1)   Other: 0.0ms
[2023-03-01T20:28:23.946+0800][1.124s] GC(1) Eden regions: 39->0(51)
[2023-03-01T20:28:23.946+0800][1.124s] GC(1) Survivor regions: 4->6(6)
[2023-03-01T20:28:23.946+0800][1.124s] GC(1) Old regions: 2->11
[2023-03-01T20:28:23.946+0800][1.124s] GC(1) Archive regions: 0->0
[2023-03-01T20:28:23.946+0800][1.124s] GC(1) Humongous regions: 4->4
[2023-03-01T20:28:23.946+0800][1.124s] GC(1) Metaspace: 16597K(16896K)->16597K(16896K) NonClass: 14741K(14912K)->14741K(14912K) Class: 1856K(1984K)->1856K(1984K)
[2023-03-01T20:28:23.946+0800][1.124s] GC(1) Pause Young (Normal) (G1 Evacuation Pause) 48M->20M(512M) 4.495ms
[2023-03-01T20:28:23.946+0800][1.124s] GC(1) User=0.00s Sys=0.00s Real=0.01s
[2023-03-01T20:28:24.248+0800][1.426s] GC(2) Pause Young (Concurrent Start) (Metadata GC Threshold)
[2023-03-01T20:28:24.248+0800][1.426s] GC(2) Using 10 workers of 10 for evacuation
[2023-03-01T20:28:24.251+0800][1.428s] GC(2)   Pre Evacuate Collection Set: 0.1ms
[2023-03-01T20:28:24.251+0800][1.428s] GC(2)   Merge Heap Roots: 0.1ms
[2023-03-01T20:28:24.251+0800][1.428s] GC(2)   Evacuate Collection Set: 1.7ms
[2023-03-01T20:28:24.251+0800][1.428s] GC(2)   Post Evacuate Collection Set: 0.5ms
[2023-03-01T20:28:24.251+0800][1.428s] GC(2)   Other: 0.1ms
[2023-03-01T20:28:24.251+0800][1.428s] GC(2) Eden regions: 40->0(303)
[2023-03-01T20:28:24.251+0800][1.428s] GC(2) Survivor regions: 6->4(8)
[2023-03-01T20:28:24.251+0800][1.428s] GC(2) Old regions: 11->17
[2023-03-01T20:28:24.251+0800][1.428s] GC(2) Archive regions: 0->0
[2023-03-01T20:28:24.251+0800][1.428s] GC(2) Humongous regions: 4->4
[2023-03-01T20:28:24.251+0800][1.428s] GC(2) Metaspace: 21136K(21504K)->21136K(21504K) NonClass: 18835K(19008K)->18835K(19008K) Class: 2300K(2496K)->2300K(2496K)
[2023-03-01T20:28:24.251+0800][1.428s] GC(2) Pause Young (Concurrent Start) (Metadata GC Threshold) 59M->24M(512M) 2.672ms
[2023-03-01T20:28:24.251+0800][1.428s] GC(3) Concurrent Mark Cycle
[2023-03-01T20:28:24.251+0800][1.428s] GC(2) User=0.00s Sys=0.00s Real=0.00s
[2023-03-01T20:28:24.251+0800][1.428s] GC(3) Concurrent Clear Claimed Marks
[2023-03-01T20:28:24.251+0800][1.429s] GC(3) Concurrent Clear Claimed Marks 0.033ms
[2023-03-01T20:28:24.251+0800][1.429s] GC(3) Concurrent Scan Root Regions
[2023-03-01T20:28:24.252+0800][1.429s] GC(3) Concurrent Scan Root Regions 0.858ms
[2023-03-01T20:28:24.252+0800][1.429s] GC(3) Concurrent Mark
[2023-03-01T20:28:24.252+0800][1.429s] GC(3) Concurrent Mark From Roots
[2023-03-01T20:28:24.252+0800][1.429s] GC(3) Using 3 workers of 3 for marking
[2023-03-01T20:28:24.255+0800][1.433s] GC(3) Concurrent Mark From Roots 3.291ms
[2023-03-01T20:28:24.255+0800][1.433s] GC(3) Concurrent Preclean
[2023-03-01T20:28:24.255+0800][1.433s] GC(3) Concurrent Preclean 0.027ms
[2023-03-01T20:28:24.255+0800][1.433s] GC(3) Pause Remark
[2023-03-01T20:28:24.256+0800][1.434s] GC(3) Pause Remark 25M->25M(512M) 0.860ms
[2023-03-01T20:28:24.256+0800][1.434s] GC(3) User=0.00s Sys=0.00s Real=0.00s
[2023-03-01T20:28:24.256+0800][1.434s] GC(3) Concurrent Mark 4.463ms
[2023-03-01T20:28:24.256+0800][1.434s] GC(3) Concurrent Rebuild Remembered Sets
[2023-03-01T20:28:24.258+0800][1.436s] GC(3) Concurrent Rebuild Remembered Sets 1.853ms
[2023-03-01T20:28:24.258+0800][1.436s] GC(3) Pause Cleanup
[2023-03-01T20:28:24.258+0800][1.436s] GC(3) Pause Cleanup 25M->25M(512M) 0.093ms
[2023-03-01T20:28:24.258+0800][1.436s] GC(3) User=0.00s Sys=0.00s Real=0.00s
[2023-03-01T20:28:24.258+0800][1.436s] GC(3) Concurrent Cleanup for Next Mark
[2023-03-01T20:28:24.259+0800][1.437s] GC(3) Concurrent Cleanup for Next Mark 0.637ms
[2023-03-01T20:28:24.259+0800][1.437s] GC(3) Concurrent Mark Cycle 8.196ms
[2023-03-01T20:28:24.992+0800][2.169s] GC(4) Pause Young (Concurrent Start) (Metadata GC Threshold)
[2023-03-01T20:28:24.992+0800][2.170s] GC(4) Using 10 workers of 10 for evacuation
[2023-03-01T20:28:24.995+0800][2.173s] GC(4)   Pre Evacuate Collection Set: 0.1ms
[2023-03-01T20:28:24.996+0800][2.173s] GC(4)   Merge Heap Roots: 0.0ms
[2023-03-01T20:28:24.996+0800][2.173s] GC(4)   Evacuate Collection Set: 2.8ms
[2023-03-01T20:28:24.996+0800][2.173s] GC(4)   Post Evacuate Collection Set: 0.4ms
[2023-03-01T20:28:24.996+0800][2.173s] GC(4)   Other: 0.1ms
[2023-03-01T20:28:24.996+0800][2.173s] GC(4) Eden regions: 75->0(297)
[2023-03-01T20:28:24.996+0800][2.173s] GC(4) Survivor regions: 4->10(39)
[2023-03-01T20:28:24.996+0800][2.173s] GC(4) Old regions: 17->17
[2023-03-01T20:28:24.996+0800][2.173s] GC(4) Archive regions: 0->0
[2023-03-01T20:28:24.996+0800][2.173s] GC(4) Humongous regions: 4->4
[2023-03-01T20:28:24.996+0800][2.173s] GC(4) Metaspace: 35663K(36096K)->35663K(36096K) NonClass: 31644K(31872K)->31644K(31872K) Class: 4018K(4224K)->4018K(4224K)
[2023-03-01T20:28:24.996+0800][2.173s] GC(4) Pause Young (Concurrent Start) (Metadata GC Threshold) 99M->29M(512M) 3.595ms
[2023-03-01T20:28:24.996+0800][2.173s] GC(5) Concurrent Mark Cycle
[2023-03-01T20:28:24.996+0800][2.173s] GC(4) User=0.00s Sys=0.00s Real=0.00s
[2023-03-01T20:28:24.996+0800][2.173s] GC(5) Concurrent Clear Claimed Marks
[2023-03-01T20:28:24.996+0800][2.173s] GC(5) Concurrent Clear Claimed Marks 0.052ms
[2023-03-01T20:28:24.996+0800][2.173s] GC(5) Concurrent Scan Root Regions
[2023-03-01T20:28:24.997+0800][2.175s] GC(5) Concurrent Scan Root Regions 1.511ms
[2023-03-01T20:28:24.997+0800][2.175s] GC(5) Concurrent Mark
[2023-03-01T20:28:24.997+0800][2.175s] GC(5) Concurrent Mark From Roots
[2023-03-01T20:28:24.997+0800][2.175s] GC(5) Using 3 workers of 3 for marking
[2023-03-01T20:28:25.003+0800][2.180s] GC(5) Concurrent Mark From Roots 5.696ms
[2023-03-01T20:28:25.003+0800][2.181s] GC(5) Concurrent Preclean
[2023-03-01T20:28:25.003+0800][2.181s] GC(5) Concurrent Preclean 0.045ms
[2023-03-01T20:28:25.003+0800][2.181s] GC(5) Pause Remark
[2023-03-01T20:28:25.004+0800][2.182s] GC(5) Pause Remark 31M->31M(512M) 0.970ms
[2023-03-01T20:28:25.004+0800][2.182s] GC(5) User=0.00s Sys=0.00s Real=0.00s
[2023-03-01T20:28:25.004+0800][2.182s] GC(5) Concurrent Mark 6.881ms
[2023-03-01T20:28:25.004+0800][2.182s] GC(5) Concurrent Rebuild Remembered Sets
[2023-03-01T20:28:25.007+0800][2.184s] GC(5) Concurrent Rebuild Remembered Sets 2.329ms
[2023-03-01T20:28:25.007+0800][2.184s] GC(5) Pause Cleanup
[2023-03-01T20:28:25.007+0800][2.184s] GC(5) Pause Cleanup 32M->32M(512M) 0.113ms
[2023-03-01T20:28:25.007+0800][2.184s] GC(5) User=0.00s Sys=0.00s Real=0.00s
[2023-03-01T20:28:25.007+0800][2.184s] GC(5) Concurrent Cleanup for Next Mark
[2023-03-01T20:28:25.007+0800][2.185s] GC(5) Concurrent Cleanup for Next Mark 0.678ms
[2023-03-01T20:28:25.008+0800][2.185s] GC(5) Concurrent Mark Cycle 11.848ms
[2023-03-01T20:28:26.331+0800][3.509s] GC(6) Pause Young (Prepare Mixed) (G1 Evacuation Pause)
[2023-03-01T20:28:26.331+0800][3.509s] GC(6) Using 10 workers of 10 for evacuation
[2023-03-01T20:28:26.344+0800][3.521s] GC(6)   Pre Evacuate Collection Set: 0.1ms
[2023-03-01T20:28:26.344+0800][3.522s] GC(6)   Merge Heap Roots: 0.0ms
[2023-03-01T20:28:26.344+0800][3.522s] GC(6)   Evacuate Collection Set: 11.6ms
[2023-03-01T20:28:26.344+0800][3.522s] GC(6)   Post Evacuate Collection Set: 0.9ms
[2023-03-01T20:28:26.344+0800][3.522s] GC(6)   Other: 0.1ms
[2023-03-01T20:28:26.344+0800][3.522s] GC(6) Eden regions: 297->0(1)
[2023-03-01T20:28:26.344+0800][3.522s] GC(6) Survivor regions: 10->39(39)
[2023-03-01T20:28:26.344+0800][3.522s] GC(6) Old regions: 17->24
[2023-03-01T20:28:26.344+0800][3.522s] GC(6) Archive regions: 0->0
[2023-03-01T20:28:26.344+0800][3.522s] GC(6) Humongous regions: 5->4
[2023-03-01T20:28:26.344+0800][3.522s] GC(6) Metaspace: 49644K(50304K)->49644K(50304K) NonClass: 43878K(44224K)->43878K(44224K) Class: 5766K(6080K)->5766K(6080K)
[2023-03-01T20:28:26.344+0800][3.522s] GC(6) Pause Young (Prepare Mixed) (G1 Evacuation Pause) 327M->66M(512M) 12.889ms
[2023-03-01T20:28:26.344+0800][3.522s] GC(6) User=0.00s Sys=0.00s Real=0.01s
[2023-03-01T20:28:26.344+0800][3.522s] GC(7) Pause Young (Mixed) (G1 Evacuation Pause)
[2023-03-01T20:28:26.344+0800][3.522s] GC(7) Using 10 workers of 10 for evacuation
[2023-03-01T20:28:26.352+0800][3.530s] GC(7)   Pre Evacuate Collection Set: 0.0ms
[2023-03-01T20:28:26.352+0800][3.530s] GC(7)   Merge Heap Roots: 0.0ms
[2023-03-01T20:28:26.352+0800][3.530s] GC(7)   Evacuate Collection Set: 7.5ms
[2023-03-01T20:28:26.352+0800][3.530s] GC(7)   Post Evacuate Collection Set: 0.4ms
[2023-03-01T20:28:26.352+0800][3.530s] GC(7)   Other: 0.1ms
[2023-03-01T20:28:26.352+0800][3.530s] GC(7) Eden regions: 1->0(272)
[2023-03-01T20:28:26.352+0800][3.530s] GC(7) Survivor regions: 39->2(5)
[2023-03-01T20:28:26.352+0800][3.530s] GC(7) Old regions: 24->63
[2023-03-01T20:28:26.352+0800][3.530s] GC(7) Archive regions: 0->0
[2023-03-01T20:28:26.352+0800][3.530s] GC(7) Humongous regions: 4->4
[2023-03-01T20:28:26.352+0800][3.530s] GC(7) Metaspace: 49644K(50304K)->49644K(50304K) NonClass: 43878K(44224K)->43878K(44224K) Class: 5766K(6080K)->5766K(6080K)
[2023-03-01T20:28:26.352+0800][3.530s] GC(7) Pause Young (Mixed) (G1 Evacuation Pause) 67M->68M(512M) 8.229ms
[2023-03-01T20:28:26.352+0800][3.530s] GC(7) User=0.14s Sys=0.00s Real=0.01s
[2023-03-01T21:33:27.560+0800][3904.737s] GC(8) Pause Young (Normal) (G1 Evacuation Pause)
[2023-03-01T21:33:27.560+0800][3904.737s] GC(8) Using 10 workers of 10 for evacuation
[2023-03-01T21:33:27.590+0800][3904.767s] GC(8)   Pre Evacuate Collection Set: 1.2ms
[2023-03-01T21:33:27.590+0800][3904.767s] GC(8)   Merge Heap Roots: 0.1ms
[2023-03-01T21:33:27.590+0800][3904.767s] GC(8)   Evacuate Collection Set: 26.9ms
[2023-03-01T21:33:27.590+0800][3904.767s] GC(8)   Post Evacuate Collection Set: 1.0ms
[2023-03-01T21:33:27.590+0800][3904.767s] GC(8)   Other: 0.1ms
[2023-03-01T21:33:27.590+0800][3904.767s] GC(8) Eden regions: 272->0(262)
[2023-03-01T21:33:27.590+0800][3904.767s] GC(8) Survivor regions: 2->25(35)
[2023-03-01T21:33:27.590+0800][3904.767s] GC(8) Old regions: 63->63
[2023-03-01T21:33:27.590+0800][3904.767s] GC(8) Archive regions: 0->0
[2023-03-01T21:33:27.590+0800][3904.767s] GC(8) Humongous regions: 4->4
[2023-03-01T21:33:27.590+0800][3904.767s] GC(8) Metaspace: 51456K(52032K)->51456K(52032K) NonClass: 45529K(45824K)->45529K(45824K) Class: 5927K(6208K)->5927K(6208K)
[2023-03-01T21:33:27.590+0800][3904.767s] GC(8) Pause Young (Normal) (G1 Evacuation Pause) 340M->91M(512M) 29.642ms
[2023-03-01T21:33:27.590+0800][3904.767s] GC(8) User=0.08s Sys=0.23s Real=0.03s
[2023-03-01T23:55:33.599+0800][12430.776s] GC(9) Pause Young (Normal) (G1 Evacuation Pause)
[2023-03-01T23:55:33.602+0800][12430.779s] GC(9) Using 10 workers of 10 for evacuation
[2023-03-01T23:55:33.625+0800][12430.802s] GC(9)   Pre Evacuate Collection Set: 1.3ms
[2023-03-01T23:55:33.625+0800][12430.802s] GC(9)   Merge Heap Roots: 0.2ms
[2023-03-01T23:55:33.625+0800][12430.802s] GC(9)   Evacuate Collection Set: 18.0ms
[2023-03-01T23:55:33.625+0800][12430.802s] GC(9)   Post Evacuate Collection Set: 3.0ms
[2023-03-01T23:55:33.625+0800][12430.802s] GC(9)   Other: 1.8ms
[2023-03-01T23:55:33.625+0800][12430.803s] GC(9) Eden regions: 262->0(288)
[2023-03-01T23:55:33.625+0800][12430.803s] GC(9) Survivor regions: 25->3(36)
[2023-03-01T23:55:33.625+0800][12430.803s] GC(9) Old regions: 63->88
[2023-03-01T23:55:33.625+0800][12430.803s] GC(9) Archive regions: 0->0
[2023-03-01T23:55:33.625+0800][12430.803s] GC(9) Humongous regions: 4->4
[2023-03-01T23:55:33.625+0800][12430.803s] GC(9) Metaspace: 51552K(52160K)->51552K(52160K) NonClass: 45623K(45952K)->45623K(45952K) Class: 5928K(6208K)->5928K(6208K)
[2023-03-01T23:55:33.625+0800][12430.803s] GC(9) Pause Young (Normal) (G1 Evacuation Pause) 353M->94M(512M) 27.051ms
[2023-03-01T23:55:33.626+0800][12430.803s] GC(9) User=0.05s Sys=0.09s Real=0.03s
[2023-03-02T12:24:19.572+0800][57356.768s] GC(10) Pause Young (Normal) (G1 Evacuation Pause)
[2023-03-02T12:24:19.576+0800][57356.772s] GC(10) Using 10 workers of 10 for evacuation
[2023-03-02T12:24:19.597+0800][57356.793s] GC(10)   Pre Evacuate Collection Set: 3.0ms
[2023-03-02T12:24:19.597+0800][57356.793s] GC(10)   Merge Heap Roots: 0.5ms
[2023-03-02T12:24:19.597+0800][57356.793s] GC(10)   Evacuate Collection Set: 11.9ms
[2023-03-02T12:24:19.597+0800][57356.793s] GC(10)   Post Evacuate Collection Set: 3.7ms
[2023-03-02T12:24:19.597+0800][57356.793s] GC(10)   Other: 3.6ms
[2023-03-02T12:24:19.597+0800][57356.793s] GC(10) Eden regions: 288->0(305)
[2023-03-02T12:24:19.597+0800][57356.793s] GC(10) Survivor regions: 3->1(37)
[2023-03-02T12:24:19.597+0800][57356.793s] GC(10) Old regions: 88->88
[2023-03-02T12:24:19.597+0800][57356.793s] GC(10) Archive regions: 0->0
[2023-03-02T12:24:19.597+0800][57356.793s] GC(10) Humongous regions: 4->4
[2023-03-02T12:24:19.598+0800][57356.793s] GC(10) Metaspace: 51589K(52224K)->51589K(52224K) NonClass: 45660K(46016K)->45660K(46016K) Class: 5928K(6208K)->5928K(6208K)
[2023-03-02T12:24:19.598+0800][57356.793s] GC(10) Pause Young (Normal) (G1 Evacuation Pause) 382M->92M(512M) 26.174ms
[2023-03-02T12:24:19.598+0800][57356.794s] GC(10) User=0.00s Sys=0.02s Real=0.03s
[2023-03-02T15:10:26.328+0800][67323.524s] GC(11) Pause Young (Normal) (G1 Evacuation Pause)
[2023-03-02T15:10:26.329+0800][67323.525s] GC(11) Using 10 workers of 10 for evacuation
[2023-03-02T15:10:26.338+0800][67323.534s] GC(11)   Pre Evacuate Collection Set: 2.3ms
[2023-03-02T15:10:26.338+0800][67323.534s] GC(11)   Merge Heap Roots: 0.8ms
[2023-03-02T15:10:26.338+0800][67323.534s] GC(11)   Evacuate Collection Set: 2.1ms
[2023-03-02T15:10:26.338+0800][67323.534s] GC(11)   Post Evacuate Collection Set: 1.0ms
[2023-03-02T15:10:26.338+0800][67323.534s] GC(11)   Other: 3.1ms
[2023-03-02T15:10:26.338+0800][67323.534s] GC(11) Eden regions: 305->0(306)
[2023-03-02T15:10:26.338+0800][67323.534s] GC(11) Survivor regions: 1->1(39)
[2023-03-02T15:10:26.338+0800][67323.534s] GC(11) Old regions: 88->88
[2023-03-02T15:10:26.338+0800][67323.534s] GC(11) Archive regions: 0->0
[2023-03-02T15:10:26.338+0800][67323.534s] GC(11) Humongous regions: 4->4
[2023-03-02T15:10:26.338+0800][67323.534s] GC(11) Metaspace: 51633K(52288K)->51633K(52288K) NonClass: 45705K(46080K)->45705K(46080K) Class: 5928K(6208K)->5928K(6208K)
[2023-03-02T15:10:26.338+0800][67323.534s] GC(11) Pause Young (Normal) (G1 Evacuation Pause) 397M->91M(512M) 10.276ms
[2023-03-02T15:10:26.338+0800][67323.534s] GC(11) User=0.00s Sys=0.02s Real=0.01s
[2023-03-02T17:56:32.916+0800][77290.112s] GC(12) Pause Young (Normal) (G1 Evacuation Pause)
[2023-03-02T17:56:32.917+0800][77290.112s] GC(12) Using 10 workers of 10 for evacuation
[2023-03-02T17:56:32.920+0800][77290.115s] GC(12)   Pre Evacuate Collection Set: 0.4ms
[2023-03-02T17:56:32.920+0800][77290.115s] GC(12)   Merge Heap Roots: 0.5ms
[2023-03-02T17:56:32.920+0800][77290.115s] GC(12)   Evacuate Collection Set: 1.3ms
[2023-03-02T17:56:32.920+0800][77290.115s] GC(12)   Post Evacuate Collection Set: 0.9ms
[2023-03-02T17:56:32.920+0800][77290.115s] GC(12)   Other: 0.3ms
[2023-03-02T17:56:32.920+0800][77290.115s] GC(12) Eden regions: 306->0(306)
[2023-03-02T17:56:32.920+0800][77290.115s] GC(12) Survivor regions: 1->1(39)
[2023-03-02T17:56:32.920+0800][77290.115s] GC(12) Old regions: 88->88
[2023-03-02T17:56:32.920+0800][77290.115s] GC(12) Archive regions: 0->0
[2023-03-02T17:56:32.920+0800][77290.115s] GC(12) Humongous regions: 4->4
[2023-03-02T17:56:32.920+0800][77290.115s] GC(12) Metaspace: 51633K(52288K)->51633K(52288K) NonClass: 45705K(46080K)->45705K(46080K) Class: 5928K(6208K)->5928K(6208K)
[2023-03-02T17:56:32.920+0800][77290.116s] GC(12) Pause Young (Normal) (G1 Evacuation Pause) 397M->91M(512M) 3.963ms
[2023-03-02T17:56:32.920+0800][77290.116s] GC(12) User=0.00s Sys=0.00s Real=0.00s
[2023-03-02T22:43:34.472+0800][94511.686s] GC(13) Pause Young (Normal) (G1 Evacuation Pause)
[2023-03-02T22:43:34.473+0800][94511.686s] GC(13) Using 10 workers of 10 for evacuation
[2023-03-02T22:43:34.476+0800][94511.690s] GC(13)   Pre Evacuate Collection Set: 0.4ms
[2023-03-02T22:43:34.476+0800][94511.690s] GC(13)   Merge Heap Roots: 0.2ms
[2023-03-02T22:43:34.476+0800][94511.690s] GC(13)   Evacuate Collection Set: 1.6ms
[2023-03-02T22:43:34.476+0800][94511.690s] GC(13)   Post Evacuate Collection Set: 1.0ms
[2023-03-02T22:43:34.476+0800][94511.690s] GC(13)   Other: 0.2ms
[2023-03-02T22:43:34.476+0800][94511.690s] GC(13) Eden regions: 306->0(306)
[2023-03-02T22:43:34.476+0800][94511.690s] GC(13) Survivor regions: 1->1(39)
[2023-03-02T22:43:34.476+0800][94511.690s] GC(13) Old regions: 88->88
[2023-03-02T22:43:34.476+0800][94511.690s] GC(13) Archive regions: 0->0
[2023-03-02T22:43:34.476+0800][94511.690s] GC(13) Humongous regions: 4->4
[2023-03-02T22:43:34.476+0800][94511.690s] GC(13) Metaspace: 51633K(52288K)->51633K(52288K) NonClass: 45705K(46080K)->45705K(46080K) Class: 5928K(6208K)->5928K(6208K)
[2023-03-02T22:43:34.476+0800][94511.690s] GC(13) Pause Young (Normal) (G1 Evacuation Pause) 397M->91M(512M) 3.828ms
[2023-03-02T22:43:34.476+0800][94511.690s] GC(13) User=0.00s Sys=0.00s Real=0.00s
[2023-03-03T01:30:42.402+0800][104539.615s] GC(14) Pause Young (Normal) (G1 Evacuation Pause)
[2023-03-03T01:30:42.405+0800][104539.619s] GC(14) Using 10 workers of 10 for evacuation
[2023-03-03T01:30:42.425+0800][104539.639s] GC(14)   Pre Evacuate Collection Set: 1.2ms
[2023-03-03T01:30:42.425+0800][104539.639s] GC(14)   Merge Heap Roots: 0.1ms
[2023-03-03T01:30:42.425+0800][104539.639s] GC(14)   Evacuate Collection Set: 13.3ms
[2023-03-03T01:30:42.425+0800][104539.639s] GC(14)   Post Evacuate Collection Set: 4.3ms
[2023-03-03T01:30:42.425+0800][104539.639s] GC(14)   Other: 1.9ms
[2023-03-03T01:30:42.425+0800][104539.639s] GC(14) Eden regions: 306->0(306)
[2023-03-03T01:30:42.425+0800][104539.639s] GC(14) Survivor regions: 1->1(39)
[2023-03-03T01:30:42.425+0800][104539.639s] GC(14) Old regions: 88->88
[2023-03-03T01:30:42.425+0800][104539.639s] GC(14) Archive regions: 0->0
[2023-03-03T01:30:42.425+0800][104539.639s] GC(14) Humongous regions: 4->4
[2023-03-03T01:30:42.426+0800][104539.639s] GC(14) Metaspace: 51633K(52288K)->51633K(52288K) NonClass: 45705K(46080K)->45705K(46080K) Class: 5928K(6208K)->5928K(6208K)
[2023-03-03T01:30:42.426+0800][104539.640s] GC(14) Pause Young (Normal) (G1 Evacuation Pause) 397M->91M(512M) 24.637ms
[2023-03-03T01:30:42.426+0800][104539.640s] GC(14) User=0.00s Sys=0.02s Real=0.03s
[2023-03-03T13:28:01.193+0800][147578.443s] GC(15) Pause Young (Normal) (G1 Evacuation Pause)
[2023-03-03T13:28:01.193+0800][147578.444s] GC(15) Using 10 workers of 10 for evacuation
[2023-03-03T13:28:01.197+0800][147578.447s] GC(15)   Pre Evacuate Collection Set: 0.5ms
[2023-03-03T13:28:01.197+0800][147578.447s] GC(15)   Merge Heap Roots: 0.3ms
[2023-03-03T13:28:01.197+0800][147578.447s] GC(15)   Evacuate Collection Set: 1.1ms
[2023-03-03T13:28:01.197+0800][147578.447s] GC(15)   Post Evacuate Collection Set: 1.0ms
[2023-03-03T13:28:01.197+0800][147578.447s] GC(15)   Other: 0.3ms
[2023-03-03T13:28:01.197+0800][147578.447s] GC(15) Eden regions: 306->0(306)
[2023-03-03T13:28:01.197+0800][147578.447s] GC(15) Survivor regions: 1->1(39)
[2023-03-03T13:28:01.197+0800][147578.447s] GC(15) Old regions: 88->88
[2023-03-03T13:28:01.197+0800][147578.447s] GC(15) Archive regions: 0->0
[2023-03-03T13:28:01.197+0800][147578.447s] GC(15) Humongous regions: 4->4
[2023-03-03T13:28:01.197+0800][147578.447s] GC(15) Metaspace: 51633K(52288K)->51633K(52288K) NonClass: 45705K(46080K)->45705K(46080K) Class: 5928K(6208K)->5928K(6208K)
[2023-03-03T13:28:01.197+0800][147578.447s] GC(15) Pause Young (Normal) (G1 Evacuation Pause) 397M->91M(512M) 3.387ms
[2023-03-03T13:28:01.197+0800][147578.447s] GC(15) User=0.00s Sys=0.00s Real=0.00s
[2023-03-03T16:15:07.810+0800][157605.060s] GC(16) Pause Young (Normal) (G1 Evacuation Pause)
[2023-03-03T16:15:07.810+0800][157605.060s] GC(16) Using 10 workers of 10 for evacuation
[2023-03-03T16:15:07.813+0800][157605.063s] GC(16)   Pre Evacuate Collection Set: 0.5ms
[2023-03-03T16:15:07.813+0800][157605.063s] GC(16)   Merge Heap Roots: 0.3ms
[2023-03-03T16:15:07.813+0800][157605.063s] GC(16)   Evacuate Collection Set: 1.6ms
[2023-03-03T16:15:07.813+0800][157605.063s] GC(16)   Post Evacuate Collection Set: 1.0ms
[2023-03-03T16:15:07.813+0800][157605.063s] GC(16)   Other: 0.2ms
[2023-03-03T16:15:07.813+0800][157605.063s] GC(16) Eden regions: 306->0(306)
[2023-03-03T16:15:07.813+0800][157605.063s] GC(16) Survivor regions: 1->1(39)
[2023-03-03T16:15:07.813+0800][157605.064s] GC(16) Old regions: 88->88
[2023-03-03T16:15:07.813+0800][157605.064s] GC(16) Archive regions: 0->0
[2023-03-03T16:15:07.813+0800][157605.064s] GC(16) Humongous regions: 4->4
[2023-03-03T16:15:07.813+0800][157605.064s] GC(16) Metaspace: 51634K(52288K)->51634K(52288K) NonClass: 45705K(46080K)->45705K(46080K) Class: 5928K(6208K)->5928K(6208K)
[2023-03-03T16:15:07.813+0800][157605.064s] GC(16) Pause Young (Normal) (G1 Evacuation Pause) 397M->91M(512M) 3.873ms
[2023-03-03T16:15:07.813+0800][157605.064s] GC(16) User=0.00s Sys=0.00s Real=0.00s
[2023-03-03T19:02:14.292+0800][167631.543s] GC(17) Pause Young (Normal) (G1 Evacuation Pause)
[2023-03-03T19:02:14.292+0800][167631.543s] GC(17) Using 10 workers of 10 for evacuation
[2023-03-03T19:02:14.296+0800][167631.547s] GC(17)   Pre Evacuate Collection Set: 0.4ms
[2023-03-03T19:02:14.298+0800][167631.547s] GC(17)   Merge Heap Roots: 0.2ms
[2023-03-03T19:02:14.298+0800][167631.547s] GC(17)   Evacuate Collection Set: 1.2ms
[2023-03-03T19:02:14.298+0800][167631.547s] GC(17)   Post Evacuate Collection Set: 2.4ms
[2023-03-03T19:02:14.298+0800][167631.547s] GC(17)   Other: 0.2ms
[2023-03-03T19:02:14.298+0800][167631.547s] GC(17) Eden regions: 306->0(306)
[2023-03-03T19:02:14.298+0800][167631.548s] GC(17) Survivor regions: 1->1(39)
[2023-03-03T19:02:14.298+0800][167631.548s] GC(17) Old regions: 88->88
[2023-03-03T19:02:14.298+0800][167631.548s] GC(17) Archive regions: 0->0
[2023-03-03T19:02:14.298+0800][167631.548s] GC(17) Humongous regions: 4->4
[2023-03-03T19:02:14.298+0800][167631.548s] GC(17) Metaspace: 51635K(52288K)->51635K(52288K) NonClass: 45706K(46080K)->45706K(46080K) Class: 5928K(6208K)->5928K(6208K)
[2023-03-03T19:02:14.298+0800][167631.548s] GC(17) Pause Young (Normal) (G1 Evacuation Pause) 397M->91M(512M) 4.835ms
[2023-03-03T19:02:14.298+0800][167631.548s] GC(17) User=0.00s Sys=0.00s Real=0.01s
[2023-03-03T21:49:20.873+0800][177658.123s] GC(18) Pause Young (Normal) (G1 Evacuation Pause)
[2023-03-03T21:49:20.873+0800][177658.123s] GC(18) Using 10 workers of 10 for evacuation
[2023-03-03T21:49:20.876+0800][177658.126s] GC(18)   Pre Evacuate Collection Set: 0.4ms
[2023-03-03T21:49:20.876+0800][177658.126s] GC(18)   Merge Heap Roots: 0.2ms
[2023-03-03T21:49:20.876+0800][177658.126s] GC(18)   Evacuate Collection Set: 1.2ms
[2023-03-03T21:49:20.876+0800][177658.126s] GC(18)   Post Evacuate Collection Set: 0.9ms
[2023-03-03T21:49:20.876+0800][177658.126s] GC(18)   Other: 0.3ms
[2023-03-03T21:49:20.876+0800][177658.126s] GC(18) Eden regions: 306->0(306)
[2023-03-03T21:49:20.876+0800][177658.127s] GC(18) Survivor regions: 1->1(39)
[2023-03-03T21:49:20.876+0800][177658.127s] GC(18) Old regions: 88->88
[2023-03-03T21:49:20.876+0800][177658.127s] GC(18) Archive regions: 0->0
[2023-03-03T21:49:20.876+0800][177658.127s] GC(18) Humongous regions: 4->4
[2023-03-03T21:49:20.876+0800][177658.127s] GC(18) Metaspace: 51635K(52288K)->51635K(52288K) NonClass: 45707K(46080K)->45707K(46080K) Class: 5928K(6208K)->5928K(6208K)
[2023-03-03T21:49:20.876+0800][177658.127s] GC(18) Pause Young (Normal) (G1 Evacuation Pause) 397M->91M(512M) 3.379ms
[2023-03-03T21:49:20.876+0800][177658.127s] GC(18) User=0.00s Sys=0.00s Real=0.00s
[2023-03-04T00:36:27.891+0800][187685.141s] GC(19) Pause Young (Normal) (G1 Evacuation Pause)
[2023-03-04T00:36:27.894+0800][187685.144s] GC(19) Using 10 workers of 10 for evacuation
[2023-03-04T00:36:27.915+0800][187685.165s] GC(19)   Pre Evacuate Collection Set: 1.8ms
[2023-03-04T00:36:27.915+0800][187685.165s] GC(19)   Merge Heap Roots: 0.1ms
[2023-03-04T00:36:27.915+0800][187685.166s] GC(19)   Evacuate Collection Set: 13.6ms
[2023-03-04T00:36:27.915+0800][187685.166s] GC(19)   Post Evacuate Collection Set: 4.4ms
[2023-03-04T00:36:27.915+0800][187685.166s] GC(19)   Other: 2.4ms
[2023-03-04T00:36:27.915+0800][187685.166s] GC(19) Eden regions: 306->0(306)
[2023-03-04T00:36:27.915+0800][187685.166s] GC(19) Survivor regions: 1->1(39)
[2023-03-04T00:36:27.915+0800][187685.166s] GC(19) Old regions: 88->88
[2023-03-04T00:36:27.915+0800][187685.166s] GC(19) Archive regions: 0->0
[2023-03-04T00:36:27.915+0800][187685.166s] GC(19) Humongous regions: 4->4
[2023-03-04T00:36:27.916+0800][187685.166s] GC(19) Metaspace: 51635K(52288K)->51635K(52288K) NonClass: 45707K(46080K)->45707K(46080K) Class: 5928K(6208K)->5928K(6208K)
[2023-03-04T00:36:27.916+0800][187685.166s] GC(19) Pause Young (Normal) (G1 Evacuation Pause) 397M->91M(512M) 25.535ms
[2023-03-04T00:36:27.916+0800][187685.166s] GC(19) User=0.02s Sys=0.03s Real=0.03s
