[2023-03-19T22:30:49.762+0800][0.033s] CardTable entry size: 512
[2023-03-19T22:30:49.762+0800][0.033s] Using G1
[2023-03-19T22:30:50.949+0800][1.220s] Version: 19.0.2+7-44 (release)
[2023-03-19T22:30:50.950+0800][1.220s] CPUs: 4 total, 4 available
[2023-03-19T22:30:50.950+0800][1.220s] Memory: 8192M
[2023-03-19T22:30:50.950+0800][1.220s] Large Page Support: Disabled
[2023-03-19T22:30:50.950+0800][1.220s] NUMA Support: Disabled
[2023-03-19T22:30:50.950+0800][1.220s] Compressed Oops: Enabled (Zero based)
[2023-03-19T22:30:50.950+0800][1.220s] Heap Region Size: 1M
[2023-03-19T22:30:50.950+0800][1.220s] Heap Min Capacity: 512M
[2023-03-19T22:30:50.950+0800][1.220s] Heap Initial Capacity: 512M
[2023-03-19T22:30:50.950+0800][1.220s] Heap Max Capacity: 512M
[2023-03-19T22:30:50.950+0800][1.220s] Pre-touch: Enabled
[2023-03-19T22:30:50.950+0800][1.220s] Parallel Workers: 4
[2023-03-19T22:30:50.950+0800][1.221s] Concurrent Workers: 1
[2023-03-19T22:30:50.950+0800][1.221s] Concurrent Refinement Workers: 4
[2023-03-19T22:30:50.950+0800][1.221s] Periodic GC: Disabled
[2023-03-19T22:30:50.952+0800][1.222s] CDS archive(s) mapped at: [0x0000000800000000-0x0000000800c48000-0x0000000800c48000), size 12877824, SharedBaseAddress: 0x0000000800000000, ArchiveRelocationMode: 0.
[2023-03-19T22:30:50.952+0800][1.222s] Compressed class space mapped at: 0x0000000801000000-0x0000000841000000, reserved size: 1073741824
[2023-03-19T22:30:50.952+0800][1.222s] Narrow klass base: 0x0000000800000000, Narrow klass shift: 0, Narrow klass range: 0x100000000
[2023-03-19T22:30:55.022+0800][5.292s] GC(0) Pause Young (Normal) (G1 Evacuation Pause)
[2023-03-19T22:30:55.022+0800][5.293s] GC(0) Using 4 workers of 4 for evacuation
[2023-03-19T22:30:55.030+0800][5.300s] GC(0)   Pre Evacuate Collection Set: 0.1ms
[2023-03-19T22:30:55.030+0800][5.300s] GC(0)   Merge Heap Roots: 0.2ms
[2023-03-19T22:30:55.030+0800][5.300s] GC(0)   Evacuate Collection Set: 5.9ms
[2023-03-19T22:30:55.030+0800][5.300s] GC(0)   Post Evacuate Collection Set: 0.9ms
[2023-03-19T22:30:55.030+0800][5.301s] GC(0)   Other: 0.5ms
[2023-03-19T22:30:55.030+0800][5.301s] GC(0) Eden regions: 25->0(40)
[2023-03-19T22:30:55.030+0800][5.301s] GC(0) Survivor regions: 0->4(4)
[2023-03-19T22:30:55.030+0800][5.301s] GC(0) Old regions: 0->0
[2023-03-19T22:30:55.030+0800][5.301s] GC(0) Archive regions: 2->2
[2023-03-19T22:30:55.030+0800][5.301s] GC(0) Humongous regions: 0->0
[2023-03-19T22:30:55.030+0800][5.301s] GC(0) Metaspace: 9553K(9856K)->9553K(9856K) NonClass: 8470K(8640K)->8470K(8640K) Class: 1082K(1216K)->1082K(1216K)
[2023-03-19T22:30:55.030+0800][5.301s] GC(0) Pause Young (Normal) (G1 Evacuation Pause) 25M->4M(512M) 8.547ms
[2023-03-19T22:30:55.030+0800][5.301s] GC(0) User=0.02s Sys=0.00s Real=0.01s
[2023-03-19T22:30:57.035+0800][7.305s] GC(1) Pause Young (Normal) (G1 Evacuation Pause)
[2023-03-19T22:30:57.035+0800][7.305s] GC(1) Using 4 workers of 4 for evacuation
[2023-03-19T22:30:57.076+0800][7.346s] GC(1)   Pre Evacuate Collection Set: 0.1ms
[2023-03-19T22:30:57.076+0800][7.346s] GC(1)   Merge Heap Roots: 0.1ms
[2023-03-19T22:30:57.076+0800][7.346s] GC(1)   Evacuate Collection Set: 38.8ms
[2023-03-19T22:30:57.076+0800][7.346s] GC(1)   Post Evacuate Collection Set: 1.8ms
[2023-03-19T22:30:57.076+0800][7.346s] GC(1)   Other: 0.1ms
[2023-03-19T22:30:57.076+0800][7.346s] GC(1) Eden regions: 40->0(37)
[2023-03-19T22:30:57.076+0800][7.346s] GC(1) Survivor regions: 4->6(6)
[2023-03-19T22:30:57.076+0800][7.347s] GC(1) Old regions: 0->10
[2023-03-19T22:30:57.076+0800][7.347s] GC(1) Archive regions: 2->2
[2023-03-19T22:30:57.076+0800][7.347s] GC(1) Humongous regions: 4->4
[2023-03-19T22:30:57.076+0800][7.347s] GC(1) Metaspace: 16441K(16768K)->16441K(16768K) NonClass: 14576K(14784K)->14576K(14784K) Class: 1864K(1984K)->1864K(1984K)
[2023-03-19T22:30:57.076+0800][7.347s] GC(1) Pause Young (Normal) (G1 Evacuation Pause) 48M->20M(512M) 41.407ms
[2023-03-19T22:30:57.076+0800][7.347s] GC(1) User=0.06s Sys=0.02s Real=0.04s
[2023-03-19T22:30:58.174+0800][8.444s] GC(2) Pause Young (Normal) (G1 Evacuation Pause)
[2023-03-19T22:30:58.174+0800][8.445s] GC(2) Using 4 workers of 4 for evacuation
[2023-03-19T22:30:58.191+0800][8.461s] GC(2)   Pre Evacuate Collection Set: 0.1ms
[2023-03-19T22:30:58.191+0800][8.461s] GC(2)   Merge Heap Roots: 0.1ms
[2023-03-19T22:30:58.191+0800][8.461s] GC(2)   Evacuate Collection Set: 14.6ms
[2023-03-19T22:30:58.191+0800][8.461s] GC(2)   Post Evacuate Collection Set: 1.4ms
[2023-03-19T22:30:58.191+0800][8.461s] GC(2)   Other: 0.2ms
[2023-03-19T22:30:58.191+0800][8.461s] GC(2) Eden regions: 37->0(68)
[2023-03-19T22:30:58.191+0800][8.461s] GC(2) Survivor regions: 6->5(6)
[2023-03-19T22:30:58.191+0800][8.461s] GC(2) Old regions: 10->16
[2023-03-19T22:30:58.191+0800][8.461s] GC(2) Archive regions: 2->2
[2023-03-19T22:30:58.191+0800][8.461s] GC(2) Humongous regions: 4->4
[2023-03-19T22:30:58.191+0800][8.461s] GC(2) Metaspace: 21162K(21504K)->21162K(21504K) NonClass: 18834K(19008K)->18834K(19008K) Class: 2328K(2496K)->2328K(2496K)
[2023-03-19T22:30:58.191+0800][8.461s] GC(2) Pause Young (Normal) (G1 Evacuation Pause) 57M->24M(512M) 16.777ms
[2023-03-19T22:30:58.191+0800][8.461s] GC(2) User=0.03s Sys=0.01s Real=0.02s
[2023-03-19T22:30:58.192+0800][8.462s] GC(3) Pause Young (Concurrent Start) (Metadata GC Threshold)
[2023-03-19T22:30:58.192+0800][8.462s] GC(3) Using 4 workers of 4 for evacuation
[2023-03-19T22:30:58.199+0800][8.470s] GC(3)   Pre Evacuate Collection Set: 0.6ms
[2023-03-19T22:30:58.200+0800][8.470s] GC(3)   Merge Heap Roots: 0.5ms
[2023-03-19T22:30:58.200+0800][8.470s] GC(3)   Evacuate Collection Set: 4.0ms
[2023-03-19T22:30:58.200+0800][8.470s] GC(3)   Post Evacuate Collection Set: 1.8ms
[2023-03-19T22:30:58.200+0800][8.470s] GC(3)   Other: 0.3ms
[2023-03-19T22:30:58.200+0800][8.470s] GC(3) Eden regions: 1->0(136)
[2023-03-19T22:30:58.200+0800][8.470s] GC(3) Survivor regions: 5->4(10)
[2023-03-19T22:30:58.200+0800][8.470s] GC(3) Old regions: 16->16
[2023-03-19T22:30:58.200+0800][8.470s] GC(3) Archive regions: 2->2
[2023-03-19T22:30:58.200+0800][8.470s] GC(3) Humongous regions: 4->4
[2023-03-19T22:30:58.200+0800][8.470s] GC(3) Metaspace: 21166K(21504K)->21166K(21504K) NonClass: 18838K(19008K)->18838K(19008K) Class: 2328K(2496K)->2328K(2496K)
[2023-03-19T22:30:58.200+0800][8.470s] GC(3) Pause Young (Concurrent Start) (Metadata GC Threshold) 25M->24M(512M) 7.835ms
[2023-03-19T22:30:58.200+0800][8.470s] GC(3) User=0.00s Sys=0.00s Real=0.01s
[2023-03-19T22:30:58.200+0800][8.471s] GC(4) Concurrent Mark Cycle
[2023-03-19T22:30:58.200+0800][8.471s] GC(4) Concurrent Clear Claimed Marks
[2023-03-19T22:30:58.200+0800][8.471s] GC(4) Concurrent Clear Claimed Marks 0.039ms
[2023-03-19T22:30:58.200+0800][8.471s] GC(4) Concurrent Scan Root Regions
[2023-03-19T22:30:58.204+0800][8.474s] GC(4) Concurrent Scan Root Regions 3.493ms
[2023-03-19T22:30:58.204+0800][8.474s] GC(4) Concurrent Mark
[2023-03-19T22:30:58.204+0800][8.474s] GC(4) Concurrent Mark From Roots
[2023-03-19T22:30:58.204+0800][8.474s] GC(4) Using 1 workers of 1 for marking
[2023-03-19T22:30:58.270+0800][8.541s] GC(4) Concurrent Mark From Roots 66.455ms
[2023-03-19T22:30:58.271+0800][8.541s] GC(4) Concurrent Preclean
[2023-03-19T22:30:58.271+0800][8.541s] GC(4) Concurrent Preclean 0.171ms
[2023-03-19T22:30:58.271+0800][8.541s] GC(4) Pause Remark
[2023-03-19T22:30:58.273+0800][8.544s] GC(4) Pause Remark 26M->26M(512M) 2.205ms
[2023-03-19T22:30:58.273+0800][8.544s] GC(4) User=0.01s Sys=0.00s Real=0.00s
[2023-03-19T22:30:58.273+0800][8.544s] GC(4) Concurrent Mark 69.459ms
[2023-03-19T22:30:58.273+0800][8.544s] GC(4) Concurrent Rebuild Remembered Sets
[2023-03-19T22:30:58.297+0800][8.567s] GC(4) Concurrent Rebuild Remembered Sets 23.392ms
[2023-03-19T22:30:58.297+0800][8.567s] GC(4) Pause Cleanup
[2023-03-19T22:30:58.297+0800][8.568s] GC(4) Pause Cleanup 26M->26M(512M) 0.144ms
[2023-03-19T22:30:58.297+0800][8.568s] GC(4) User=0.00s Sys=0.00s Real=0.00s
[2023-03-19T22:30:58.298+0800][8.568s] GC(4) Concurrent Cleanup for Next Mark
[2023-03-19T22:30:58.301+0800][8.571s] GC(4) Concurrent Cleanup for Next Mark 2.966ms
[2023-03-19T22:30:58.301+0800][8.571s] GC(4) Concurrent Mark Cycle 100.627ms
[2023-03-19T22:31:03.275+0800][13.545s] GC(5) Pause Young (Prepare Mixed) (Metadata GC Threshold)
[2023-03-19T22:31:03.275+0800][13.545s] GC(5) Using 4 workers of 4 for evacuation
[2023-03-19T22:31:03.299+0800][13.569s] GC(5)   Pre Evacuate Collection Set: 0.1ms
[2023-03-19T22:31:03.299+0800][13.569s] GC(5)   Merge Heap Roots: 0.1ms
[2023-03-19T22:31:03.299+0800][13.569s] GC(5)   Evacuate Collection Set: 21.9ms
[2023-03-19T22:31:03.299+0800][13.569s] GC(5)   Post Evacuate Collection Set: 1.6ms
[2023-03-19T22:31:03.299+0800][13.569s] GC(5)   Other: 0.1ms
[2023-03-19T22:31:03.299+0800][13.569s] GC(5) Eden regions: 71->0(15)
[2023-03-19T22:31:03.299+0800][13.569s] GC(5) Survivor regions: 4->10(20)
[2023-03-19T22:31:03.299+0800][13.569s] GC(5) Old regions: 16->16
[2023-03-19T22:31:03.299+0800][13.569s] GC(5) Archive regions: 2->2
[2023-03-19T22:31:03.299+0800][13.569s] GC(5) Humongous regions: 4->4
[2023-03-19T22:31:03.299+0800][13.570s] GC(5) Metaspace: 36015K(36480K)->36015K(36480K) NonClass: 31913K(32128K)->31913K(32128K) Class: 4102K(4352K)->4102K(4352K)
[2023-03-19T22:31:03.299+0800][13.570s] GC(5) Pause Young (Prepare Mixed) (Metadata GC Threshold) 95M->29M(512M) 24.273ms
[2023-03-19T22:31:03.300+0800][13.570s] GC(5) User=0.04s Sys=0.00s Real=0.03s
[2023-03-19T22:31:03.478+0800][13.748s] GC(6) Pause Young (Mixed) (Metadata GC Threshold)
[2023-03-19T22:31:03.478+0800][13.748s] GC(6) Using 4 workers of 4 for evacuation
[2023-03-19T22:31:03.492+0800][13.762s] GC(6)   Pre Evacuate Collection Set: 0.1ms
[2023-03-19T22:31:03.492+0800][13.763s] GC(6)   Merge Heap Roots: 0.1ms
[2023-03-19T22:31:03.492+0800][13.763s] GC(6)   Evacuate Collection Set: 13.3ms
[2023-03-19T22:31:03.492+0800][13.763s] GC(6)   Post Evacuate Collection Set: 0.5ms
[2023-03-19T22:31:03.492+0800][13.763s] GC(6)   Other: 0.1ms
[2023-03-19T22:31:03.492+0800][13.763s] GC(6) Eden regions: 7->0(305)
[2023-03-19T22:31:03.493+0800][13.763s] GC(6) Survivor regions: 10->2(4)
[2023-03-19T22:31:03.493+0800][13.763s] GC(6) Old regions: 16->25
[2023-03-19T22:31:03.493+0800][13.763s] GC(6) Archive regions: 2->2
[2023-03-19T22:31:03.493+0800][13.763s] GC(6) Humongous regions: 5->4
[2023-03-19T22:31:03.493+0800][13.763s] GC(6) Metaspace: 36403K(36800K)->36403K(36800K) NonClass: 32252K(32448K)->32252K(32448K) Class: 4150K(4352K)->4150K(4352K)
[2023-03-19T22:31:03.493+0800][13.763s] GC(6) Pause Young (Mixed) (Metadata GC Threshold) 37M->31M(512M) 14.468ms
[2023-03-19T22:31:03.493+0800][13.763s] GC(6) User=0.03s Sys=0.01s Real=0.02s
[2023-03-19T22:31:03.585+0800][13.855s] GC(7) Pause Young (Concurrent Start) (Metadata GC Threshold)
[2023-03-19T22:31:03.585+0800][13.856s] GC(7) Using 4 workers of 4 for evacuation
[2023-03-19T22:31:03.588+0800][13.858s] GC(7)   Pre Evacuate Collection Set: 0.1ms
[2023-03-19T22:31:03.588+0800][13.859s] GC(7)   Merge Heap Roots: 0.1ms
[2023-03-19T22:31:03.588+0800][13.859s] GC(7)   Evacuate Collection Set: 2.1ms
[2023-03-19T22:31:03.589+0800][13.859s] GC(7)   Post Evacuate Collection Set: 0.5ms
[2023-03-19T22:31:03.589+0800][13.859s] GC(7)   Other: 0.1ms
[2023-03-19T22:31:03.589+0800][13.859s] GC(7) Eden regions: 2->0(305)
[2023-03-19T22:31:03.589+0800][13.859s] GC(7) Survivor regions: 2->2(39)
[2023-03-19T22:31:03.589+0800][13.859s] GC(7) Old regions: 25->25
[2023-03-19T22:31:03.589+0800][13.859s] GC(7) Archive regions: 2->2
[2023-03-19T22:31:03.589+0800][13.859s] GC(7) Humongous regions: 4->4
[2023-03-19T22:31:03.589+0800][13.859s] GC(7) Metaspace: 36707K(37120K)->36707K(37120K) NonClass: 32517K(32704K)->32517K(32704K) Class: 4189K(4416K)->4189K(4416K)
[2023-03-19T22:31:03.589+0800][13.859s] GC(7) Pause Young (Concurrent Start) (Metadata GC Threshold) 33M->30M(512M) 3.382ms
[2023-03-19T22:31:03.589+0800][13.859s] GC(8) Concurrent Mark Cycle
[2023-03-19T22:31:03.589+0800][13.859s] GC(7) User=0.01s Sys=0.00s Real=0.00s
[2023-03-19T22:31:03.589+0800][13.859s] GC(8) Concurrent Clear Claimed Marks
[2023-03-19T22:31:03.589+0800][13.859s] GC(8) Concurrent Clear Claimed Marks 0.077ms
[2023-03-19T22:31:03.589+0800][13.859s] GC(8) Concurrent Scan Root Regions
[2023-03-19T22:31:03.591+0800][13.862s] GC(8) Concurrent Scan Root Regions 2.529ms
[2023-03-19T22:31:03.592+0800][13.862s] GC(8) Concurrent Mark
[2023-03-19T22:31:03.592+0800][13.862s] GC(8) Concurrent Mark From Roots
[2023-03-19T22:31:03.592+0800][13.862s] GC(8) Using 1 workers of 1 for marking
[2023-03-19T22:31:03.661+0800][13.931s] GC(8) Concurrent Mark From Roots 69.804ms
[2023-03-19T22:31:03.661+0800][13.932s] GC(8) Concurrent Preclean
[2023-03-19T22:31:03.662+0800][13.932s] GC(8) Concurrent Preclean 0.130ms
[2023-03-19T22:31:03.662+0800][13.932s] GC(8) Pause Remark
[2023-03-19T22:31:03.668+0800][13.938s] GC(8) Pause Remark 34M->34M(512M) 6.231ms
[2023-03-19T22:31:03.668+0800][13.938s] GC(8) User=0.02s Sys=0.00s Real=0.00s
[2023-03-19T22:31:03.668+0800][13.938s] GC(8) Concurrent Mark 76.697ms
[2023-03-19T22:31:03.668+0800][13.938s] GC(8) Concurrent Rebuild Remembered Sets
[2023-03-19T22:31:03.705+0800][13.976s] GC(8) Concurrent Rebuild Remembered Sets 37.160ms
[2023-03-19T22:31:03.706+0800][13.976s] GC(8) Pause Cleanup
[2023-03-19T22:31:03.706+0800][13.976s] GC(8) Pause Cleanup 35M->35M(512M) 0.394ms
[2023-03-19T22:31:03.706+0800][13.976s] GC(8) User=0.00s Sys=0.00s Real=0.00s
[2023-03-19T22:31:03.706+0800][13.976s] GC(8) Concurrent Cleanup for Next Mark
[2023-03-19T22:31:03.709+0800][13.979s] GC(8) Concurrent Cleanup for Next Mark 2.841ms
[2023-03-19T22:31:03.709+0800][13.979s] GC(8) Concurrent Mark Cycle 120.352ms
[2023-03-20T10:36:35.367+0800][10455.043s] GC(9) Pause Young (Prepare Mixed) (G1 Evacuation Pause)
[2023-03-20T10:36:35.375+0800][10455.052s] GC(9) Using 4 workers of 4 for evacuation
[2023-03-20T10:36:35.866+0800][10455.543s] GC(9) MMU target violated: 251.0ms (250.0ms/251.0ms)
[2023-03-20T10:36:35.868+0800][10455.544s] GC(9)   Pre Evacuate Collection Set: 33.9ms
[2023-03-20T10:36:35.868+0800][10455.544s] GC(9)   Merge Heap Roots: 16.3ms
[2023-03-20T10:36:35.868+0800][10455.544s] GC(9)   Evacuate Collection Set: 425.6ms
[2023-03-20T10:36:35.868+0800][10455.544s] GC(9)   Post Evacuate Collection Set: 7.6ms
[2023-03-20T10:36:35.869+0800][10455.546s] GC(9)   Other: 9.0ms
[2023-03-20T10:36:35.870+0800][10455.546s] GC(9) Eden regions: 305->0(4)
[2023-03-20T10:36:35.870+0800][10455.547s] GC(9) Survivor regions: 2->21(39)
[2023-03-20T10:36:35.870+0800][10455.547s] GC(9) Old regions: 25->25
[2023-03-20T10:36:35.870+0800][10455.547s] GC(9) Archive regions: 2->2
[2023-03-20T10:36:35.870+0800][10455.547s] GC(9) Humongous regions: 7->7
[2023-03-20T10:36:35.871+0800][10455.547s] GC(9) Metaspace: 51535K(52032K)->51535K(52032K) NonClass: 45653K(45888K)->45653K(45888K) Class: 5881K(6144K)->5881K(6144K)
[2023-03-20T10:36:35.872+0800][10455.548s] GC(9) Pause Young (Prepare Mixed) (G1 Evacuation Pause) 338M->53M(512M) 506.188ms
[2023-03-20T10:36:35.872+0800][10455.548s] GC(9) User=0.13s Sys=0.63s Real=0.51s
[2023-03-20T10:38:34.999+0800][10574.660s] GC(10) Pause Young (Mixed) (G1 Evacuation Pause)
[2023-03-20T10:38:35.000+0800][10574.662s] GC(10) Using 4 workers of 4 for evacuation
[2023-03-20T10:38:35.127+0800][10574.789s] GC(10)   Pre Evacuate Collection Set: 0.4ms
[2023-03-20T10:38:35.127+0800][10574.789s] GC(10)   Merge Heap Roots: 2.9ms
[2023-03-20T10:38:35.127+0800][10574.789s] GC(10)   Evacuate Collection Set: 122.0ms
[2023-03-20T10:38:35.127+0800][10574.789s] GC(10)   Post Evacuate Collection Set: 1.3ms
[2023-03-20T10:38:35.127+0800][10574.789s] GC(10)   Other: 0.3ms
[2023-03-20T10:38:35.127+0800][10574.789s] GC(10) Eden regions: 4->0(217)
[2023-03-20T10:38:35.127+0800][10574.789s] GC(10) Survivor regions: 21->2(4)
[2023-03-20T10:38:35.127+0800][10574.789s] GC(10) Old regions: 25->45
[2023-03-20T10:38:35.127+0800][10574.789s] GC(10) Archive regions: 2->2
[2023-03-20T10:38:35.127+0800][10574.789s] GC(10) Humongous regions: 7->7
[2023-03-20T10:38:35.127+0800][10574.789s] GC(10) Metaspace: 51536K(52032K)->51536K(52032K) NonClass: 45654K(45888K)->45654K(45888K) Class: 5881K(6144K)->5881K(6144K)
[2023-03-20T10:38:35.127+0800][10574.789s] GC(10) Pause Young (Mixed) (G1 Evacuation Pause) 57M->54M(512M) 128.817ms
[2023-03-20T10:38:35.129+0800][10574.791s] GC(10) User=0.11s Sys=0.09s Real=0.13s
[2023-03-20T22:56:14.384+0800][35726.997s] GC(11) Pause Young (Normal) (G1 Evacuation Pause)
[2023-03-20T22:56:14.400+0800][35727.014s] GC(11) Using 4 workers of 4 for evacuation
[2023-03-20T22:56:14.466+0800][35727.080s] GC(11)   Pre Evacuate Collection Set: 10.4ms
[2023-03-20T22:56:14.466+0800][35727.080s] GC(11)   Merge Heap Roots: 6.8ms
[2023-03-20T22:56:14.466+0800][35727.080s] GC(11)   Evacuate Collection Set: 23.3ms
[2023-03-20T22:56:14.467+0800][35727.080s] GC(11)   Post Evacuate Collection Set: 16.5ms
[2023-03-20T22:56:14.468+0800][35727.082s] GC(11)   Other: 10.2ms
[2023-03-20T22:56:14.469+0800][35727.082s] GC(11) Eden regions: 217->0(143)
[2023-03-20T22:56:14.469+0800][35727.082s] GC(11) Survivor regions: 2->1(28)
[2023-03-20T22:56:14.469+0800][35727.082s] GC(11) Old regions: 45->45
[2023-03-20T22:56:14.469+0800][35727.082s] GC(11) Archive regions: 2->2
[2023-03-20T22:56:14.469+0800][35727.082s] GC(11) Humongous regions: 7->7
[2023-03-20T22:56:14.469+0800][35727.083s] GC(11) Metaspace: 51629K(52160K)->51629K(52160K) NonClass: 45747K(46016K)->45747K(46016K) Class: 5881K(6144K)->5881K(6144K)
[2023-03-20T22:56:14.470+0800][35727.083s] GC(11) Pause Young (Normal) (G1 Evacuation Pause) 271M->53M(512M) 89.056ms
[2023-03-20T22:56:14.470+0800][35727.084s] GC(11) User=0.01s Sys=0.07s Real=0.09s
[2023-03-21T16:43:20.109+0800][52071.904s] GC(12) Pause Young (Normal) (G1 Evacuation Pause)
[2023-03-21T16:43:20.124+0800][52071.919s] GC(12) Using 4 workers of 4 for evacuation
[2023-03-21T16:43:20.220+0800][52072.016s] GC(12)   Pre Evacuate Collection Set: 16.4ms
[2023-03-21T16:43:20.220+0800][52072.016s] GC(12)   Merge Heap Roots: 4.2ms
[2023-03-21T16:43:20.221+0800][52072.016s] GC(12)   Evacuate Collection Set: 35.6ms
[2023-03-21T16:43:20.221+0800][52072.016s] GC(12)   Post Evacuate Collection Set: 31.7ms
[2023-03-21T16:43:20.221+0800][52072.016s] GC(12)   Other: 10.2ms
[2023-03-21T16:43:20.221+0800][52072.016s] GC(12) Eden regions: 143->0(205)
[2023-03-21T16:43:20.221+0800][52072.016s] GC(12) Survivor regions: 1->1(18)
[2023-03-21T16:43:20.221+0800][52072.016s] GC(12) Old regions: 45->45
[2023-03-21T16:43:20.221+0800][52072.016s] GC(12) Archive regions: 2->2
[2023-03-21T16:43:20.221+0800][52072.016s] GC(12) Humongous regions: 7->7
[2023-03-21T16:43:20.222+0800][52072.017s] GC(12) Metaspace: 51630K(52160K)->51630K(52160K) NonClass: 45749K(46016K)->45749K(46016K) Class: 5881K(6144K)->5881K(6144K)
[2023-03-21T16:43:20.222+0800][52072.018s] GC(12) Pause Young (Normal) (G1 Evacuation Pause) 196M->52M(512M) 114.962ms
[2023-03-21T16:43:20.222+0800][52072.018s] GC(12) User=0.01s Sys=0.07s Real=0.12s
[2023-03-22T16:56:31.324+0800][76121.243s] GC(13) Pause Young (Normal) (G1 Evacuation Pause)
[2023-03-22T16:56:31.340+0800][76121.258s] GC(13) Using 4 workers of 4 for evacuation
[2023-03-22T16:56:31.371+0800][76121.290s] GC(13)   Pre Evacuate Collection Set: 3.2ms
[2023-03-22T16:56:31.371+0800][76121.290s] GC(13)   Merge Heap Roots: 2.1ms
[2023-03-22T16:56:31.371+0800][76121.290s] GC(13)   Evacuate Collection Set: 15.1ms
[2023-03-22T16:56:31.371+0800][76121.290s] GC(13)   Post Evacuate Collection Set: 5.5ms
[2023-03-22T16:56:31.372+0800][76121.291s] GC(13)   Other: 9.2ms
[2023-03-22T16:56:31.373+0800][76121.291s] GC(13) Eden regions: 205->0(260)
[2023-03-22T16:56:31.373+0800][76121.291s] GC(13) Survivor regions: 1->1(26)
[2023-03-22T16:56:31.373+0800][76121.291s] GC(13) Old regions: 45->45
[2023-03-22T16:56:31.373+0800][76121.291s] GC(13) Archive regions: 2->2
[2023-03-22T16:56:31.373+0800][76121.291s] GC(13) Humongous regions: 7->7
[2023-03-22T16:56:31.375+0800][76121.293s] GC(13) Metaspace: 51630K(52160K)->51630K(52160K) NonClass: 45749K(46016K)->45749K(46016K) Class: 5881K(6144K)->5881K(6144K)
[2023-03-22T16:56:31.377+0800][76121.296s] GC(13) Pause Young (Normal) (G1 Evacuation Pause) 257M->52M(512M) 55.013ms
[2023-03-22T16:56:31.377+0800][76121.296s] GC(13) User=0.01s Sys=0.04s Real=0.05s
[2023-03-23T17:56:19.910+0800][104027.979s] GC(14) Pause Young (Normal) (G1 Evacuation Pause)
[2023-03-23T17:56:19.916+0800][104027.985s] GC(14) Using 4 workers of 4 for evacuation
[2023-03-23T17:56:20.078+0800][104028.146s] GC(14)   Pre Evacuate Collection Set: 13.6ms
[2023-03-23T17:56:20.078+0800][104028.146s] GC(14)   Merge Heap Roots: 3.5ms
[2023-03-23T17:56:20.078+0800][104028.146s] GC(14)   Evacuate Collection Set: 125.8ms
[2023-03-23T17:56:20.078+0800][104028.146s] GC(14)   Post Evacuate Collection Set: 13.7ms
[2023-03-23T17:56:20.078+0800][104028.147s] GC(14)   Other: 5.3ms
[2023-03-23T17:56:20.079+0800][104028.147s] GC(14) Eden regions: 260->0(179)
[2023-03-23T17:56:20.079+0800][104028.147s] GC(14) Survivor regions: 1->1(33)
[2023-03-23T17:56:20.079+0800][104028.147s] GC(14) Old regions: 45->45
[2023-03-23T17:56:20.079+0800][104028.147s] GC(14) Archive regions: 2->2
[2023-03-23T17:56:20.079+0800][104028.147s] GC(14) Humongous regions: 7->7
[2023-03-23T17:56:20.079+0800][104028.148s] GC(14) Metaspace: 52305K(52864K)->52305K(52864K) NonClass: 46397K(46720K)->46397K(46720K) Class: 5908K(6144K)->5908K(6144K)
[2023-03-23T17:56:20.079+0800][104028.148s] GC(14) Pause Young (Normal) (G1 Evacuation Pause) 312M->53M(512M) 169.625ms
[2023-03-23T17:56:20.079+0800][104028.148s] GC(14) User=0.02s Sys=0.12s Real=0.17s
[2023-03-24T13:20:51.731+0800][119630.489s] GC(15) Pause Young (Normal) (G1 Evacuation Pause)
[2023-03-24T13:20:51.740+0800][119630.498s] GC(15) Using 4 workers of 4 for evacuation
[2023-03-24T13:20:51.903+0800][119630.660s] GC(15)   Pre Evacuate Collection Set: 9.5ms
[2023-03-24T13:20:51.903+0800][119630.661s] GC(15)   Merge Heap Roots: 22.8ms
[2023-03-24T13:20:51.903+0800][119630.661s] GC(15)   Evacuate Collection Set: 117.3ms
[2023-03-24T13:20:51.903+0800][119630.661s] GC(15)   Post Evacuate Collection Set: 7.5ms
[2023-03-24T13:20:51.904+0800][119630.662s] GC(15)   Other: 5.3ms
[2023-03-24T13:20:51.905+0800][119630.663s] GC(15) Eden regions: 179->0(178)
[2023-03-24T13:20:51.905+0800][119630.663s] GC(15) Survivor regions: 1->2(23)
[2023-03-24T13:20:51.905+0800][119630.663s] GC(15) Old regions: 45->45
[2023-03-24T13:20:51.905+0800][119630.663s] GC(15) Archive regions: 2->2
[2023-03-24T13:20:51.905+0800][119630.663s] GC(15) Humongous regions: 7->7
[2023-03-24T13:20:51.905+0800][119630.663s] GC(15) Metaspace: 53023K(53504K)->53023K(53504K) NonClass: 47113K(47360K)->47113K(47360K) Class: 5910K(6144K)->5910K(6144K)
[2023-03-24T13:20:51.906+0800][119630.664s] GC(15) Pause Young (Normal) (G1 Evacuation Pause) 232M->54M(512M) 178.170ms
[2023-03-24T13:20:51.907+0800][119630.664s] GC(15) User=0.03s Sys=0.18s Real=0.18s
[2023-03-25T17:32:49.837+0800][140814.458s] GC(16) Pause Young (Normal) (G1 Evacuation Pause)
[2023-03-25T17:32:49.839+0800][140814.460s] GC(16) Using 4 workers of 4 for evacuation
[2023-03-25T17:32:49.868+0800][140814.488s] GC(16)   Pre Evacuate Collection Set: 1.6ms
[2023-03-25T17:32:49.868+0800][140814.488s] GC(16)   Merge Heap Roots: 0.5ms
[2023-03-25T17:32:49.868+0800][140814.488s] GC(16)   Evacuate Collection Set: 22.9ms
[2023-03-25T17:32:49.868+0800][140814.489s] GC(16)   Post Evacuate Collection Set: 3.4ms
[2023-03-25T17:32:49.868+0800][140814.489s] GC(16)   Other: 0.4ms
[2023-03-25T17:32:49.868+0800][140814.489s] GC(16) Eden regions: 178->0(220)
[2023-03-25T17:32:49.868+0800][140814.489s] GC(16) Survivor regions: 2->2(23)
[2023-03-25T17:32:49.868+0800][140814.489s] GC(16) Old regions: 45->45
[2023-03-25T17:32:49.868+0800][140814.489s] GC(16) Archive regions: 2->2
[2023-03-25T17:32:49.868+0800][140814.489s] GC(16) Humongous regions: 7->7
[2023-03-25T17:32:49.868+0800][140814.489s] GC(16) Metaspace: 53023K(53504K)->53023K(53504K) NonClass: 47113K(47360K)->47113K(47360K) Class: 5910K(6144K)->5910K(6144K)
[2023-03-25T17:32:49.868+0800][140814.489s] GC(16) Pause Young (Normal) (G1 Evacuation Pause) 232M->54M(512M) 30.808ms
[2023-03-25T17:32:49.868+0800][140814.489s] GC(16) User=0.01s Sys=0.05s Real=0.03s
[2023-03-26T16:14:21.912+0800][166799.240s] GC(17) Pause Young (Normal) (G1 Evacuation Pause)
[2023-03-26T16:14:21.925+0800][166799.253s] GC(17) Using 4 workers of 4 for evacuation
[2023-03-26T16:14:21.975+0800][166799.303s] GC(17)   Pre Evacuate Collection Set: 4.5ms
[2023-03-26T16:14:21.975+0800][166799.303s] GC(17)   Merge Heap Roots: 3.5ms
[2023-03-26T16:14:21.975+0800][166799.303s] GC(17)   Evacuate Collection Set: 30.7ms
[2023-03-26T16:14:21.975+0800][166799.303s] GC(17)   Post Evacuate Collection Set: 4.9ms
[2023-03-26T16:14:21.977+0800][166799.305s] GC(17)   Other: 8.7ms
[2023-03-26T16:14:21.977+0800][166799.306s] GC(17) Eden regions: 220->0(305)
[2023-03-26T16:14:21.978+0800][166799.306s] GC(17) Survivor regions: 2->2(28)
[2023-03-26T16:14:21.978+0800][166799.306s] GC(17) Old regions: 45->45
[2023-03-26T16:14:21.978+0800][166799.306s] GC(17) Archive regions: 2->2
[2023-03-26T16:14:21.978+0800][166799.306s] GC(17) Humongous regions: 7->7
[2023-03-26T16:14:21.978+0800][166799.306s] GC(17) Metaspace: 53025K(53504K)->53025K(53504K) NonClass: 47115K(47360K)->47115K(47360K) Class: 5910K(6144K)->5910K(6144K)
[2023-03-26T16:14:21.980+0800][166799.308s] GC(17) Pause Young (Normal) (G1 Evacuation Pause) 274M->54M(512M) 69.731ms
[2023-03-26T16:14:21.980+0800][166799.308s] GC(17) User=0.02s Sys=0.08s Real=0.08s
[2023-03-27T18:39:58.627+0800][203167.202s] GC(18) Pause Young (Normal) (G1 Evacuation Pause)
[2023-03-27T18:39:58.634+0800][203167.210s] GC(18) Using 4 workers of 4 for evacuation
[2023-03-27T18:39:58.717+0800][203167.293s] GC(18)   Pre Evacuate Collection Set: 3.3ms
[2023-03-27T18:39:58.717+0800][203167.293s] GC(18)   Merge Heap Roots: 1.6ms
[2023-03-27T18:39:58.717+0800][203167.293s] GC(18)   Evacuate Collection Set: 66.8ms
[2023-03-27T18:39:58.718+0800][203167.293s] GC(18)   Post Evacuate Collection Set: 5.9ms
[2023-03-27T18:39:58.718+0800][203167.293s] GC(18)   Other: 6.2ms
[2023-03-27T18:39:58.718+0800][203167.293s] GC(18) Eden regions: 305->0(305)
[2023-03-27T18:39:58.718+0800][203167.294s] GC(18) Survivor regions: 2->2(39)
[2023-03-27T18:39:58.718+0800][203167.294s] GC(18) Old regions: 45->45
[2023-03-27T18:39:58.718+0800][203167.294s] GC(18) Archive regions: 2->2
[2023-03-27T18:39:58.718+0800][203167.294s] GC(18) Humongous regions: 7->7
[2023-03-27T18:39:58.719+0800][203167.294s] GC(18) Metaspace: 53028K(53504K)->53028K(53504K) NonClass: 47118K(47360K)->47118K(47360K) Class: 5910K(6144K)->5910K(6144K)
[2023-03-27T18:39:58.719+0800][203167.295s] GC(18) Pause Young (Normal) (G1 Evacuation Pause) 359M->54M(512M) 93.796ms
[2023-03-27T18:39:58.719+0800][203167.295s] GC(18) User=0.02s Sys=0.09s Real=0.09s
[2023-03-28T00:09:13.549+0800][222145.866s] GC(19) Pause Young (Normal) (G1 Evacuation Pause)
[2023-03-28T00:09:13.555+0800][222145.872s] GC(19) Using 4 workers of 4 for evacuation
[2023-03-28T00:09:13.712+0800][222146.030s] GC(19)   Pre Evacuate Collection Set: 2.1ms
[2023-03-28T00:09:13.712+0800][222146.030s] GC(19)   Merge Heap Roots: 5.7ms
[2023-03-28T00:09:13.712+0800][222146.030s] GC(19)   Evacuate Collection Set: 138.5ms
[2023-03-28T00:09:13.712+0800][222146.030s] GC(19)   Post Evacuate Collection Set: 6.3ms
[2023-03-28T00:09:13.713+0800][222146.031s] GC(19)   Other: 6.3ms
[2023-03-28T00:09:13.714+0800][222146.032s] GC(19) Eden regions: 305->0(32)
[2023-03-28T00:09:13.715+0800][222146.032s] GC(19) Survivor regions: 2->9(39)
[2023-03-28T00:09:13.715+0800][222146.032s] GC(19) Old regions: 45->45
[2023-03-28T00:09:13.715+0800][222146.032s] GC(19) Archive regions: 2->2
[2023-03-28T00:09:13.715+0800][222146.032s] GC(19) Humongous regions: 7->7
[2023-03-28T00:09:13.716+0800][222146.034s] GC(19) Metaspace: 56239K(56768K)->56239K(56768K) NonClass: 50018K(50304K)->50018K(50304K) Class: 6221K(6464K)->6221K(6464K)
[2023-03-28T00:09:13.718+0800][222146.036s] GC(19) Pause Young (Normal) (G1 Evacuation Pause) 359M->61M(512M) 170.917ms
[2023-03-28T00:09:13.719+0800][222146.036s] GC(19) User=0.03s Sys=0.14s Real=0.17s
[2023-03-28T00:09:14.242+0800][222146.560s] GC(20) Pause Young (Normal) (G1 Evacuation Pause)
[2023-03-28T00:09:14.243+0800][222146.560s] GC(20) Using 4 workers of 4 for evacuation
[2023-03-28T00:09:14.311+0800][222146.629s] GC(20)   Pre Evacuate Collection Set: 0.1ms
[2023-03-28T00:09:14.311+0800][222146.629s] GC(20)   Merge Heap Roots: 0.1ms
[2023-03-28T00:09:14.311+0800][222146.629s] GC(20)   Evacuate Collection Set: 67.0ms
[2023-03-28T00:09:14.311+0800][222146.629s] GC(20)   Post Evacuate Collection Set: 1.3ms
[2023-03-28T00:09:14.311+0800][222146.629s] GC(20)   Other: 0.1ms
[2023-03-28T00:09:14.311+0800][222146.629s] GC(20) Eden regions: 32->0(157)
[2023-03-28T00:09:14.311+0800][222146.629s] GC(20) Survivor regions: 9->2(6)
[2023-03-28T00:09:14.311+0800][222146.629s] GC(20) Old regions: 45->51
[2023-03-28T00:09:14.311+0800][222146.629s] GC(20) Archive regions: 2->2
[2023-03-28T00:09:14.311+0800][222146.629s] GC(20) Humongous regions: 7->7
[2023-03-28T00:09:14.312+0800][222146.629s] GC(20) Metaspace: 56310K(56832K)->56310K(56832K) NonClass: 50087K(50368K)->50087K(50368K) Class: 6222K(6464K)->6222K(6464K)
[2023-03-28T00:09:14.312+0800][222146.629s] GC(20) Pause Young (Normal) (G1 Evacuation Pause) 93M->60M(512M) 69.143ms
[2023-03-28T00:09:14.312+0800][222146.629s] GC(20) User=0.07s Sys=0.04s Real=0.07s
[2023-03-28T00:09:17.230+0800][222149.547s] GC(21) Pause Young (Normal) (G1 Evacuation Pause)
[2023-03-28T00:09:17.230+0800][222149.547s] GC(21) Using 4 workers of 4 for evacuation
[2023-03-28T00:09:17.248+0800][222149.566s] GC(21)   Pre Evacuate Collection Set: 0.6ms
[2023-03-28T00:09:17.248+0800][222149.566s] GC(21)   Merge Heap Roots: 0.2ms
[2023-03-28T00:09:17.248+0800][222149.566s] GC(21)   Evacuate Collection Set: 16.6ms
[2023-03-28T00:09:17.248+0800][222149.566s] GC(21)   Post Evacuate Collection Set: 0.6ms
[2023-03-28T00:09:17.248+0800][222149.566s] GC(21)   Other: 0.1ms
[2023-03-28T00:09:17.248+0800][222149.566s] GC(21) Eden regions: 157->0(130)
[2023-03-28T00:09:17.248+0800][222149.566s] GC(21) Survivor regions: 2->8(20)
[2023-03-28T00:09:17.248+0800][222149.566s] GC(21) Old regions: 51->51
[2023-03-28T00:09:17.248+0800][222149.566s] GC(21) Archive regions: 2->2
[2023-03-28T00:09:17.248+0800][222149.566s] GC(21) Humongous regions: 7->7
[2023-03-28T00:09:17.248+0800][222149.566s] GC(21) Metaspace: 56435K(56960K)->56435K(56960K) NonClass: 50211K(50496K)->50211K(50496K) Class: 6223K(6464K)->6223K(6464K)
[2023-03-28T00:09:17.248+0800][222149.566s] GC(21) Pause Young (Normal) (G1 Evacuation Pause) 217M->65M(512M) 18.706ms
[2023-03-28T00:09:17.249+0800][222149.566s] GC(21) User=0.01s Sys=0.01s Real=0.01s
[2023-03-28T00:09:20.067+0800][222152.385s] GC(22) Pause Young (Normal) (G1 Evacuation Pause)
[2023-03-28T00:09:20.068+0800][222152.385s] GC(22) Using 4 workers of 4 for evacuation
[2023-03-28T00:09:20.083+0800][222152.400s] GC(22)   Pre Evacuate Collection Set: 0.1ms
[2023-03-28T00:09:20.083+0800][222152.400s] GC(22)   Merge Heap Roots: 0.1ms
[2023-03-28T00:09:20.083+0800][222152.400s] GC(22)   Evacuate Collection Set: 13.8ms
[2023-03-28T00:09:20.083+0800][222152.400s] GC(22)   Post Evacuate Collection Set: 0.6ms
[2023-03-28T00:09:20.083+0800][222152.400s] GC(22)   Other: 0.2ms
[2023-03-28T00:09:20.083+0800][222152.400s] GC(22) Eden regions: 130->0(185)
[2023-03-28T00:09:20.083+0800][222152.400s] GC(22) Survivor regions: 8->9(18)
[2023-03-28T00:09:20.083+0800][222152.400s] GC(22) Old regions: 51->51
[2023-03-28T00:09:20.083+0800][222152.400s] GC(22) Archive regions: 2->2
[2023-03-28T00:09:20.083+0800][222152.400s] GC(22) Humongous regions: 7->7
[2023-03-28T00:09:20.083+0800][222152.400s] GC(22) Metaspace: 56502K(57024K)->56502K(57024K) NonClass: 50278K(50560K)->50278K(50560K) Class: 6223K(6464K)->6223K(6464K)
[2023-03-28T00:09:20.083+0800][222152.400s] GC(22) Pause Young (Normal) (G1 Evacuation Pause) 195M->67M(512M) 15.614ms
[2023-03-28T00:09:20.083+0800][222152.400s] GC(22) User=0.01s Sys=0.00s Real=0.02s
[2023-03-28T00:19:16.301+0800][222748.600s] Heap
[2023-03-28T00:19:16.301+0800][222748.600s]  garbage-first heap   total 524288K, used 128635K [0x00000007e0000000, 0x0000000800000000)
[2023-03-28T00:19:16.301+0800][222748.600s]   region size 1024K, 68 young (69632K), 9 survivors (9216K)
[2023-03-28T00:19:16.301+0800][222748.600s]  Metaspace       used 56788K, committed 57344K, reserved 1114112K
[2023-03-28T00:19:16.301+0800][222748.600s]   class space    used 6252K, committed 6528K, reserved 1048576K
