[2023-03-01T20:15:39.703+0800][0.011s] CardTable entry size: 512
[2023-03-01T20:15:39.703+0800][0.011s] Using G1
[2023-03-01T20:15:39.821+0800][0.129s] Version: 19.0.2+7-44 (release)
[2023-03-01T20:15:39.821+0800][0.130s] CPUs: 12 total, 12 available
[2023-03-01T20:15:39.821+0800][0.130s] Memory: 16251M
[2023-03-01T20:15:39.821+0800][0.130s] Large Page Support: Disabled
[2023-03-01T20:15:39.821+0800][0.130s] NUMA Support: Disabled
[2023-03-01T20:15:39.821+0800][0.130s] Compressed Oops: Enabled (32-bit)
[2023-03-01T20:15:39.821+0800][0.130s] Heap Region Size: 1M
[2023-03-01T20:15:39.821+0800][0.130s] Heap Min Capacity: 512M
[2023-03-01T20:15:39.821+0800][0.130s] Heap Initial Capacity: 512M
[2023-03-01T20:15:39.821+0800][0.130s] Heap Max Capacity: 512M
[2023-03-01T20:15:39.821+0800][0.130s] Pre-touch: Enabled
[2023-03-01T20:15:39.821+0800][0.130s] Parallel Workers: 10
[2023-03-01T20:15:39.821+0800][0.130s] Concurrent Workers: 3
[2023-03-01T20:15:39.821+0800][0.130s] Concurrent Refinement Workers: 10
[2023-03-01T20:15:39.822+0800][0.130s] Periodic GC: Disabled
[2023-03-01T20:15:39.822+0800][0.130s] CDS archive(s) mapped at: [0x0000000800000000-0x0000000800c40000-0x0000000800c40000), size 12845056, SharedBaseAddress: 0x0000000800000000, ArchiveRelocationMode: 0.
[2023-03-01T20:15:39.822+0800][0.130s] Compressed class space mapped at: 0x0000000801000000-0x0000000841000000, reserved size: 1073741824
[2023-03-01T20:15:39.822+0800][0.130s] Narrow klass base: 0x0000000800000000, Narrow klass shift: 0, Narrow klass range: 0x100000000
[2023-03-01T20:15:40.465+0800][0.774s] GC(0) Pause Young (Normal) (G1 Evacuation Pause)
[2023-03-01T20:15:40.466+0800][0.774s] GC(0) Using 10 workers of 10 for evacuation
[2023-03-01T20:15:40.468+0800][0.777s] GC(0)   Pre Evacuate Collection Set: 0.1ms
[2023-03-01T20:15:40.468+0800][0.777s] GC(0)   Merge Heap Roots: 0.0ms
[2023-03-01T20:15:40.468+0800][0.777s] GC(0)   Evacuate Collection Set: 2.1ms
[2023-03-01T20:15:40.468+0800][0.777s] GC(0)   Post Evacuate Collection Set: 0.4ms
[2023-03-01T20:15:40.468+0800][0.777s] GC(0)   Other: 0.4ms
[2023-03-01T20:15:40.468+0800][0.777s] GC(0) Eden regions: 29->0(38)
[2023-03-01T20:15:40.468+0800][0.777s] GC(0) Survivor regions: 0->4(4)
[2023-03-01T20:15:40.468+0800][0.777s] GC(0) Old regions: 0->2
[2023-03-01T20:15:40.468+0800][0.777s] GC(0) Archive regions: 0->0
[2023-03-01T20:15:40.468+0800][0.777s] GC(0) Humongous regions: 0->0
[2023-03-01T20:15:40.468+0800][0.777s] GC(0) Metaspace: 10385K(10624K)->10385K(10624K) NonClass: 9207K(9344K)->9207K(9344K) Class: 1178K(1280K)->1178K(1280K)
[2023-03-01T20:15:40.469+0800][0.777s] GC(0) Pause Young (Normal) (G1 Evacuation Pause) 29M->5M(512M) 3.181ms
[2023-03-01T20:15:40.469+0800][0.777s] GC(0) User=0.00s Sys=0.00s Real=0.00s
[2023-03-01T20:15:40.939+0800][1.247s] GC(1) Pause Young (Normal) (G1 Evacuation Pause)
[2023-03-01T20:15:40.939+0800][1.247s] GC(1) Using 10 workers of 10 for evacuation
[2023-03-01T20:15:40.943+0800][1.251s] GC(1)   Pre Evacuate Collection Set: 0.0ms
[2023-03-01T20:15:40.943+0800][1.251s] GC(1)   Merge Heap Roots: 0.0ms
[2023-03-01T20:15:40.943+0800][1.251s] GC(1)   Evacuate Collection Set: 3.5ms
[2023-03-01T20:15:40.943+0800][1.251s] GC(1)   Post Evacuate Collection Set: 0.4ms
[2023-03-01T20:15:40.943+0800][1.251s] GC(1)   Other: 0.1ms
[2023-03-01T20:15:40.943+0800][1.251s] GC(1) Eden regions: 38->0(50)
[2023-03-01T20:15:40.943+0800][1.251s] GC(1) Survivor regions: 4->6(6)
[2023-03-01T20:15:40.943+0800][1.251s] GC(1) Old regions: 2->10
[2023-03-01T20:15:40.943+0800][1.251s] GC(1) Archive regions: 0->0
[2023-03-01T20:15:40.943+0800][1.251s] GC(1) Humongous regions: 4->4
[2023-03-01T20:15:40.943+0800][1.251s] GC(1) Metaspace: 16582K(16896K)->16582K(16896K) NonClass: 14724K(14912K)->14724K(14912K) Class: 1857K(1984K)->1857K(1984K)
[2023-03-01T20:15:40.943+0800][1.251s] GC(1) Pause Young (Normal) (G1 Evacuation Pause) 47M->19M(512M) 4.294ms
[2023-03-01T20:15:40.943+0800][1.251s] GC(1) User=0.16s Sys=0.00s Real=0.00s
[2023-03-01T20:15:41.292+0800][1.600s] GC(2) Pause Young (Concurrent Start) (Metadata GC Threshold)
[2023-03-01T20:15:41.292+0800][1.600s] GC(2) Using 10 workers of 10 for evacuation
[2023-03-01T20:15:41.294+0800][1.603s] GC(2)   Pre Evacuate Collection Set: 0.8ms
[2023-03-01T20:15:41.294+0800][1.603s] GC(2)   Merge Heap Roots: 0.0ms
[2023-03-01T20:15:41.294+0800][1.603s] GC(2)   Evacuate Collection Set: 1.7ms
[2023-03-01T20:15:41.294+0800][1.603s] GC(2)   Post Evacuate Collection Set: 0.3ms
[2023-03-01T20:15:41.294+0800][1.603s] GC(2)   Other: -0.4ms
[2023-03-01T20:15:41.294+0800][1.603s] GC(2) Eden regions: 41->0(302)
[2023-03-01T20:15:41.294+0800][1.603s] GC(2) Survivor regions: 6->5(7)
[2023-03-01T20:15:41.294+0800][1.603s] GC(2) Old regions: 10->17
[2023-03-01T20:15:41.294+0800][1.603s] GC(2) Archive regions: 0->0
[2023-03-01T20:15:41.294+0800][1.603s] GC(2) Humongous regions: 4->4
[2023-03-01T20:15:41.294+0800][1.603s] GC(2) Metaspace: 21136K(21504K)->21136K(21504K) NonClass: 18835K(19008K)->18835K(19008K) Class: 2301K(2496K)->2301K(2496K)
[2023-03-01T20:15:41.294+0800][1.603s] GC(2) Pause Young (Concurrent Start) (Metadata GC Threshold) 60M->25M(512M) 2.711ms
[2023-03-01T20:15:41.294+0800][1.603s] GC(3) Concurrent Mark Cycle
[2023-03-01T20:15:41.294+0800][1.603s] GC(2) User=0.00s Sys=0.00s Real=0.00s
[2023-03-01T20:15:41.294+0800][1.603s] GC(3) Concurrent Clear Claimed Marks
[2023-03-01T20:15:41.294+0800][1.603s] GC(3) Concurrent Clear Claimed Marks 0.035ms
[2023-03-01T20:15:41.294+0800][1.603s] GC(3) Concurrent Scan Root Regions
[2023-03-01T20:15:41.295+0800][1.604s] GC(3) Concurrent Scan Root Regions 0.881ms
[2023-03-01T20:15:41.295+0800][1.604s] GC(3) Concurrent Mark
[2023-03-01T20:15:41.295+0800][1.604s] GC(3) Concurrent Mark From Roots
[2023-03-01T20:15:41.295+0800][1.604s] GC(3) Using 3 workers of 3 for marking
[2023-03-01T20:15:41.299+0800][1.608s] GC(3) Concurrent Mark From Roots 3.722ms
[2023-03-01T20:15:41.299+0800][1.608s] GC(3) Concurrent Preclean
[2023-03-01T20:15:41.299+0800][1.608s] GC(3) Concurrent Preclean 0.032ms
[2023-03-01T20:15:41.299+0800][1.608s] GC(3) Pause Remark
[2023-03-01T20:15:41.300+0800][1.609s] GC(3) Pause Remark 25M->25M(512M) 1.005ms
[2023-03-01T20:15:41.300+0800][1.609s] GC(3) User=0.00s Sys=0.00s Real=0.00s
[2023-03-01T20:15:41.300+0800][1.609s] GC(3) Concurrent Mark 4.995ms
[2023-03-01T20:15:41.300+0800][1.609s] GC(3) Concurrent Rebuild Remembered Sets
[2023-03-01T20:15:41.302+0800][1.611s] GC(3) Concurrent Rebuild Remembered Sets 1.914ms
[2023-03-01T20:15:41.303+0800][1.611s] GC(3) Pause Cleanup
[2023-03-01T20:15:41.303+0800][1.611s] GC(3) Pause Cleanup 25M->25M(512M) 0.072ms
[2023-03-01T20:15:41.303+0800][1.611s] GC(3) User=0.00s Sys=0.00s Real=0.00s
[2023-03-01T20:15:41.303+0800][1.611s] GC(3) Concurrent Cleanup for Next Mark
[2023-03-01T20:15:41.304+0800][1.612s] GC(3) Concurrent Cleanup for Next Mark 0.643ms
[2023-03-01T20:15:41.304+0800][1.612s] GC(3) Concurrent Mark Cycle 9.246ms
[2023-03-01T20:15:42.290+0800][2.599s] GC(4) Pause Young (Prepare Mixed) (Metadata GC Threshold)
[2023-03-01T20:15:42.290+0800][2.599s] GC(4) Using 10 workers of 10 for evacuation
[2023-03-01T20:15:42.294+0800][2.603s] GC(4)   Pre Evacuate Collection Set: 0.0ms
[2023-03-01T20:15:42.294+0800][2.603s] GC(4)   Merge Heap Roots: 0.0ms
[2023-03-01T20:15:42.294+0800][2.603s] GC(4)   Evacuate Collection Set: 3.0ms
[2023-03-01T20:15:42.294+0800][2.603s] GC(4)   Post Evacuate Collection Set: 0.8ms
[2023-03-01T20:15:42.294+0800][2.603s] GC(4)   Other: 0.1ms
[2023-03-01T20:15:42.294+0800][2.603s] GC(4) Eden regions: 98->0(15)
[2023-03-01T20:15:42.294+0800][2.603s] GC(4) Survivor regions: 5->10(39)
[2023-03-01T20:15:42.294+0800][2.603s] GC(4) Old regions: 17->17
[2023-03-01T20:15:42.294+0800][2.603s] GC(4) Archive regions: 0->0
[2023-03-01T20:15:42.294+0800][2.603s] GC(4) Humongous regions: 4->4
[2023-03-01T20:15:42.294+0800][2.603s] GC(4) Metaspace: 35663K(36096K)->35663K(36096K) NonClass: 31650K(31872K)->31650K(31872K) Class: 4012K(4224K)->4012K(4224K)
[2023-03-01T20:15:42.294+0800][2.603s] GC(4) Pause Young (Prepare Mixed) (Metadata GC Threshold) 123M->30M(512M) 4.170ms
[2023-03-01T20:15:42.294+0800][2.603s] GC(4) User=0.00s Sys=0.00s Real=0.00s
[2023-03-01T20:15:42.316+0800][2.624s] GC(5) Pause Young (Mixed) (Metadata GC Threshold)
[2023-03-01T20:15:42.316+0800][2.625s] GC(5) Using 10 workers of 10 for evacuation
[2023-03-01T20:15:42.319+0800][2.627s] GC(5)   Pre Evacuate Collection Set: 0.0ms
[2023-03-01T20:15:42.319+0800][2.627s] GC(5)   Merge Heap Roots: 0.0ms
[2023-03-01T20:15:42.319+0800][2.627s] GC(5)   Evacuate Collection Set: 2.3ms
[2023-03-01T20:15:42.319+0800][2.627s] GC(5)   Post Evacuate Collection Set: 0.3ms
[2023-03-01T20:15:42.319+0800][2.627s] GC(5)   Other: 0.1ms
[2023-03-01T20:15:42.319+0800][2.627s] GC(5) Eden regions: 3->0(305)
[2023-03-01T20:15:42.319+0800][2.627s] GC(5) Survivor regions: 10->2(4)
[2023-03-01T20:15:42.319+0800][2.627s] GC(5) Old regions: 17->26
[2023-03-01T20:15:42.319+0800][2.627s] GC(5) Archive regions: 0->0
[2023-03-01T20:15:42.319+0800][2.627s] GC(5) Humongous regions: 4->4
[2023-03-01T20:15:42.319+0800][2.627s] GC(5) Metaspace: 36041K(36416K)->36041K(36416K) NonClass: 31980K(32192K)->31980K(32192K) Class: 4060K(4224K)->4060K(4224K)
[2023-03-01T20:15:42.319+0800][2.627s] GC(5) Pause Young (Mixed) (Metadata GC Threshold) 33M->30M(512M) 2.950ms
[2023-03-01T20:15:42.319+0800][2.627s] GC(5) User=0.00s Sys=0.00s Real=0.00s
[2023-03-01T20:15:42.348+0800][2.657s] GC(6) Pause Young (Concurrent Start) (Metadata GC Threshold)
[2023-03-01T20:15:42.348+0800][2.657s] GC(6) Using 10 workers of 10 for evacuation
[2023-03-01T20:15:42.349+0800][2.658s] GC(6)   Pre Evacuate Collection Set: 0.1ms
[2023-03-01T20:15:42.349+0800][2.658s] GC(6)   Merge Heap Roots: 0.0ms
[2023-03-01T20:15:42.349+0800][2.658s] GC(6)   Evacuate Collection Set: 0.6ms
[2023-03-01T20:15:42.349+0800][2.658s] GC(6)   Post Evacuate Collection Set: 0.1ms
[2023-03-01T20:15:42.349+0800][2.658s] GC(6)   Other: 0.0ms
[2023-03-01T20:15:42.349+0800][2.658s] GC(6) Eden regions: 5->0(305)
[2023-03-01T20:15:42.349+0800][2.658s] GC(6) Survivor regions: 2->2(39)
[2023-03-01T20:15:42.349+0800][2.658s] GC(6) Old regions: 26->26
[2023-03-01T20:15:42.349+0800][2.658s] GC(6) Archive regions: 0->0
[2023-03-01T20:15:42.349+0800][2.658s] GC(6) Humongous regions: 5->4
[2023-03-01T20:15:42.349+0800][2.658s] GC(6) Metaspace: 36325K(36736K)->36325K(36736K) NonClass: 32228K(32448K)->32228K(32448K) Class: 4096K(4288K)->4096K(4288K)
[2023-03-01T20:15:42.349+0800][2.658s] GC(6) Pause Young (Concurrent Start) (Metadata GC Threshold) 36M->31M(512M) 1.050ms
[2023-03-01T20:15:42.349+0800][2.658s] GC(7) Concurrent Mark Cycle
[2023-03-01T20:15:42.349+0800][2.658s] GC(6) User=0.00s Sys=0.00s Real=0.00s
[2023-03-01T20:15:42.349+0800][2.658s] GC(7) Concurrent Clear Claimed Marks
[2023-03-01T20:15:42.349+0800][2.658s] GC(7) Concurrent Clear Claimed Marks 0.029ms
[2023-03-01T20:15:42.349+0800][2.658s] GC(7) Concurrent Scan Root Regions
[2023-03-01T20:15:42.350+0800][2.658s] GC(7) Concurrent Scan Root Regions 0.317ms
[2023-03-01T20:15:42.350+0800][2.658s] GC(7) Concurrent Mark
[2023-03-01T20:15:42.350+0800][2.658s] GC(7) Concurrent Mark From Roots
[2023-03-01T20:15:42.350+0800][2.658s] GC(7) Using 3 workers of 3 for marking
[2023-03-01T20:15:42.360+0800][2.668s] GC(7) Concurrent Mark From Roots 9.894ms
[2023-03-01T20:15:42.360+0800][2.668s] GC(7) Concurrent Preclean
[2023-03-01T20:15:42.360+0800][2.668s] GC(7) Concurrent Preclean 0.069ms
[2023-03-01T20:15:42.360+0800][2.668s] GC(7) Pause Remark
[2023-03-01T20:15:42.363+0800][2.671s] GC(7) Pause Remark 34M->34M(512M) 2.906ms
[2023-03-01T20:15:42.363+0800][2.671s] GC(7) User=0.05s Sys=0.03s Real=0.00s
[2023-03-01T20:15:42.363+0800][2.671s] GC(7) Concurrent Mark 13.076ms
[2023-03-01T20:15:42.363+0800][2.671s] GC(7) Concurrent Rebuild Remembered Sets
[2023-03-01T20:15:42.367+0800][2.676s] GC(7) Concurrent Rebuild Remembered Sets 4.359ms
[2023-03-01T20:15:42.368+0800][2.676s] GC(7) Pause Cleanup
[2023-03-01T20:15:42.368+0800][2.677s] GC(7) Pause Cleanup 34M->34M(512M) 0.071ms
[2023-03-01T20:15:42.368+0800][2.677s] GC(7) User=0.00s Sys=0.00s Real=0.00s
[2023-03-01T20:15:42.368+0800][2.677s] GC(7) Concurrent Cleanup for Next Mark
[2023-03-01T20:15:42.369+0800][2.677s] GC(7) Concurrent Cleanup for Next Mark 0.763ms
[2023-03-01T20:15:42.369+0800][2.677s] GC(7) Concurrent Mark Cycle 19.417ms
[2023-03-01T20:15:43.831+0800][4.140s] GC(8) Pause Young (Prepare Mixed) (G1 Evacuation Pause)
[2023-03-01T20:15:43.831+0800][4.140s] GC(8) Using 10 workers of 10 for evacuation
[2023-03-01T20:15:43.842+0800][4.150s] GC(8)   Pre Evacuate Collection Set: 0.1ms
[2023-03-01T20:15:43.842+0800][4.150s] GC(8)   Merge Heap Roots: 0.0ms
[2023-03-01T20:15:43.842+0800][4.150s] GC(8)   Evacuate Collection Set: 10.0ms
[2023-03-01T20:15:43.842+0800][4.150s] GC(8)   Post Evacuate Collection Set: 0.6ms
[2023-03-01T20:15:43.842+0800][4.150s] GC(8)   Other: 0.1ms
[2023-03-01T20:15:43.842+0800][4.150s] GC(8) Eden regions: 305->0(1)
[2023-03-01T20:15:43.842+0800][4.150s] GC(8) Survivor regions: 2->38(39)
[2023-03-01T20:15:43.842+0800][4.150s] GC(8) Old regions: 26->26
[2023-03-01T20:15:43.842+0800][4.150s] GC(8) Archive regions: 0->0
[2023-03-01T20:15:43.842+0800][4.150s] GC(8) Humongous regions: 4->4
[2023-03-01T20:15:43.842+0800][4.150s] GC(8) Metaspace: 48159K(48768K)->48159K(48768K) NonClass: 42599K(42944K)->42599K(42944K) Class: 5560K(5824K)->5560K(5824K)
[2023-03-01T20:15:43.842+0800][4.150s] GC(8) Pause Young (Prepare Mixed) (G1 Evacuation Pause) 336M->67M(512M) 10.941ms
[2023-03-01T20:15:43.842+0800][4.150s] GC(8) User=0.00s Sys=0.00s Real=0.01s
[2023-03-01T20:15:43.842+0800][4.151s] GC(9) Pause Young (Mixed) (G1 Evacuation Pause)
[2023-03-01T20:15:43.842+0800][4.151s] GC(9) Using 10 workers of 10 for evacuation
[2023-03-01T20:15:43.850+0800][4.159s] GC(9)   Pre Evacuate Collection Set: 0.0ms
[2023-03-01T20:15:43.850+0800][4.159s] GC(9)   Merge Heap Roots: 0.0ms
[2023-03-01T20:15:43.850+0800][4.159s] GC(9)   Evacuate Collection Set: 7.5ms
[2023-03-01T20:15:43.850+0800][4.159s] GC(9)   Post Evacuate Collection Set: 0.3ms
[2023-03-01T20:15:43.851+0800][4.159s] GC(9)   Other: 0.0ms
[2023-03-01T20:15:43.851+0800][4.159s] GC(9) Eden regions: 1->0(275)
[2023-03-01T20:15:43.851+0800][4.159s] GC(9) Survivor regions: 38->2(5)
[2023-03-01T20:15:43.851+0800][4.159s] GC(9) Old regions: 26->64
[2023-03-01T20:15:43.851+0800][4.159s] GC(9) Archive regions: 0->0
[2023-03-01T20:15:43.851+0800][4.159s] GC(9) Humongous regions: 4->4
[2023-03-01T20:15:43.851+0800][4.159s] GC(9) Metaspace: 48159K(48768K)->48159K(48768K) NonClass: 42599K(42944K)->42599K(42944K) Class: 5560K(5824K)->5560K(5824K)
[2023-03-01T20:15:43.851+0800][4.159s] GC(9) Pause Young (Mixed) (G1 Evacuation Pause) 68M->69M(512M) 8.154ms
[2023-03-01T20:15:43.851+0800][4.159s] GC(9) User=0.16s Sys=0.00s Real=0.01s
[2023-03-01T20:19:20.024+0800][220.332s] Heap
[2023-03-01T20:19:20.024+0800][220.332s]  garbage-first heap   total 524288K, used 248207K [0x00000000e0000000, 0x0000000100000000)
[2023-03-01T20:19:20.024+0800][220.332s]   region size 1024K, 173 young (177152K), 2 survivors (2048K)
[2023-03-01T20:19:20.024+0800][220.332s]  Metaspace       used 51775K, committed 52416K, reserved 1114112K
[2023-03-01T20:19:20.024+0800][220.332s]   class space    used 5974K, committed 6272K, reserved 1048576K
