[2023-02-18T15:47:45.899+0800][0.010s] CardTable entry size: 512
[2023-02-18T15:47:45.899+0800][0.010s] Using G1
[2023-02-18T15:47:46.006+0800][0.116s] Version: 19.0.2+7-44 (release)
[2023-02-18T15:47:46.006+0800][0.116s] CPUs: 12 total, 12 available
[2023-02-18T15:47:46.006+0800][0.116s] Memory: 16251M
[2023-02-18T15:47:46.006+0800][0.116s] Large Page Support: Disabled
[2023-02-18T15:47:46.006+0800][0.116s] NUMA Support: Disabled
[2023-02-18T15:47:46.006+0800][0.116s] Compressed Oops: Enabled (32-bit)
[2023-02-18T15:47:46.006+0800][0.116s] Heap Region Size: 1M
[2023-02-18T15:47:46.006+0800][0.116s] Heap Min Capacity: 512M
[2023-02-18T15:47:46.006+0800][0.116s] Heap Initial Capacity: 512M
[2023-02-18T15:47:46.006+0800][0.116s] Heap Max Capacity: 512M
[2023-02-18T15:47:46.006+0800][0.117s] Pre-touch: Enabled
[2023-02-18T15:47:46.006+0800][0.117s] Parallel Workers: 10
[2023-02-18T15:47:46.006+0800][0.117s] Concurrent Workers: 3
[2023-02-18T15:47:46.006+0800][0.117s] Concurrent Refinement Workers: 10
[2023-02-18T15:47:46.006+0800][0.117s] Periodic GC: Disabled
[2023-02-18T15:47:46.007+0800][0.117s] CDS archive(s) mapped at: [0x0000000800000000-0x0000000800c40000-0x0000000800c40000), size 12845056, SharedBaseAddress: 0x0000000800000000, ArchiveRelocationMode: 0.
[2023-02-18T15:47:46.007+0800][0.117s] Compressed class space mapped at: 0x0000000801000000-0x0000000841000000, reserved size: 1073741824
[2023-02-18T15:47:46.007+0800][0.117s] Narrow klass base: 0x0000000800000000, Narrow klass shift: 0, Narrow klass range: 0x100000000
[2023-02-18T15:47:46.563+0800][0.674s] GC(0) Pause Young (Normal) (G1 Evacuation Pause)
[2023-02-18T15:47:46.564+0800][0.675s] GC(0) Using 10 workers of 10 for evacuation
[2023-02-18T15:47:46.566+0800][0.677s] GC(0)   Pre Evacuate Collection Set: 0.1ms
[2023-02-18T15:47:46.566+0800][0.677s] GC(0)   Merge Heap Roots: 0.0ms
[2023-02-18T15:47:46.566+0800][0.677s] GC(0)   Evacuate Collection Set: 2.1ms
[2023-02-18T15:47:46.566+0800][0.677s] GC(0)   Post Evacuate Collection Set: 0.4ms
[2023-02-18T15:47:46.566+0800][0.677s] GC(0)   Other: 0.3ms
[2023-02-18T15:47:46.566+0800][0.677s] GC(0) Eden regions: 29->0(38)
[2023-02-18T15:47:46.566+0800][0.677s] GC(0) Survivor regions: 0->4(4)
[2023-02-18T15:47:46.566+0800][0.677s] GC(0) Old regions: 0->2
[2023-02-18T15:47:46.566+0800][0.677s] GC(0) Archive regions: 0->0
[2023-02-18T15:47:46.566+0800][0.677s] GC(0) Humongous regions: 4->4
[2023-02-18T15:47:46.566+0800][0.677s] GC(0) Metaspace: 10398K(10688K)->10398K(10688K) NonClass: 9212K(9344K)->9212K(9344K) Class: 1185K(1344K)->1185K(1344K)
[2023-02-18T15:47:46.566+0800][0.677s] GC(0) Pause Young (Normal) (G1 Evacuation Pause) 33M->9M(512M) 3.043ms
[2023-02-18T15:47:46.566+0800][0.677s] GC(0) User=0.00s Sys=0.00s Real=0.00s
[2023-02-18T15:47:46.958+0800][1.069s] GC(1) Pause Young (Normal) (G1 Evacuation Pause)
[2023-02-18T15:47:46.958+0800][1.069s] GC(1) Using 10 workers of 10 for evacuation
[2023-02-18T15:47:46.963+0800][1.073s] GC(1)   Pre Evacuate Collection Set: 0.1ms
[2023-02-18T15:47:46.963+0800][1.073s] GC(1)   Merge Heap Roots: 0.1ms
[2023-02-18T15:47:46.963+0800][1.073s] GC(1)   Evacuate Collection Set: 4.0ms
[2023-02-18T15:47:46.963+0800][1.073s] GC(1)   Post Evacuate Collection Set: 0.5ms
[2023-02-18T15:47:46.963+0800][1.073s] GC(1)   Other: 0.1ms
[2023-02-18T15:47:46.963+0800][1.073s] GC(1) Eden regions: 38->0(50)
[2023-02-18T15:47:46.963+0800][1.073s] GC(1) Survivor regions: 4->6(6)
[2023-02-18T15:47:46.963+0800][1.073s] GC(1) Old regions: 2->10
[2023-02-18T15:47:46.963+0800][1.073s] GC(1) Archive regions: 0->0
[2023-02-18T15:47:46.963+0800][1.073s] GC(1) Humongous regions: 4->4
[2023-02-18T15:47:46.963+0800][1.073s] GC(1) Metaspace: 16574K(16896K)->16574K(16896K) NonClass: 14714K(14912K)->14714K(14912K) Class: 1860K(1984K)->1860K(1984K)
[2023-02-18T15:47:46.963+0800][1.073s] GC(1) Pause Young (Normal) (G1 Evacuation Pause) 47M->19M(512M) 4.850ms
[2023-02-18T15:47:46.963+0800][1.073s] GC(1) User=0.00s Sys=0.03s Real=0.01s
[2023-02-18T15:47:47.257+0800][1.369s] GC(2) Pause Young (Concurrent Start) (Metadata GC Threshold)
[2023-02-18T15:47:47.258+0800][1.369s] GC(2) Using 10 workers of 10 for evacuation
[2023-02-18T15:47:47.260+0800][1.371s] GC(2)   Pre Evacuate Collection Set: 0.1ms
[2023-02-18T15:47:47.260+0800][1.371s] GC(2)   Merge Heap Roots: 0.1ms
[2023-02-18T15:47:47.260+0800][1.371s] GC(2)   Evacuate Collection Set: 1.8ms
[2023-02-18T15:47:47.260+0800][1.371s] GC(2)   Post Evacuate Collection Set: 0.4ms
[2023-02-18T15:47:47.260+0800][1.371s] GC(2)   Other: 0.1ms
[2023-02-18T15:47:47.260+0800][1.371s] GC(2) Eden regions: 41->0(302)
[2023-02-18T15:47:47.260+0800][1.371s] GC(2) Survivor regions: 6->5(7)
[2023-02-18T15:47:47.260+0800][1.371s] GC(2) Old regions: 10->17
[2023-02-18T15:47:47.260+0800][1.371s] GC(2) Archive regions: 0->0
[2023-02-18T15:47:47.260+0800][1.371s] GC(2) Humongous regions: 4->4
[2023-02-18T15:47:47.260+0800][1.371s] GC(2) Metaspace: 21143K(21504K)->21143K(21504K) NonClass: 18837K(19008K)->18837K(19008K) Class: 2306K(2496K)->2306K(2496K)
[2023-02-18T15:47:47.260+0800][1.371s] GC(2) Pause Young (Concurrent Start) (Metadata GC Threshold) 60M->24M(512M) 2.717ms
[2023-02-18T15:47:47.260+0800][1.371s] GC(2) User=0.16s Sys=0.00s Real=0.00s
[2023-02-18T15:47:47.260+0800][1.371s] GC(3) Concurrent Mark Cycle
[2023-02-18T15:47:47.260+0800][1.372s] GC(3) Concurrent Clear Claimed Marks
[2023-02-18T15:47:47.260+0800][1.372s] GC(3) Concurrent Clear Claimed Marks 0.018ms
[2023-02-18T15:47:47.260+0800][1.372s] GC(3) Concurrent Scan Root Regions
[2023-02-18T15:47:47.261+0800][1.372s] GC(3) Concurrent Scan Root Regions 0.831ms
[2023-02-18T15:47:47.261+0800][1.372s] GC(3) Concurrent Mark
[2023-02-18T15:47:47.261+0800][1.372s] GC(3) Concurrent Mark From Roots
[2023-02-18T15:47:47.261+0800][1.372s] GC(3) Using 3 workers of 3 for marking
[2023-02-18T15:47:47.265+0800][1.377s] GC(3) Concurrent Mark From Roots 4.158ms
[2023-02-18T15:47:47.265+0800][1.377s] GC(3) Concurrent Preclean
[2023-02-18T15:47:47.265+0800][1.377s] GC(3) Concurrent Preclean 0.023ms
[2023-02-18T15:47:47.265+0800][1.377s] GC(3) Pause Remark
[2023-02-18T15:47:47.266+0800][1.378s] GC(3) Pause Remark 26M->26M(512M) 0.887ms
[2023-02-18T15:47:47.266+0800][1.378s] GC(3) User=0.00s Sys=0.00s Real=0.00s
[2023-02-18T15:47:47.266+0800][1.378s] GC(3) Concurrent Mark 5.352ms
[2023-02-18T15:47:47.266+0800][1.378s] GC(3) Concurrent Rebuild Remembered Sets
[2023-02-18T15:47:47.268+0800][1.380s] GC(3) Concurrent Rebuild Remembered Sets 1.856ms
[2023-02-18T15:47:47.268+0800][1.380s] GC(3) Pause Cleanup
[2023-02-18T15:47:47.268+0800][1.380s] GC(3) Pause Cleanup 26M->26M(512M) 0.089ms
[2023-02-18T15:47:47.269+0800][1.380s] GC(3) User=0.00s Sys=0.00s Real=0.00s
[2023-02-18T15:47:47.269+0800][1.380s] GC(3) Concurrent Cleanup for Next Mark
[2023-02-18T15:47:47.269+0800][1.381s] GC(3) Concurrent Cleanup for Next Mark 0.663ms
[2023-02-18T15:47:47.269+0800][1.381s] GC(3) Concurrent Mark Cycle 9.104ms
[2023-02-18T15:47:47.978+0800][2.088s] GC(4) Pause Young (Prepare Mixed) (Metadata GC Threshold)
[2023-02-18T15:47:47.978+0800][2.088s] GC(4) Using 10 workers of 10 for evacuation
[2023-02-18T15:47:47.981+0800][2.092s] GC(4)   Pre Evacuate Collection Set: 0.1ms
[2023-02-18T15:47:47.981+0800][2.092s] GC(4)   Merge Heap Roots: 0.0ms
[2023-02-18T15:47:47.981+0800][2.092s] GC(4)   Evacuate Collection Set: 2.8ms
[2023-02-18T15:47:47.981+0800][2.092s] GC(4)   Post Evacuate Collection Set: 0.4ms
[2023-02-18T15:47:47.981+0800][2.092s] GC(4)   Other: 0.1ms
[2023-02-18T15:47:47.981+0800][2.092s] GC(4) Eden regions: 77->0(15)
[2023-02-18T15:47:47.981+0800][2.092s] GC(4) Survivor regions: 5->10(39)
[2023-02-18T15:47:47.981+0800][2.092s] GC(4) Old regions: 17->17
[2023-02-18T15:47:47.981+0800][2.092s] GC(4) Archive regions: 0->0
[2023-02-18T15:47:47.981+0800][2.092s] GC(4) Humongous regions: 4->4
[2023-02-18T15:47:47.981+0800][2.092s] GC(4) Metaspace: 35753K(36160K)->35753K(36160K) NonClass: 31716K(31936K)->31716K(31936K) Class: 4037K(4224K)->4037K(4224K)
[2023-02-18T15:47:47.981+0800][2.092s] GC(4) Pause Young (Prepare Mixed) (Metadata GC Threshold) 101M->30M(512M) 3.497ms
[2023-02-18T15:47:47.981+0800][2.092s] GC(4) User=0.16s Sys=0.02s Real=0.00s
[2023-02-18T15:47:47.995+0800][2.106s] GC(5) Pause Young (Mixed) (Metadata GC Threshold)
[2023-02-18T15:47:47.995+0800][2.106s] GC(5) Using 10 workers of 10 for evacuation
[2023-02-18T15:47:47.998+0800][2.108s] GC(5)   Pre Evacuate Collection Set: 0.0ms
[2023-02-18T15:47:47.998+0800][2.108s] GC(5)   Merge Heap Roots: 0.0ms
[2023-02-18T15:47:47.998+0800][2.108s] GC(5)   Evacuate Collection Set: 2.3ms
[2023-02-18T15:47:47.998+0800][2.108s] GC(5)   Post Evacuate Collection Set: 0.2ms
[2023-02-18T15:47:47.998+0800][2.108s] GC(5)   Other: 0.0ms
[2023-02-18T15:47:47.998+0800][2.108s] GC(5) Eden regions: 4->0(305)
[2023-02-18T15:47:47.998+0800][2.108s] GC(5) Survivor regions: 10->2(4)
[2023-02-18T15:47:47.998+0800][2.108s] GC(5) Old regions: 17->26
[2023-02-18T15:47:47.998+0800][2.108s] GC(5) Archive regions: 0->0
[2023-02-18T15:47:47.998+0800][2.108s] GC(5) Humongous regions: 4->4
[2023-02-18T15:47:47.998+0800][2.108s] GC(5) Metaspace: 36099K(36480K)->36099K(36480K) NonClass: 32019K(32256K)->32019K(32256K) Class: 4080K(4224K)->4080K(4224K)
[2023-02-18T15:47:47.998+0800][2.108s] GC(5) Pause Young (Mixed) (Metadata GC Threshold) 33M->30M(512M) 2.794ms
[2023-02-18T15:47:47.998+0800][2.108s] GC(5) User=0.00s Sys=0.00s Real=0.00s
[2023-02-18T15:47:48.023+0800][2.134s] GC(6) Pause Young (Concurrent Start) (Metadata GC Threshold)
[2023-02-18T15:47:48.023+0800][2.134s] GC(6) Using 10 workers of 10 for evacuation
[2023-02-18T15:47:48.024+0800][2.135s] GC(6)   Pre Evacuate Collection Set: 0.1ms
[2023-02-18T15:47:48.024+0800][2.135s] GC(6)   Merge Heap Roots: 0.0ms
[2023-02-18T15:47:48.024+0800][2.135s] GC(6)   Evacuate Collection Set: 0.5ms
[2023-02-18T15:47:48.024+0800][2.135s] GC(6)   Post Evacuate Collection Set: 0.1ms
[2023-02-18T15:47:48.024+0800][2.135s] GC(6)   Other: 0.1ms
[2023-02-18T15:47:48.024+0800][2.135s] GC(6) Eden regions: 5->0(305)
[2023-02-18T15:47:48.024+0800][2.135s] GC(6) Survivor regions: 2->2(39)
[2023-02-18T15:47:48.024+0800][2.135s] GC(6) Old regions: 26->26
[2023-02-18T15:47:48.024+0800][2.135s] GC(6) Archive regions: 0->0
[2023-02-18T15:47:48.024+0800][2.135s] GC(6) Humongous regions: 5->4
[2023-02-18T15:47:48.024+0800][2.135s] GC(6) Metaspace: 36448K(36800K)->36448K(36800K) NonClass: 32329K(32512K)->32329K(32512K) Class: 4119K(4288K)->4119K(4288K)
[2023-02-18T15:47:48.024+0800][2.135s] GC(6) Pause Young (Concurrent Start) (Metadata GC Threshold) 36M->31M(512M) 0.961ms
[2023-02-18T15:47:48.024+0800][2.135s] GC(7) Concurrent Mark Cycle
[2023-02-18T15:47:48.024+0800][2.135s] GC(6) User=0.00s Sys=0.00s Real=0.00s
[2023-02-18T15:47:48.024+0800][2.135s] GC(7) Concurrent Clear Claimed Marks
[2023-02-18T15:47:48.024+0800][2.135s] GC(7) Concurrent Clear Claimed Marks 0.057ms
[2023-02-18T15:47:48.024+0800][2.135s] GC(7) Concurrent Scan Root Regions
[2023-02-18T15:47:48.025+0800][2.135s] GC(7) Concurrent Scan Root Regions 0.483ms
[2023-02-18T15:47:48.025+0800][2.136s] GC(7) Concurrent Mark
[2023-02-18T15:47:48.025+0800][2.136s] GC(7) Concurrent Mark From Roots
[2023-02-18T15:47:48.025+0800][2.136s] GC(7) Using 3 workers of 3 for marking
[2023-02-18T15:47:48.034+0800][2.145s] GC(7) Concurrent Mark From Roots 9.036ms
[2023-02-18T15:47:48.034+0800][2.145s] GC(7) Concurrent Preclean
[2023-02-18T15:47:48.034+0800][2.145s] GC(7) Concurrent Preclean 0.057ms
[2023-02-18T15:47:48.035+0800][2.145s] GC(7) Pause Remark
[2023-02-18T15:47:48.038+0800][2.148s] GC(7) Pause Remark 33M->33M(512M) 3.123ms
[2023-02-18T15:47:48.038+0800][2.148s] GC(7) User=0.00s Sys=0.00s Real=0.00s
[2023-02-18T15:47:48.038+0800][2.149s] GC(7) Concurrent Mark 13.010ms
[2023-02-18T15:47:48.038+0800][2.149s] GC(7) Concurrent Rebuild Remembered Sets
[2023-02-18T15:47:48.043+0800][2.154s] GC(7) Concurrent Rebuild Remembered Sets 5.155ms
[2023-02-18T15:47:48.043+0800][2.154s] GC(7) Pause Cleanup
[2023-02-18T15:47:48.043+0800][2.154s] GC(7) Pause Cleanup 33M->33M(512M) 0.087ms
[2023-02-18T15:47:48.043+0800][2.154s] GC(7) User=0.00s Sys=0.00s Real=0.00s
[2023-02-18T15:47:48.043+0800][2.154s] GC(7) Concurrent Cleanup for Next Mark
[2023-02-18T15:47:48.044+0800][2.155s] GC(7) Concurrent Cleanup for Next Mark 0.852ms
[2023-02-18T15:47:48.044+0800][2.155s] GC(7) Concurrent Mark Cycle 19.959ms
[2023-02-18T15:53:43.396+0800][357.506s] GC(8) Pause Young (Prepare Mixed) (G1 Evacuation Pause)
[2023-02-18T15:53:43.396+0800][357.506s] GC(8) Using 10 workers of 10 for evacuation
[2023-02-18T15:53:43.406+0800][357.517s] GC(8)   Pre Evacuate Collection Set: 0.1ms
[2023-02-18T15:53:43.406+0800][357.517s] GC(8)   Merge Heap Roots: 0.1ms
[2023-02-18T15:53:43.406+0800][357.517s] GC(8)   Evacuate Collection Set: 9.4ms
[2023-02-18T15:53:43.406+0800][357.517s] GC(8)   Post Evacuate Collection Set: 0.7ms
[2023-02-18T15:53:43.406+0800][357.517s] GC(8)   Other: 0.1ms
[2023-02-18T15:53:43.406+0800][357.517s] GC(8) Eden regions: 305->0(1)
[2023-02-18T15:53:43.406+0800][357.517s] GC(8) Survivor regions: 2->36(39)
[2023-02-18T15:53:43.406+0800][357.517s] GC(8) Old regions: 26->26
[2023-02-18T15:53:43.406+0800][357.517s] GC(8) Archive regions: 0->0
[2023-02-18T15:53:43.406+0800][357.517s] GC(8) Humongous regions: 4->4
[2023-02-18T15:53:43.406+0800][357.517s] GC(8) Metaspace: 49789K(50432K)->49789K(50432K) NonClass: 44045K(44416K)->44045K(44416K) Class: 5744K(6016K)->5744K(6016K)
[2023-02-18T15:53:43.406+0800][357.517s] GC(8) Pause Young (Prepare Mixed) (G1 Evacuation Pause) 336M->64M(512M) 10.485ms
[2023-02-18T15:53:43.406+0800][357.517s] GC(8) User=0.16s Sys=0.00s Real=0.01s
[2023-02-18T15:53:43.406+0800][357.517s] GC(9) Pause Young (Mixed) (G1 Evacuation Pause)
[2023-02-18T15:53:43.406+0800][357.517s] GC(9) Using 10 workers of 10 for evacuation
[2023-02-18T15:53:43.414+0800][357.524s] GC(9)   Pre Evacuate Collection Set: 0.0ms
[2023-02-18T15:53:43.414+0800][357.524s] GC(9)   Merge Heap Roots: 0.0ms
[2023-02-18T15:53:43.414+0800][357.524s] GC(9)   Evacuate Collection Set: 6.6ms
[2023-02-18T15:53:43.414+0800][357.524s] GC(9)   Post Evacuate Collection Set: 0.4ms
[2023-02-18T15:53:43.414+0800][357.524s] GC(9)   Other: 0.0ms
[2023-02-18T15:53:43.414+0800][357.524s] GC(9) Eden regions: 1->0(274)
[2023-02-18T15:53:43.414+0800][357.524s] GC(9) Survivor regions: 36->1(5)
[2023-02-18T15:53:43.414+0800][357.524s] GC(9) Old regions: 26->61
[2023-02-18T15:53:43.414+0800][357.524s] GC(9) Archive regions: 0->0
[2023-02-18T15:53:43.414+0800][357.524s] GC(9) Humongous regions: 4->4
[2023-02-18T15:53:43.414+0800][357.524s] GC(9) Metaspace: 49789K(50432K)->49789K(50432K) NonClass: 44045K(44416K)->44045K(44416K) Class: 5744K(6016K)->5744K(6016K)
[2023-02-18T15:53:43.414+0800][357.524s] GC(9) Pause Young (Mixed) (G1 Evacuation Pause) 65M->65M(512M) 7.340ms
[2023-02-18T15:53:43.414+0800][357.524s] GC(9) User=0.00s Sys=0.00s Real=0.01s
[2023-02-18T16:10:39.387+0800][1373.498s] GC(10) Pause Young (Normal) (G1 Evacuation Pause)
[2023-02-18T16:10:39.387+0800][1373.498s] GC(10) Using 10 workers of 10 for evacuation
[2023-02-18T16:10:39.394+0800][1373.504s] GC(10)   Pre Evacuate Collection Set: 0.2ms
[2023-02-18T16:10:39.394+0800][1373.504s] GC(10)   Merge Heap Roots: 0.1ms
[2023-02-18T16:10:39.394+0800][1373.504s] GC(10)   Evacuate Collection Set: 5.2ms
[2023-02-18T16:10:39.394+0800][1373.504s] GC(10)   Post Evacuate Collection Set: 0.8ms
[2023-02-18T16:10:39.394+0800][1373.504s] GC(10)   Other: 0.1ms
[2023-02-18T16:10:39.394+0800][1373.504s] GC(10) Eden regions: 274->0(268)
[2023-02-18T16:10:39.394+0800][1373.504s] GC(10) Survivor regions: 1->21(35)
[2023-02-18T16:10:39.394+0800][1373.504s] GC(10) Old regions: 61->61
[2023-02-18T16:10:39.394+0800][1373.504s] GC(10) Archive regions: 0->0
[2023-02-18T16:10:39.394+0800][1373.504s] GC(10) Humongous regions: 7->7
[2023-02-18T16:10:39.394+0800][1373.504s] GC(10) Metaspace: 54802K(55424K)->54802K(55424K) NonClass: 48584K(48896K)->48584K(48896K) Class: 6217K(6528K)->6217K(6528K)
[2023-02-18T16:10:39.394+0800][1373.504s] GC(10) Pause Young (Normal) (G1 Evacuation Pause) 342M->88M(512M) 6.537ms
[2023-02-18T16:10:39.394+0800][1373.505s] GC(10) User=0.00s Sys=0.00s Real=0.01s
[2023-02-18T16:12:39.812+0800][1493.923s] GC(11) Pause Young (Normal) (G1 Evacuation Pause)
[2023-02-18T16:12:39.812+0800][1493.923s] GC(11) Using 10 workers of 10 for evacuation
[2023-02-18T16:12:39.818+0800][1493.929s] GC(11)   Pre Evacuate Collection Set: 0.1ms
[2023-02-18T16:12:39.818+0800][1493.929s] GC(11)   Merge Heap Roots: 0.1ms
[2023-02-18T16:12:39.818+0800][1493.929s] GC(11)   Evacuate Collection Set: 5.2ms
[2023-02-18T16:12:39.818+0800][1493.929s] GC(11)   Post Evacuate Collection Set: 0.5ms
[2023-02-18T16:12:39.818+0800][1493.929s] GC(11)   Other: 0.1ms
[2023-02-18T16:12:39.818+0800][1493.929s] GC(11) Eden regions: 268->0(285)
[2023-02-18T16:12:39.818+0800][1493.929s] GC(11) Survivor regions: 21->10(37)
[2023-02-18T16:12:39.818+0800][1493.929s] GC(11) Old regions: 61->78
[2023-02-18T16:12:39.818+0800][1493.929s] GC(11) Archive regions: 0->0
[2023-02-18T16:12:39.818+0800][1493.929s] GC(11) Humongous regions: 7->7
[2023-02-18T16:12:39.818+0800][1493.929s] GC(11) Metaspace: 55240K(55872K)->55240K(55872K) NonClass: 49021K(49344K)->49021K(49344K) Class: 6218K(6528K)->6218K(6528K)
[2023-02-18T16:12:39.818+0800][1493.929s] GC(11) Pause Young (Normal) (G1 Evacuation Pause) 356M->94M(512M) 6.270ms
[2023-02-18T16:12:39.818+0800][1493.929s] GC(11) User=0.00s Sys=0.00s Real=0.01s
[2023-02-18T16:13:00.863+0800][1514.974s] GC(12) Pause Young (Normal) (G1 Evacuation Pause)
[2023-02-18T16:13:00.863+0800][1514.974s] GC(12) Using 10 workers of 10 for evacuation
[2023-02-18T16:13:00.865+0800][1514.976s] GC(12)   Pre Evacuate Collection Set: 0.1ms
[2023-02-18T16:13:00.865+0800][1514.976s] GC(12)   Merge Heap Roots: 0.1ms
[2023-02-18T16:13:00.865+0800][1514.976s] GC(12)   Evacuate Collection Set: 1.2ms
[2023-02-18T16:13:00.865+0800][1514.976s] GC(12)   Post Evacuate Collection Set: 0.6ms
[2023-02-18T16:13:00.865+0800][1514.976s] GC(12)   Other: 0.1ms
[2023-02-18T16:13:00.865+0800][1514.976s] GC(12) Eden regions: 285->0(300)
[2023-02-18T16:13:00.865+0800][1514.976s] GC(12) Survivor regions: 10->7(37)
[2023-02-18T16:13:00.865+0800][1514.976s] GC(12) Old regions: 78->78
[2023-02-18T16:13:00.865+0800][1514.976s] GC(12) Archive regions: 0->0
[2023-02-18T16:13:00.865+0800][1514.976s] GC(12) Humongous regions: 7->7
[2023-02-18T16:13:00.865+0800][1514.976s] GC(12) Metaspace: 55374K(56000K)->55374K(56000K) NonClass: 49154K(49472K)->49154K(49472K) Class: 6220K(6528K)->6220K(6528K)
[2023-02-18T16:13:00.865+0800][1514.976s] GC(12) Pause Young (Normal) (G1 Evacuation Pause) 379M->91M(512M) 2.344ms
[2023-02-18T16:13:00.865+0800][1514.976s] GC(12) User=0.00s Sys=0.00s Real=0.00s
[2023-02-18T16:13:14.567+0800][1528.678s] GC(13) Pause Young (Normal) (G1 Evacuation Pause)
[2023-02-18T16:13:14.567+0800][1528.678s] GC(13) Using 10 workers of 10 for evacuation
[2023-02-18T16:13:14.570+0800][1528.682s] GC(13)   Pre Evacuate Collection Set: 0.1ms
[2023-02-18T16:13:14.571+0800][1528.682s] GC(13)   Merge Heap Roots: 0.1ms
[2023-02-18T16:13:14.571+0800][1528.682s] GC(13)   Evacuate Collection Set: 2.7ms
[2023-02-18T16:13:14.571+0800][1528.682s] GC(13)   Post Evacuate Collection Set: 0.7ms
[2023-02-18T16:13:14.571+0800][1528.682s] GC(13)   Other: 0.1ms
[2023-02-18T16:13:14.571+0800][1528.682s] GC(13) Eden regions: 300->0(292)
[2023-02-18T16:13:14.571+0800][1528.682s] GC(13) Survivor regions: 7->15(39)
[2023-02-18T16:13:14.571+0800][1528.682s] GC(13) Old regions: 78->78
[2023-02-18T16:13:14.571+0800][1528.682s] GC(13) Archive regions: 0->0
[2023-02-18T16:13:14.571+0800][1528.682s] GC(13) Humongous regions: 7->7
[2023-02-18T16:13:14.571+0800][1528.682s] GC(13) Metaspace: 55441K(56064K)->55441K(56064K) NonClass: 49221K(49536K)->49221K(49536K) Class: 6220K(6528K)->6220K(6528K)
[2023-02-18T16:13:14.571+0800][1528.682s] GC(13) Pause Young (Normal) (G1 Evacuation Pause) 391M->99M(512M) 3.846ms
[2023-02-18T16:13:14.571+0800][1528.682s] GC(13) User=0.00s Sys=0.00s Real=0.00s
[2023-02-18T16:13:37.777+0800][1551.888s] GC(14) Pause Young (Normal) (G1 Evacuation Pause)
[2023-02-18T16:13:37.777+0800][1551.888s] GC(14) Using 10 workers of 10 for evacuation
[2023-02-18T16:13:37.781+0800][1551.892s] GC(14)   Pre Evacuate Collection Set: 0.1ms
[2023-02-18T16:13:37.781+0800][1551.892s] GC(14)   Merge Heap Roots: 0.1ms
[2023-02-18T16:13:37.781+0800][1551.892s] GC(14)   Evacuate Collection Set: 2.8ms
[2023-02-18T16:13:37.781+0800][1551.892s] GC(14)   Post Evacuate Collection Set: 0.7ms
[2023-02-18T16:13:37.781+0800][1551.892s] GC(14)   Other: 0.1ms
[2023-02-18T16:13:37.781+0800][1551.892s] GC(14) Eden regions: 292->0(295)
[2023-02-18T16:13:37.781+0800][1551.892s] GC(14) Survivor regions: 15->12(39)
[2023-02-18T16:13:37.781+0800][1551.892s] GC(14) Old regions: 78->78
[2023-02-18T16:13:37.781+0800][1551.892s] GC(14) Archive regions: 0->0
[2023-02-18T16:13:37.781+0800][1551.892s] GC(14) Humongous regions: 7->7
[2023-02-18T16:13:37.781+0800][1551.892s] GC(14) Metaspace: 55567K(56192K)->55567K(56192K) NonClass: 49339K(49664K)->49339K(49664K) Class: 6227K(6528K)->6227K(6528K)
[2023-02-18T16:13:37.781+0800][1551.892s] GC(14) Pause Young (Normal) (G1 Evacuation Pause) 391M->96M(512M) 3.882ms
[2023-02-18T16:13:37.781+0800][1551.892s] GC(14) User=0.00s Sys=0.00s Real=0.00s
[2023-02-18T16:14:06.520+0800][1580.631s] GC(15) Pause Young (Normal) (G1 Evacuation Pause)
[2023-02-18T16:14:06.520+0800][1580.631s] GC(15) Using 10 workers of 10 for evacuation
[2023-02-18T16:14:06.524+0800][1580.635s] GC(15)   Pre Evacuate Collection Set: 0.1ms
[2023-02-18T16:14:06.524+0800][1580.635s] GC(15)   Merge Heap Roots: 0.1ms
[2023-02-18T16:14:06.524+0800][1580.635s] GC(15)   Evacuate Collection Set: 2.8ms
[2023-02-18T16:14:06.524+0800][1580.635s] GC(15)   Post Evacuate Collection Set: 0.7ms
[2023-02-18T16:14:06.524+0800][1580.635s] GC(15)   Other: 0.1ms
[2023-02-18T16:14:06.524+0800][1580.635s] GC(15) Eden regions: 295->0(292)
[2023-02-18T16:14:06.524+0800][1580.635s] GC(15) Survivor regions: 12->15(39)
[2023-02-18T16:14:06.524+0800][1580.635s] GC(15) Old regions: 78->78
[2023-02-18T16:14:06.524+0800][1580.635s] GC(15) Archive regions: 0->0
[2023-02-18T16:14:06.524+0800][1580.635s] GC(15) Humongous regions: 7->7
[2023-02-18T16:14:06.524+0800][1580.635s] GC(15) Metaspace: 55619K(56256K)->55619K(56256K) NonClass: 49391K(49728K)->49391K(49728K) Class: 6227K(6528K)->6227K(6528K)
[2023-02-18T16:14:06.524+0800][1580.635s] GC(15) Pause Young (Normal) (G1 Evacuation Pause) 391M->99M(512M) 3.891ms
[2023-02-18T16:14:06.524+0800][1580.635s] GC(15) User=0.00s Sys=0.00s Real=0.00s
[2023-02-18T16:14:35.605+0800][1609.715s] GC(16) Pause Young (Normal) (G1 Evacuation Pause)
[2023-02-18T16:14:35.605+0800][1609.715s] GC(16) Using 10 workers of 10 for evacuation
[2023-02-18T16:14:35.610+0800][1609.720s] GC(16)   Pre Evacuate Collection Set: 0.1ms
[2023-02-18T16:14:35.610+0800][1609.720s] GC(16)   Merge Heap Roots: 0.1ms
[2023-02-18T16:14:35.610+0800][1609.720s] GC(16)   Evacuate Collection Set: 4.1ms
[2023-02-18T16:14:35.610+0800][1609.720s] GC(16)   Post Evacuate Collection Set: 0.4ms
[2023-02-18T16:14:35.610+0800][1609.720s] GC(16)   Other: 0.1ms
[2023-02-18T16:14:35.610+0800][1609.720s] GC(16) Eden regions: 292->0(289)
[2023-02-18T16:14:35.610+0800][1609.720s] GC(16) Survivor regions: 15->18(39)
[2023-02-18T16:14:35.610+0800][1609.720s] GC(16) Old regions: 78->78
[2023-02-18T16:14:35.610+0800][1609.720s] GC(16) Archive regions: 0->0
[2023-02-18T16:14:35.610+0800][1609.720s] GC(16) Humongous regions: 7->7
[2023-02-18T16:14:35.610+0800][1609.720s] GC(16) Metaspace: 55683K(56384K)->55683K(56384K) NonClass: 49455K(49856K)->49455K(49856K) Class: 6228K(6528K)->6228K(6528K)
[2023-02-18T16:14:35.610+0800][1609.720s] GC(16) Pause Young (Normal) (G1 Evacuation Pause) 391M->102M(512M) 4.885ms
[2023-02-18T16:14:35.610+0800][1609.720s] GC(16) User=0.00s Sys=0.00s Real=0.00s
[2023-02-18T16:17:48.699+0800][1802.810s] GC(17) Pause Young (Normal) (G1 Evacuation Pause)
[2023-02-18T16:17:48.699+0800][1802.810s] GC(17) Using 10 workers of 10 for evacuation
[2023-02-18T16:17:48.704+0800][1802.815s] GC(17)   Pre Evacuate Collection Set: 0.1ms
[2023-02-18T16:17:48.704+0800][1802.815s] GC(17)   Merge Heap Roots: 0.1ms
[2023-02-18T16:17:48.704+0800][1802.815s] GC(17)   Evacuate Collection Set: 3.7ms
[2023-02-18T16:17:48.704+0800][1802.815s] GC(17)   Post Evacuate Collection Set: 0.7ms
[2023-02-18T16:17:48.704+0800][1802.815s] GC(17)   Other: 0.1ms
[2023-02-18T16:17:48.704+0800][1802.815s] GC(17) Eden regions: 289->0(285)
[2023-02-18T16:17:48.704+0800][1802.815s] GC(17) Survivor regions: 18->22(39)
[2023-02-18T16:17:48.704+0800][1802.815s] GC(17) Old regions: 78->78
[2023-02-18T16:17:48.704+0800][1802.815s] GC(17) Archive regions: 0->0
[2023-02-18T16:17:48.704+0800][1802.815s] GC(17) Humongous regions: 7->7
[2023-02-18T16:17:48.704+0800][1802.815s] GC(17) Metaspace: 55847K(56448K)->55847K(56448K) NonClass: 49619K(49920K)->49619K(49920K) Class: 6228K(6528K)->6228K(6528K)
[2023-02-18T16:17:48.704+0800][1802.815s] GC(17) Pause Young (Normal) (G1 Evacuation Pause) 391M->106M(512M) 4.848ms
[2023-02-18T16:17:48.704+0800][1802.815s] GC(17) User=0.00s Sys=0.00s Real=0.01s
[2023-02-18T16:19:36.744+0800][1910.854s] GC(18) Pause Young (Normal) (G1 Evacuation Pause)
[2023-02-18T16:19:36.744+0800][1910.854s] GC(18) Using 10 workers of 10 for evacuation
[2023-02-18T16:19:36.751+0800][1910.861s] GC(18)   Pre Evacuate Collection Set: 0.1ms
[2023-02-18T16:19:36.751+0800][1910.861s] GC(18)   Merge Heap Roots: 0.1ms
[2023-02-18T16:19:36.751+0800][1910.861s] GC(18)   Evacuate Collection Set: 6.0ms
[2023-02-18T16:19:36.751+0800][1910.861s] GC(18)   Post Evacuate Collection Set: 0.5ms
[2023-02-18T16:19:36.751+0800][1910.861s] GC(18)   Other: 0.1ms
[2023-02-18T16:19:36.751+0800][1910.861s] GC(18) Eden regions: 285->0(273)
[2023-02-18T16:19:36.751+0800][1910.861s] GC(18) Survivor regions: 22->34(39)
[2023-02-18T16:19:36.751+0800][1910.861s] GC(18) Old regions: 78->80
[2023-02-18T16:19:36.751+0800][1910.861s] GC(18) Archive regions: 0->0
[2023-02-18T16:19:36.751+0800][1910.861s] GC(18) Humongous regions: 7->7
[2023-02-18T16:19:36.751+0800][1910.861s] GC(18) Metaspace: 55967K(56576K)->55967K(56576K) NonClass: 49738K(50048K)->49738K(50048K) Class: 6228K(6528K)->6228K(6528K)
[2023-02-18T16:19:36.751+0800][1910.861s] GC(18) Pause Young (Normal) (G1 Evacuation Pause) 391M->120M(512M) 7.002ms
[2023-02-18T16:19:36.751+0800][1910.861s] GC(18) User=0.00s Sys=0.00s Real=0.01s
[2023-02-18T19:00:55.337+0800][11588.071s] GC(19) Pause Young (Normal) (G1 Evacuation Pause)
[2023-02-18T19:00:55.337+0800][11588.071s] GC(19) Using 10 workers of 10 for evacuation
[2023-02-18T19:00:55.343+0800][11588.077s] GC(19)   Pre Evacuate Collection Set: 0.2ms
[2023-02-18T19:00:55.343+0800][11588.077s] GC(19)   Merge Heap Roots: 0.1ms
[2023-02-18T19:00:55.343+0800][11588.077s] GC(19)   Evacuate Collection Set: 5.2ms
[2023-02-18T19:00:55.343+0800][11588.077s] GC(19)   Post Evacuate Collection Set: 1.0ms
[2023-02-18T19:00:55.343+0800][11588.078s] GC(19)   Other: 0.1ms
[2023-02-18T19:00:55.343+0800][11588.078s] GC(19) Eden regions: 273->0(300)
[2023-02-18T19:00:55.343+0800][11588.078s] GC(19) Survivor regions: 34->7(39)
[2023-02-18T19:00:55.343+0800][11588.078s] GC(19) Old regions: 80->95
[2023-02-18T19:00:55.343+0800][11588.078s] GC(19) Archive regions: 0->0
[2023-02-18T19:00:55.343+0800][11588.078s] GC(19) Humongous regions: 7->7
[2023-02-18T19:00:55.343+0800][11588.078s] GC(19) Metaspace: 56166K(56768K)->56166K(56768K) NonClass: 49924K(50240K)->49924K(50240K) Class: 6241K(6528K)->6241K(6528K)
[2023-02-18T19:00:55.343+0800][11588.078s] GC(19) Pause Young (Normal) (G1 Evacuation Pause) 393M->107M(512M) 6.976ms
[2023-02-18T19:00:55.343+0800][11588.078s] GC(19) User=0.08s Sys=0.08s Real=0.01s
[2023-02-18T22:19:01.674+0800][23474.408s] GC(20) Pause Young (Normal) (G1 Evacuation Pause)
[2023-02-18T22:19:01.675+0800][23474.408s] GC(20) Using 10 workers of 10 for evacuation
[2023-02-18T22:19:01.682+0800][23474.415s] GC(20)   Pre Evacuate Collection Set: 0.5ms
[2023-02-18T22:19:01.682+0800][23474.415s] GC(20)   Merge Heap Roots: 0.2ms
[2023-02-18T22:19:01.682+0800][23474.415s] GC(20)   Evacuate Collection Set: 4.6ms
[2023-02-18T22:19:01.682+0800][23474.415s] GC(20)   Post Evacuate Collection Set: 1.4ms
[2023-02-18T22:19:01.682+0800][23474.415s] GC(20)   Other: 0.4ms
[2023-02-18T22:19:01.682+0800][23474.415s] GC(20) Eden regions: 300->0(302)
[2023-02-18T22:19:01.682+0800][23474.415s] GC(20) Survivor regions: 7->5(39)
[2023-02-18T22:19:01.682+0800][23474.415s] GC(20) Old regions: 95->95
[2023-02-18T22:19:01.682+0800][23474.415s] GC(20) Archive regions: 0->0
[2023-02-18T22:19:01.682+0800][23474.415s] GC(20) Humongous regions: 7->7
[2023-02-18T22:19:01.682+0800][23474.415s] GC(20) Metaspace: 56203K(56832K)->56203K(56832K) NonClass: 49961K(50304K)->49961K(50304K) Class: 6241K(6528K)->6241K(6528K)
[2023-02-18T22:19:01.682+0800][23474.415s] GC(20) Pause Young (Normal) (G1 Evacuation Pause) 407M->106M(512M) 7.621ms
[2023-02-18T22:19:01.682+0800][23474.415s] GC(20) User=0.00s Sys=0.00s Real=0.01s
[2023-02-19T01:40:07.945+0800][35540.678s] GC(21) Pause Young (Normal) (G1 Evacuation Pause)
[2023-02-19T01:40:07.945+0800][35540.679s] GC(21) Using 10 workers of 10 for evacuation
[2023-02-19T01:40:07.952+0800][35540.686s] GC(21)   Pre Evacuate Collection Set: 0.7ms
[2023-02-19T01:40:07.952+0800][35540.686s] GC(21)   Merge Heap Roots: 0.2ms
[2023-02-19T01:40:07.952+0800][35540.686s] GC(21)   Evacuate Collection Set: 4.4ms
[2023-02-19T01:40:07.952+0800][35540.686s] GC(21)   Post Evacuate Collection Set: 1.5ms
[2023-02-19T01:40:07.952+0800][35540.686s] GC(21)   Other: 0.3ms
[2023-02-19T01:40:07.952+0800][35540.686s] GC(21) Eden regions: 302->0(302)
[2023-02-19T01:40:07.952+0800][35540.686s] GC(21) Survivor regions: 5->5(39)
[2023-02-19T01:40:07.952+0800][35540.686s] GC(21) Old regions: 95->95
[2023-02-19T01:40:07.952+0800][35540.686s] GC(21) Archive regions: 0->0
[2023-02-19T01:40:07.952+0800][35540.686s] GC(21) Humongous regions: 7->7
[2023-02-19T01:40:07.952+0800][35540.686s] GC(21) Metaspace: 56224K(56832K)->56224K(56832K) NonClass: 49983K(50304K)->49983K(50304K) Class: 6241K(6528K)->6241K(6528K)
[2023-02-19T01:40:07.952+0800][35540.686s] GC(21) Pause Young (Normal) (G1 Evacuation Pause) 408M->105M(512M) 7.476ms
[2023-02-19T01:40:07.952+0800][35540.686s] GC(21) User=0.05s Sys=0.11s Real=0.01s
[2023-02-19T05:00:14.269+0800][47547.003s] GC(22) Pause Young (Normal) (G1 Evacuation Pause)
[2023-02-19T05:00:14.269+0800][47547.003s] GC(22) Using 10 workers of 10 for evacuation
[2023-02-19T05:00:14.272+0800][47547.006s] GC(22)   Pre Evacuate Collection Set: 0.2ms
[2023-02-19T05:00:14.272+0800][47547.006s] GC(22)   Merge Heap Roots: 0.1ms
[2023-02-19T05:00:14.272+0800][47547.006s] GC(22)   Evacuate Collection Set: 1.7ms
[2023-02-19T05:00:14.272+0800][47547.006s] GC(22)   Post Evacuate Collection Set: 1.0ms
[2023-02-19T05:00:14.272+0800][47547.006s] GC(22)   Other: 0.2ms
[2023-02-19T05:00:14.272+0800][47547.006s] GC(22) Eden regions: 302->0(302)
[2023-02-19T05:00:14.272+0800][47547.006s] GC(22) Survivor regions: 5->5(39)
[2023-02-19T05:00:14.272+0800][47547.006s] GC(22) Old regions: 95->95
[2023-02-19T05:00:14.272+0800][47547.006s] GC(22) Archive regions: 0->0
[2023-02-19T05:00:14.272+0800][47547.006s] GC(22) Humongous regions: 7->7
[2023-02-19T05:00:14.272+0800][47547.006s] GC(22) Metaspace: 56227K(56832K)->56227K(56832K) NonClass: 49986K(50304K)->49986K(50304K) Class: 6241K(6528K)->6241K(6528K)
[2023-02-19T05:00:14.272+0800][47547.006s] GC(22) Pause Young (Normal) (G1 Evacuation Pause) 407M->105M(512M) 3.470ms
[2023-02-19T05:00:14.272+0800][47547.006s] GC(22) User=0.00s Sys=0.00s Real=0.00s
[2023-02-19T08:20:20.444+0800][59553.177s] GC(23) Pause Young (Normal) (G1 Evacuation Pause)
[2023-02-19T08:20:20.444+0800][59553.177s] GC(23) Using 10 workers of 10 for evacuation
[2023-02-19T08:20:20.447+0800][59553.180s] GC(23)   Pre Evacuate Collection Set: 0.2ms
[2023-02-19T08:20:20.447+0800][59553.180s] GC(23)   Merge Heap Roots: 0.1ms
[2023-02-19T08:20:20.447+0800][59553.180s] GC(23)   Evacuate Collection Set: 1.5ms
[2023-02-19T08:20:20.447+0800][59553.180s] GC(23)   Post Evacuate Collection Set: 1.1ms
[2023-02-19T08:20:20.447+0800][59553.180s] GC(23)   Other: 0.1ms
[2023-02-19T08:20:20.447+0800][59553.180s] GC(23) Eden regions: 302->0(302)
[2023-02-19T08:20:20.447+0800][59553.180s] GC(23) Survivor regions: 5->5(39)
[2023-02-19T08:20:20.447+0800][59553.180s] GC(23) Old regions: 95->95
[2023-02-19T08:20:20.447+0800][59553.180s] GC(23) Archive regions: 0->0
[2023-02-19T08:20:20.447+0800][59553.180s] GC(23) Humongous regions: 7->7
[2023-02-19T08:20:20.447+0800][59553.180s] GC(23) Metaspace: 56228K(56832K)->56228K(56832K) NonClass: 49987K(50304K)->49987K(50304K) Class: 6241K(6528K)->6241K(6528K)
[2023-02-19T08:20:20.447+0800][59553.180s] GC(23) Pause Young (Normal) (G1 Evacuation Pause) 407M->105M(512M) 3.321ms
[2023-02-19T08:20:20.447+0800][59553.180s] GC(23) User=0.00s Sys=0.00s Real=0.00s
[2023-02-19T11:41:26.594+0800][71619.328s] GC(24) Pause Young (Normal) (G1 Evacuation Pause)
[2023-02-19T11:41:26.595+0800][71619.328s] GC(24) Using 10 workers of 10 for evacuation
[2023-02-19T11:41:26.598+0800][71619.332s] GC(24)   Pre Evacuate Collection Set: 0.2ms
[2023-02-19T11:41:26.598+0800][71619.332s] GC(24)   Merge Heap Roots: 0.1ms
[2023-02-19T11:41:26.598+0800][71619.332s] GC(24)   Evacuate Collection Set: 1.7ms
[2023-02-19T11:41:26.598+0800][71619.332s] GC(24)   Post Evacuate Collection Set: 1.1ms
[2023-02-19T11:41:26.598+0800][71619.332s] GC(24)   Other: 0.2ms
[2023-02-19T11:41:26.598+0800][71619.332s] GC(24) Eden regions: 302->0(302)
[2023-02-19T11:41:26.598+0800][71619.332s] GC(24) Survivor regions: 5->5(39)
[2023-02-19T11:41:26.598+0800][71619.332s] GC(24) Old regions: 95->95
[2023-02-19T11:41:26.598+0800][71619.332s] GC(24) Archive regions: 0->0
[2023-02-19T11:41:26.598+0800][71619.332s] GC(24) Humongous regions: 7->7
[2023-02-19T11:41:26.598+0800][71619.332s] GC(24) Metaspace: 56228K(56832K)->56228K(56832K) NonClass: 49987K(50304K)->49987K(50304K) Class: 6241K(6528K)->6241K(6528K)
[2023-02-19T11:41:26.598+0800][71619.332s] GC(24) Pause Young (Normal) (G1 Evacuation Pause) 407M->105M(512M) 3.585ms
[2023-02-19T11:41:26.598+0800][71619.332s] GC(24) User=0.00s Sys=0.00s Real=0.00s
[2023-02-19T15:01:32.755+0800][83625.489s] GC(25) Pause Young (Normal) (G1 Evacuation Pause)
[2023-02-19T15:01:32.755+0800][83625.489s] GC(25) Using 10 workers of 10 for evacuation
[2023-02-19T15:01:32.758+0800][83625.492s] GC(25)   Pre Evacuate Collection Set: 0.2ms
[2023-02-19T15:01:32.758+0800][83625.492s] GC(25)   Merge Heap Roots: 0.1ms
[2023-02-19T15:01:32.758+0800][83625.492s] GC(25)   Evacuate Collection Set: 1.6ms
[2023-02-19T15:01:32.758+0800][83625.492s] GC(25)   Post Evacuate Collection Set: 1.0ms
[2023-02-19T15:01:32.758+0800][83625.492s] GC(25)   Other: 0.1ms
[2023-02-19T15:01:32.758+0800][83625.492s] GC(25) Eden regions: 302->0(302)
[2023-02-19T15:01:32.758+0800][83625.492s] GC(25) Survivor regions: 5->5(39)
[2023-02-19T15:01:32.758+0800][83625.492s] GC(25) Old regions: 95->95
[2023-02-19T15:01:32.758+0800][83625.492s] GC(25) Archive regions: 0->0
[2023-02-19T15:01:32.758+0800][83625.492s] GC(25) Humongous regions: 7->7
[2023-02-19T15:01:32.758+0800][83625.492s] GC(25) Metaspace: 56230K(56832K)->56230K(56832K) NonClass: 49988K(50304K)->49988K(50304K) Class: 6241K(6528K)->6241K(6528K)
[2023-02-19T15:01:32.758+0800][83625.492s] GC(25) Pause Young (Normal) (G1 Evacuation Pause) 407M->105M(512M) 3.367ms
[2023-02-19T15:01:32.758+0800][83625.492s] GC(25) User=0.00s Sys=0.00s Real=0.00s
[2023-02-19T18:15:39.309+0800][95272.044s] GC(26) Pause Young (Normal) (G1 Evacuation Pause)
[2023-02-19T18:15:39.310+0800][95272.044s] GC(26) Using 10 workers of 10 for evacuation
[2023-02-19T18:15:39.319+0800][95272.053s] GC(26)   Pre Evacuate Collection Set: 0.9ms
[2023-02-19T18:15:39.319+0800][95272.053s] GC(26)   Merge Heap Roots: 0.3ms
[2023-02-19T18:15:39.319+0800][95272.053s] GC(26)   Evacuate Collection Set: 6.0ms
[2023-02-19T18:15:39.319+0800][95272.053s] GC(26)   Post Evacuate Collection Set: 1.1ms
[2023-02-19T18:15:39.319+0800][95272.053s] GC(26)   Other: 0.4ms
[2023-02-19T18:15:39.319+0800][95272.053s] GC(26) Eden regions: 302->0(302)
[2023-02-19T18:15:39.319+0800][95272.053s] GC(26) Survivor regions: 5->5(39)
[2023-02-19T18:15:39.319+0800][95272.053s] GC(26) Old regions: 95->95
[2023-02-19T18:15:39.319+0800][95272.053s] GC(26) Archive regions: 0->0
[2023-02-19T18:15:39.319+0800][95272.053s] GC(26) Humongous regions: 7->7
[2023-02-19T18:15:39.319+0800][95272.053s] GC(26) Metaspace: 56674K(57344K)->56674K(57344K) NonClass: 50378K(50752K)->50378K(50752K) Class: 6295K(6592K)->6295K(6592K)
[2023-02-19T18:15:39.319+0800][95272.053s] GC(26) Pause Young (Normal) (G1 Evacuation Pause) 407M->105M(512M) 9.295ms
[2023-02-19T18:15:39.319+0800][95272.053s] GC(26) User=0.00s Sys=0.00s Real=0.01s
[2023-02-19T21:35:46.009+0800][107278.743s] GC(27) Pause Young (Normal) (G1 Evacuation Pause)
[2023-02-19T21:35:46.009+0800][107278.743s] GC(27) Using 10 workers of 10 for evacuation
[2023-02-19T21:35:46.017+0800][107278.750s] GC(27)   Pre Evacuate Collection Set: 0.5ms
[2023-02-19T21:35:46.017+0800][107278.750s] GC(27)   Merge Heap Roots: 0.3ms
[2023-02-19T21:35:46.017+0800][107278.750s] GC(27)   Evacuate Collection Set: 4.9ms
[2023-02-19T21:35:46.017+0800][107278.750s] GC(27)   Post Evacuate Collection Set: 1.2ms
[2023-02-19T21:35:46.017+0800][107278.750s] GC(27)   Other: 0.4ms
[2023-02-19T21:35:46.017+0800][107278.750s] GC(27) Eden regions: 302->0(302)
[2023-02-19T21:35:46.017+0800][107278.750s] GC(27) Survivor regions: 5->5(39)
[2023-02-19T21:35:46.017+0800][107278.750s] GC(27) Old regions: 95->95
[2023-02-19T21:35:46.017+0800][107278.750s] GC(27) Archive regions: 0->0
[2023-02-19T21:35:46.017+0800][107278.750s] GC(27) Humongous regions: 7->7
[2023-02-19T21:35:46.017+0800][107278.750s] GC(27) Metaspace: 56675K(57344K)->56675K(57344K) NonClass: 50379K(50752K)->50379K(50752K) Class: 6295K(6592K)->6295K(6592K)
[2023-02-19T21:35:46.017+0800][107278.751s] GC(27) Pause Young (Normal) (G1 Evacuation Pause) 407M->105M(512M) 7.558ms
[2023-02-19T21:35:46.017+0800][107278.751s] GC(27) User=0.00s Sys=0.16s Real=0.01s
[2023-02-20T19:46:30.294+0800][187121.908s] GC(28) Pause Young (Normal) (G1 Evacuation Pause)
[2023-02-20T19:46:30.294+0800][187121.909s] GC(28) Using 10 workers of 10 for evacuation
[2023-02-20T19:46:30.299+0800][187121.914s] GC(28)   Pre Evacuate Collection Set: 0.5ms
[2023-02-20T19:46:30.300+0800][187121.914s] GC(28)   Merge Heap Roots: 0.3ms
[2023-02-20T19:46:30.300+0800][187121.914s] GC(28)   Evacuate Collection Set: 3.1ms
[2023-02-20T19:46:30.300+0800][187121.914s] GC(28)   Post Evacuate Collection Set: 1.3ms
[2023-02-20T19:46:30.300+0800][187121.914s] GC(28)   Other: 0.3ms
[2023-02-20T19:46:30.300+0800][187121.914s] GC(28) Eden regions: 302->0(302)
[2023-02-20T19:46:30.300+0800][187121.914s] GC(28) Survivor regions: 5->5(39)
[2023-02-20T19:46:30.300+0800][187121.914s] GC(28) Old regions: 95->95
[2023-02-20T19:46:30.300+0800][187121.914s] GC(28) Archive regions: 0->0
[2023-02-20T19:46:30.300+0800][187121.914s] GC(28) Humongous regions: 7->7
[2023-02-20T19:46:30.300+0800][187121.914s] GC(28) Metaspace: 56675K(57344K)->56675K(57344K) NonClass: 50379K(50752K)->50379K(50752K) Class: 6295K(6592K)->6295K(6592K)
[2023-02-20T19:46:30.300+0800][187121.914s] GC(28) Pause Young (Normal) (G1 Evacuation Pause) 407M->105M(512M) 5.874ms
[2023-02-20T19:46:30.300+0800][187121.914s] GC(28) User=0.00s Sys=0.00s Real=0.01s
[2023-02-20T21:22:22.661+0800][192874.277s] GC(29) Pause Young (Normal) (G1 Evacuation Pause)
[2023-02-20T21:22:22.662+0800][192874.277s] GC(29) Using 10 workers of 10 for evacuation
[2023-02-20T21:22:22.671+0800][192874.286s] GC(29)   Pre Evacuate Collection Set: 0.4ms
[2023-02-20T21:22:22.671+0800][192874.286s] GC(29)   Merge Heap Roots: 0.2ms
[2023-02-20T21:22:22.671+0800][192874.286s] GC(29)   Evacuate Collection Set: 6.9ms
[2023-02-20T21:22:22.671+0800][192874.286s] GC(29)   Post Evacuate Collection Set: 1.4ms
[2023-02-20T21:22:22.671+0800][192874.286s] GC(29)   Other: 0.3ms
[2023-02-20T21:22:22.671+0800][192874.286s] GC(29) Eden regions: 302->0(293)
[2023-02-20T21:22:22.671+0800][192874.286s] GC(29) Survivor regions: 5->14(39)
[2023-02-20T21:22:22.671+0800][192874.286s] GC(29) Old regions: 95->95
[2023-02-20T21:22:22.671+0800][192874.286s] GC(29) Archive regions: 0->0
[2023-02-20T21:22:22.671+0800][192874.286s] GC(29) Humongous regions: 7->7
[2023-02-20T21:22:22.671+0800][192874.286s] GC(29) Metaspace: 56994K(57664K)->56994K(57664K) NonClass: 50691K(51072K)->50691K(51072K) Class: 6302K(6592K)->6302K(6592K)
[2023-02-20T21:22:22.671+0800][192874.286s] GC(29) Pause Young (Normal) (G1 Evacuation Pause) 407M->115M(512M) 9.494ms
[2023-02-20T21:22:22.671+0800][192874.287s] GC(29) User=0.05s Sys=0.11s Real=0.01s
[2023-02-20T21:40:31.513+0800][193963.128s] GC(30) Pause Young (Normal) (G1 Evacuation Pause)
[2023-02-20T21:40:31.513+0800][193963.128s] GC(30) Using 10 workers of 10 for evacuation
[2023-02-20T21:40:31.517+0800][193963.132s] GC(30)   Pre Evacuate Collection Set: 0.1ms
[2023-02-20T21:40:31.517+0800][193963.132s] GC(30)   Merge Heap Roots: 0.1ms
[2023-02-20T21:40:31.517+0800][193963.132s] GC(30)   Evacuate Collection Set: 3.4ms
[2023-02-20T21:40:31.517+0800][193963.132s] GC(30)   Post Evacuate Collection Set: 0.4ms
[2023-02-20T21:40:31.517+0800][193963.132s] GC(30)   Other: 0.1ms
[2023-02-20T21:40:31.517+0800][193963.132s] GC(30) Eden regions: 293->0(293)
[2023-02-20T21:40:31.517+0800][193963.132s] GC(30) Survivor regions: 14->14(39)
[2023-02-20T21:40:31.517+0800][193963.132s] GC(30) Old regions: 95->95
[2023-02-20T21:40:31.517+0800][193963.132s] GC(30) Archive regions: 0->0
[2023-02-20T21:40:31.517+0800][193963.132s] GC(30) Humongous regions: 7->7
[2023-02-20T21:40:31.517+0800][193963.132s] GC(30) Metaspace: 57184K(57792K)->57184K(57792K) NonClass: 50876K(51200K)->50876K(51200K) Class: 6307K(6592K)->6307K(6592K)
[2023-02-20T21:40:31.517+0800][193963.132s] GC(30) Pause Young (Normal) (G1 Evacuation Pause) 408M->115M(512M) 4.266ms
[2023-02-20T21:40:31.517+0800][193963.132s] GC(30) User=0.00s Sys=0.00s Real=0.00s
[2023-02-20T21:40:37.386+0800][193969.001s] GC(31) Pause Young (Normal) (G1 Evacuation Pause)
[2023-02-20T21:40:37.386+0800][193969.001s] GC(31) Using 10 workers of 10 for evacuation
[2023-02-20T21:40:37.390+0800][193969.005s] GC(31)   Pre Evacuate Collection Set: 0.1ms
[2023-02-20T21:40:37.390+0800][193969.005s] GC(31)   Merge Heap Roots: 0.1ms
[2023-02-20T21:40:37.390+0800][193969.005s] GC(31)   Evacuate Collection Set: 3.3ms
[2023-02-20T21:40:37.390+0800][193969.005s] GC(31)   Post Evacuate Collection Set: 0.8ms
[2023-02-20T21:40:37.390+0800][193969.005s] GC(31)   Other: 0.1ms
[2023-02-20T21:40:37.390+0800][193969.005s] GC(31) Eden regions: 293->0(290)
[2023-02-20T21:40:37.390+0800][193969.005s] GC(31) Survivor regions: 14->17(39)
[2023-02-20T21:40:37.390+0800][193969.005s] GC(31) Old regions: 95->95
[2023-02-20T21:40:37.390+0800][193969.005s] GC(31) Archive regions: 0->0
[2023-02-20T21:40:37.390+0800][193969.005s] GC(31) Humongous regions: 7->7
[2023-02-20T21:40:37.390+0800][193969.005s] GC(31) Metaspace: 57241K(57856K)->57241K(57856K) NonClass: 50931K(51264K)->50931K(51264K) Class: 6309K(6592K)->6309K(6592K)
[2023-02-20T21:40:37.390+0800][193969.005s] GC(31) Pause Young (Normal) (G1 Evacuation Pause) 408M->117M(512M) 4.572ms
[2023-02-20T21:40:37.390+0800][193969.005s] GC(31) User=0.00s Sys=0.00s Real=0.00s
[2023-02-20T21:43:13.775+0800][194125.390s] GC(32) Pause Young (Normal) (G1 Evacuation Pause)
[2023-02-20T21:43:13.775+0800][194125.390s] GC(32) Using 10 workers of 10 for evacuation
[2023-02-20T21:43:13.778+0800][194125.393s] GC(32)   Pre Evacuate Collection Set: 0.1ms
[2023-02-20T21:43:13.778+0800][194125.393s] GC(32)   Merge Heap Roots: 0.1ms
[2023-02-20T21:43:13.778+0800][194125.393s] GC(32)   Evacuate Collection Set: 2.2ms
[2023-02-20T21:43:13.778+0800][194125.393s] GC(32)   Post Evacuate Collection Set: 0.5ms
[2023-02-20T21:43:13.778+0800][194125.393s] GC(32)   Other: 0.1ms
[2023-02-20T21:43:13.778+0800][194125.393s] GC(32) Eden regions: 290->0(300)
[2023-02-20T21:43:13.778+0800][194125.393s] GC(32) Survivor regions: 17->7(39)
[2023-02-20T21:43:13.778+0800][194125.393s] GC(32) Old regions: 95->98
[2023-02-20T21:43:13.778+0800][194125.393s] GC(32) Archive regions: 0->0
[2023-02-20T21:43:13.778+0800][194125.393s] GC(32) Humongous regions: 7->7
[2023-02-20T21:43:13.778+0800][194125.393s] GC(32) Metaspace: 57492K(58112K)->57492K(58112K) NonClass: 51159K(51520K)->51159K(51520K) Class: 6332K(6592K)->6332K(6592K)
[2023-02-20T21:43:13.778+0800][194125.393s] GC(32) Pause Young (Normal) (G1 Evacuation Pause) 407M->111M(512M) 3.150ms
[2023-02-20T21:43:13.778+0800][194125.393s] GC(32) User=0.00s Sys=0.00s Real=0.00s
[2023-02-20T21:44:08.542+0800][194180.158s] GC(33) Pause Young (Normal) (G1 Evacuation Pause)
[2023-02-20T21:44:08.542+0800][194180.158s] GC(33) Using 10 workers of 10 for evacuation
[2023-02-20T21:44:08.547+0800][194180.162s] GC(33)   Pre Evacuate Collection Set: 0.1ms
[2023-02-20T21:44:08.547+0800][194180.162s] GC(33)   Merge Heap Roots: 0.1ms
[2023-02-20T21:44:08.547+0800][194180.162s] GC(33)   Evacuate Collection Set: 3.8ms
[2023-02-20T21:44:08.547+0800][194180.162s] GC(33)   Post Evacuate Collection Set: 0.5ms
[2023-02-20T21:44:08.547+0800][194180.162s] GC(33)   Other: 0.1ms
[2023-02-20T21:44:08.547+0800][194180.162s] GC(33) Eden regions: 300->0(291)
[2023-02-20T21:44:08.547+0800][194180.162s] GC(33) Survivor regions: 7->16(39)
[2023-02-20T21:44:08.547+0800][194180.162s] GC(33) Old regions: 98->99
[2023-02-20T21:44:08.547+0800][194180.162s] GC(33) Archive regions: 0->0
[2023-02-20T21:44:08.547+0800][194180.162s] GC(33) Humongous regions: 7->7
[2023-02-20T21:44:08.547+0800][194180.162s] GC(33) Metaspace: 57580K(58240K)->57580K(58240K) NonClass: 51247K(51648K)->51247K(51648K) Class: 6332K(6592K)->6332K(6592K)
[2023-02-20T21:44:08.547+0800][194180.162s] GC(33) Pause Young (Normal) (G1 Evacuation Pause) 411M->121M(512M) 4.696ms
[2023-02-20T21:44:08.547+0800][194180.162s] GC(33) User=0.00s Sys=0.00s Real=0.00s
[2023-02-20T21:44:15.471+0800][194187.086s] GC(34) Pause Young (Normal) (G1 Evacuation Pause)
[2023-02-20T21:44:15.471+0800][194187.086s] GC(34) Using 10 workers of 10 for evacuation
[2023-02-20T21:44:15.474+0800][194187.089s] GC(34)   Pre Evacuate Collection Set: 0.1ms
[2023-02-20T21:44:15.474+0800][194187.089s] GC(34)   Merge Heap Roots: 0.1ms
[2023-02-20T21:44:15.474+0800][194187.089s] GC(34)   Evacuate Collection Set: 2.5ms
[2023-02-20T21:44:15.474+0800][194187.089s] GC(34)   Post Evacuate Collection Set: 0.5ms
[2023-02-20T21:44:15.474+0800][194187.089s] GC(34)   Other: 0.1ms
[2023-02-20T21:44:15.474+0800][194187.090s] GC(34) Eden regions: 291->0(293)
[2023-02-20T21:44:15.474+0800][194187.090s] GC(34) Survivor regions: 16->14(39)
[2023-02-20T21:44:15.474+0800][194187.090s] GC(34) Old regions: 99->99
[2023-02-20T21:44:15.474+0800][194187.090s] GC(34) Archive regions: 0->0
[2023-02-20T21:44:15.474+0800][194187.090s] GC(34) Humongous regions: 7->7
[2023-02-20T21:44:15.474+0800][194187.090s] GC(34) Metaspace: 57604K(58240K)->57604K(58240K) NonClass: 51272K(51648K)->51272K(51648K) Class: 6332K(6592K)->6332K(6592K)
[2023-02-20T21:44:15.474+0800][194187.090s] GC(34) Pause Young (Normal) (G1 Evacuation Pause) 412M->118M(512M) 3.388ms
[2023-02-20T21:44:15.474+0800][194187.090s] GC(34) User=0.00s Sys=0.00s Real=0.00s
[2023-02-20T21:44:17.900+0800][194189.515s] GC(35) Pause Young (Normal) (G1 Evacuation Pause)
[2023-02-20T21:44:17.900+0800][194189.515s] GC(35) Using 10 workers of 10 for evacuation
[2023-02-20T21:44:17.903+0800][194189.518s] GC(35)   Pre Evacuate Collection Set: 0.1ms
[2023-02-20T21:44:17.903+0800][194189.518s] GC(35)   Merge Heap Roots: 0.1ms
[2023-02-20T21:44:17.903+0800][194189.518s] GC(35)   Evacuate Collection Set: 2.5ms
[2023-02-20T21:44:17.903+0800][194189.518s] GC(35)   Post Evacuate Collection Set: 0.6ms
[2023-02-20T21:44:17.903+0800][194189.518s] GC(35)   Other: 0.1ms
[2023-02-20T21:44:17.903+0800][194189.518s] GC(35) Eden regions: 293->0(293)
[2023-02-20T21:44:17.903+0800][194189.518s] GC(35) Survivor regions: 14->14(39)
[2023-02-20T21:44:17.903+0800][194189.518s] GC(35) Old regions: 99->99
[2023-02-20T21:44:17.903+0800][194189.518s] GC(35) Archive regions: 0->0
[2023-02-20T21:44:17.903+0800][194189.518s] GC(35) Humongous regions: 7->7
[2023-02-20T21:44:17.903+0800][194189.518s] GC(35) Metaspace: 57621K(58240K)->57621K(58240K) NonClass: 51289K(51648K)->51289K(51648K) Class: 6332K(6592K)->6332K(6592K)
[2023-02-20T21:44:17.903+0800][194189.518s] GC(35) Pause Young (Normal) (G1 Evacuation Pause) 411M->118M(512M) 3.607ms
[2023-02-20T21:44:17.903+0800][194189.518s] GC(35) User=0.00s Sys=0.00s Real=0.00s
[2023-02-20T23:22:51.553+0800][200103.168s] GC(36) Pause Young (Normal) (G1 Evacuation Pause)
[2023-02-20T23:22:51.553+0800][200103.168s] GC(36) Using 10 workers of 10 for evacuation
[2023-02-20T23:22:51.568+0800][200103.183s] GC(36)   Pre Evacuate Collection Set: 0.7ms
[2023-02-20T23:22:51.568+0800][200103.183s] GC(36)   Merge Heap Roots: 0.2ms
[2023-02-20T23:22:51.568+0800][200103.183s] GC(36)   Evacuate Collection Set: 11.7ms
[2023-02-20T23:22:51.568+0800][200103.183s] GC(36)   Post Evacuate Collection Set: 1.7ms
[2023-02-20T23:22:51.568+0800][200103.183s] GC(36)   Other: 0.3ms
[2023-02-20T23:22:51.568+0800][200103.183s] GC(36) Eden regions: 293->0(291)
[2023-02-20T23:22:51.568+0800][200103.183s] GC(36) Survivor regions: 14->16(39)
[2023-02-20T23:22:51.568+0800][200103.183s] GC(36) Old regions: 99->99
[2023-02-20T23:22:51.568+0800][200103.183s] GC(36) Archive regions: 0->0
[2023-02-20T23:22:51.568+0800][200103.183s] GC(36) Humongous regions: 7->7
[2023-02-20T23:22:51.568+0800][200103.183s] GC(36) Metaspace: 58074K(58752K)->58074K(58752K) NonClass: 51700K(52096K)->51700K(52096K) Class: 6374K(6656K)->6374K(6656K)
[2023-02-20T23:22:51.568+0800][200103.183s] GC(36) Pause Young (Normal) (G1 Evacuation Pause) 411M->121M(512M) 14.823ms
[2023-02-20T23:22:51.568+0800][200103.183s] GC(36) User=0.00s Sys=0.14s Real=0.02s
[2023-02-20T23:23:08.851+0800][200120.466s] GC(37) Pause Young (Normal) (G1 Evacuation Pause)
[2023-02-20T23:23:08.851+0800][200120.466s] GC(37) Using 10 workers of 10 for evacuation
[2023-02-20T23:23:08.856+0800][200120.470s] GC(37)   Pre Evacuate Collection Set: 0.1ms
[2023-02-20T23:23:08.856+0800][200120.470s] GC(37)   Merge Heap Roots: 0.1ms
[2023-02-20T23:23:08.856+0800][200120.470s] GC(37)   Evacuate Collection Set: 4.1ms
[2023-02-20T23:23:08.856+0800][200120.470s] GC(37)   Post Evacuate Collection Set: 0.5ms
[2023-02-20T23:23:08.856+0800][200120.471s] GC(37)   Other: 0.1ms
[2023-02-20T23:23:08.856+0800][200120.471s] GC(37) Eden regions: 291->0(288)
[2023-02-20T23:23:08.856+0800][200120.471s] GC(37) Survivor regions: 16->19(39)
[2023-02-20T23:23:08.856+0800][200120.471s] GC(37) Old regions: 99->99
[2023-02-20T23:23:08.856+0800][200120.471s] GC(37) Archive regions: 0->0
[2023-02-20T23:23:08.856+0800][200120.471s] GC(37) Humongous regions: 7->7
[2023-02-20T23:23:08.856+0800][200120.471s] GC(37) Metaspace: 58094K(58752K)->58094K(58752K) NonClass: 51720K(52096K)->51720K(52096K) Class: 6374K(6656K)->6374K(6656K)
[2023-02-20T23:23:08.856+0800][200120.471s] GC(37) Pause Young (Normal) (G1 Evacuation Pause) 412M->123M(512M) 4.930ms
[2023-02-20T23:23:08.856+0800][200120.471s] GC(37) User=0.16s Sys=0.00s Real=0.00s
[2023-02-20T23:30:38.825+0800][200570.440s] GC(38) Pause Young (Normal) (G1 Evacuation Pause)
[2023-02-20T23:30:38.825+0800][200570.440s] GC(38) Using 10 workers of 10 for evacuation
[2023-02-20T23:30:38.829+0800][200570.443s] GC(38)   Pre Evacuate Collection Set: 0.2ms
[2023-02-20T23:30:38.829+0800][200570.443s] GC(38)   Merge Heap Roots: 0.1ms
[2023-02-20T23:30:38.829+0800][200570.443s] GC(38)   Evacuate Collection Set: 2.3ms
[2023-02-20T23:30:38.829+0800][200570.443s] GC(38)   Post Evacuate Collection Set: 0.8ms
[2023-02-20T23:30:38.829+0800][200570.443s] GC(38)   Other: 0.1ms
[2023-02-20T23:30:38.829+0800][200570.443s] GC(38) Eden regions: 288->0(295)
[2023-02-20T23:30:38.829+0800][200570.443s] GC(38) Survivor regions: 19->12(39)
[2023-02-20T23:30:38.829+0800][200570.443s] GC(38) Old regions: 99->99
[2023-02-20T23:30:38.829+0800][200570.443s] GC(38) Archive regions: 0->0
[2023-02-20T23:30:38.829+0800][200570.443s] GC(38) Humongous regions: 7->7
[2023-02-20T23:30:38.829+0800][200570.443s] GC(38) Metaspace: 58115K(58752K)->58115K(58752K) NonClass: 51741K(52096K)->51741K(52096K) Class: 6374K(6656K)->6374K(6656K)
[2023-02-20T23:30:38.829+0800][200570.443s] GC(38) Pause Young (Normal) (G1 Evacuation Pause) 411M->117M(512M) 3.740ms
[2023-02-20T23:30:38.829+0800][200570.443s] GC(38) User=0.00s Sys=0.00s Real=0.00s
[2023-02-21T02:04:46.153+0800][209817.768s] GC(39) Pause Young (Normal) (G1 Evacuation Pause)
[2023-02-21T02:04:46.156+0800][209817.771s] GC(39) Using 10 workers of 10 for evacuation
[2023-02-21T02:04:46.175+0800][209817.789s] GC(39)   Pre Evacuate Collection Set: 1.3ms
[2023-02-21T02:04:46.175+0800][209817.789s] GC(39)   Merge Heap Roots: 0.2ms
[2023-02-21T02:04:46.175+0800][209817.790s] GC(39)   Evacuate Collection Set: 12.4ms
[2023-02-21T02:04:46.175+0800][209817.790s] GC(39)   Post Evacuate Collection Set: 3.6ms
[2023-02-21T02:04:46.175+0800][209817.790s] GC(39)   Other: 1.4ms
[2023-02-21T02:04:46.175+0800][209817.790s] GC(39) Eden regions: 295->0(295)
[2023-02-21T02:04:46.175+0800][209817.790s] GC(39) Survivor regions: 12->12(39)
[2023-02-21T02:04:46.175+0800][209817.790s] GC(39) Old regions: 99->99
[2023-02-21T02:04:46.175+0800][209817.790s] GC(39) Archive regions: 0->0
[2023-02-21T02:04:46.175+0800][209817.790s] GC(39) Humongous regions: 7->7
[2023-02-21T02:04:46.175+0800][209817.790s] GC(39) Metaspace: 58116K(58752K)->58116K(58752K) NonClass: 51742K(52096K)->51742K(52096K) Class: 6374K(6656K)->6374K(6656K)
[2023-02-21T02:04:46.175+0800][209817.790s] GC(39) Pause Young (Normal) (G1 Evacuation Pause) 412M->117M(512M) 22.099ms
[2023-02-21T02:04:46.175+0800][209817.790s] GC(39) User=0.08s Sys=0.08s Real=0.02s
[2023-02-21T10:46:55.471+0800][241147.104s] GC(40) Pause Young (Normal) (G1 Evacuation Pause)
[2023-02-21T10:46:55.476+0800][241147.110s] GC(40) Using 10 workers of 10 for evacuation
[2023-02-21T10:46:55.495+0800][241147.129s] GC(40)   Pre Evacuate Collection Set: 1.7ms
[2023-02-21T10:46:55.495+0800][241147.129s] GC(40)   Merge Heap Roots: 0.6ms
[2023-02-21T10:46:55.495+0800][241147.129s] GC(40)   Evacuate Collection Set: 12.0ms
[2023-02-21T10:46:55.495+0800][241147.129s] GC(40)   Post Evacuate Collection Set: 2.9ms
[2023-02-21T10:46:55.496+0800][241147.129s] GC(40)   Other: 3.7ms
[2023-02-21T10:46:55.496+0800][241147.129s] GC(40) Eden regions: 295->0(295)
[2023-02-21T10:46:55.496+0800][241147.129s] GC(40) Survivor regions: 12->12(39)
[2023-02-21T10:46:55.496+0800][241147.129s] GC(40) Old regions: 99->99
[2023-02-21T10:46:55.496+0800][241147.129s] GC(40) Archive regions: 0->0
[2023-02-21T10:46:55.496+0800][241147.129s] GC(40) Humongous regions: 7->7
[2023-02-21T10:46:55.496+0800][241147.129s] GC(40) Metaspace: 58116K(58752K)->58116K(58752K) NonClass: 51742K(52096K)->51742K(52096K) Class: 6374K(6656K)->6374K(6656K)
[2023-02-21T10:46:55.496+0800][241147.129s] GC(40) Pause Young (Normal) (G1 Evacuation Pause) 412M->117M(512M) 25.670ms
[2023-02-21T10:46:55.496+0800][241147.129s] GC(40) User=0.02s Sys=0.12s Real=0.03s
[2023-02-21T13:22:01.559+0800][250453.193s] GC(41) Pause Young (Normal) (G1 Evacuation Pause)
[2023-02-21T13:22:01.560+0800][250453.193s] GC(41) Using 10 workers of 10 for evacuation
[2023-02-21T13:22:01.571+0800][250453.204s] GC(41)   Pre Evacuate Collection Set: 0.6ms
[2023-02-21T13:22:01.571+0800][250453.204s] GC(41)   Merge Heap Roots: 0.2ms
[2023-02-21T13:22:01.571+0800][250453.204s] GC(41)   Evacuate Collection Set: 8.5ms
[2023-02-21T13:22:01.571+0800][250453.204s] GC(41)   Post Evacuate Collection Set: 1.8ms
[2023-02-21T13:22:01.571+0800][250453.204s] GC(41)   Other: 0.3ms
[2023-02-21T13:22:01.571+0800][250453.204s] GC(41) Eden regions: 295->0(295)
[2023-02-21T13:22:01.571+0800][250453.204s] GC(41) Survivor regions: 12->12(39)
[2023-02-21T13:22:01.571+0800][250453.204s] GC(41) Old regions: 99->99
[2023-02-21T13:22:01.571+0800][250453.204s] GC(41) Archive regions: 0->0
[2023-02-21T13:22:01.571+0800][250453.204s] GC(41) Humongous regions: 7->7
[2023-02-21T13:22:01.571+0800][250453.204s] GC(41) Metaspace: 58121K(58752K)->58121K(58752K) NonClass: 51747K(52096K)->51747K(52096K) Class: 6374K(6656K)->6374K(6656K)
[2023-02-21T13:22:01.571+0800][250453.204s] GC(41) Pause Young (Normal) (G1 Evacuation Pause) 412M->117M(512M) 11.894ms
[2023-02-21T13:22:01.571+0800][250453.204s] GC(41) User=0.00s Sys=0.02s Real=0.01s
[2023-02-21T15:56:07.587+0800][259699.220s] GC(42) Pause Young (Normal) (G1 Evacuation Pause)
[2023-02-21T15:56:07.587+0800][259699.221s] GC(42) Using 10 workers of 10 for evacuation
[2023-02-21T15:56:07.599+0800][259699.232s] GC(42)   Pre Evacuate Collection Set: 0.5ms
[2023-02-21T15:56:07.599+0800][259699.232s] GC(42)   Merge Heap Roots: 0.3ms
[2023-02-21T15:56:07.599+0800][259699.232s] GC(42)   Evacuate Collection Set: 8.7ms
[2023-02-21T15:56:07.599+0800][259699.232s] GC(42)   Post Evacuate Collection Set: 1.8ms
[2023-02-21T15:56:07.599+0800][259699.232s] GC(42)   Other: 0.3ms
[2023-02-21T15:56:07.599+0800][259699.232s] GC(42) Eden regions: 295->0(295)
[2023-02-21T15:56:07.599+0800][259699.232s] GC(42) Survivor regions: 12->12(39)
[2023-02-21T15:56:07.599+0800][259699.232s] GC(42) Old regions: 99->99
[2023-02-21T15:56:07.599+0800][259699.232s] GC(42) Archive regions: 0->0
[2023-02-21T15:56:07.599+0800][259699.232s] GC(42) Humongous regions: 7->7
[2023-02-21T15:56:07.599+0800][259699.232s] GC(42) Metaspace: 58121K(58752K)->58121K(58752K) NonClass: 51747K(52096K)->51747K(52096K) Class: 6374K(6656K)->6374K(6656K)
[2023-02-21T15:56:07.599+0800][259699.232s] GC(42) Pause Young (Normal) (G1 Evacuation Pause) 412M->116M(512M) 12.136ms
[2023-02-21T15:56:07.599+0800][259699.232s] GC(42) User=0.00s Sys=0.00s Real=0.01s
[2023-02-21T16:46:02.614+0800][262694.248s] Heap
[2023-02-21T16:46:02.614+0800][262694.248s]  garbage-first heap   total 524288K, used 248703K [0x00000000e0000000, 0x0000000100000000)
[2023-02-21T16:46:02.614+0800][262694.248s]   region size 1024K, 138 young (141312K), 12 survivors (12288K)
[2023-02-21T16:46:02.614+0800][262694.248s]  Metaspace       used 58300K, committed 58944K, reserved 1114112K
[2023-02-21T16:46:02.614+0800][262694.248s]   class space    used 6397K, committed 6656K, reserved 1048576K
