[2023-03-04T02:50:58.765+0800][0.010s] CardTable entry size: 512
[2023-03-04T02:50:58.766+0800][0.011s] Using G1
[2023-03-04T02:50:58.871+0800][0.115s] Version: 19.0.2+7-44 (release)
[2023-03-04T02:50:58.871+0800][0.116s] CPUs: 12 total, 12 available
[2023-03-04T02:50:58.871+0800][0.116s] Memory: 16251M
[2023-03-04T02:50:58.871+0800][0.116s] Large Page Support: Disabled
[2023-03-04T02:50:58.871+0800][0.116s] NUMA Support: Disabled
[2023-03-04T02:50:58.871+0800][0.116s] Compressed Oops: Enabled (32-bit)
[2023-03-04T02:50:58.871+0800][0.116s] Heap Region Size: 1M
[2023-03-04T02:50:58.871+0800][0.116s] Heap Min Capacity: 512M
[2023-03-04T02:50:58.871+0800][0.116s] Heap Initial Capacity: 512M
[2023-03-04T02:50:58.871+0800][0.116s] Heap Max Capacity: 512M
[2023-03-04T02:50:58.871+0800][0.116s] Pre-touch: Enabled
[2023-03-04T02:50:58.871+0800][0.116s] Parallel Workers: 10
[2023-03-04T02:50:58.871+0800][0.116s] Concurrent Workers: 3
[2023-03-04T02:50:58.871+0800][0.116s] Concurrent Refinement Workers: 10
[2023-03-04T02:50:58.871+0800][0.116s] Periodic GC: Disabled
[2023-03-04T02:50:58.872+0800][0.117s] CDS archive(s) mapped at: [0x0000000800000000-0x0000000800c40000-0x0000000800c40000), size 12845056, SharedBaseAddress: 0x0000000800000000, ArchiveRelocationMode: 0.
[2023-03-04T02:50:58.872+0800][0.117s] Compressed class space mapped at: 0x0000000801000000-0x0000000841000000, reserved size: 1073741824
[2023-03-04T02:50:58.872+0800][0.117s] Narrow klass base: 0x0000000800000000, Narrow klass shift: 0, Narrow klass range: 0x100000000
[2023-03-04T02:50:59.547+0800][0.792s] GC(0) Pause Young (Normal) (G1 Evacuation Pause)
[2023-03-04T02:50:59.547+0800][0.793s] GC(0) Using 10 workers of 10 for evacuation
[2023-03-04T02:50:59.550+0800][0.796s] GC(0)   Pre Evacuate Collection Set: 0.1ms
[2023-03-04T02:50:59.550+0800][0.796s] GC(0)   Merge Heap Roots: 0.0ms
[2023-03-04T02:50:59.550+0800][0.796s] GC(0)   Evacuate Collection Set: 2.3ms
[2023-03-04T02:50:59.550+0800][0.796s] GC(0)   Post Evacuate Collection Set: 0.5ms
[2023-03-04T02:50:59.550+0800][0.796s] GC(0)   Other: 0.4ms
[2023-03-04T02:50:59.550+0800][0.796s] GC(0) Eden regions: 29->0(38)
[2023-03-04T02:50:59.550+0800][0.796s] GC(0) Survivor regions: 0->4(4)
[2023-03-04T02:50:59.550+0800][0.796s] GC(0) Old regions: 0->2
[2023-03-04T02:50:59.550+0800][0.796s] GC(0) Archive regions: 0->0
[2023-03-04T02:50:59.550+0800][0.796s] GC(0) Humongous regions: 0->0
[2023-03-04T02:50:59.550+0800][0.796s] GC(0) Metaspace: 10389K(10624K)->10389K(10624K) NonClass: 9208K(9344K)->9208K(9344K) Class: 1181K(1280K)->1181K(1280K)
[2023-03-04T02:50:59.550+0800][0.796s] GC(0) Pause Young (Normal) (G1 Evacuation Pause) 29M->5M(512M) 3.566ms
[2023-03-04T02:50:59.550+0800][0.796s] GC(0) User=0.00s Sys=0.00s Real=0.00s
[2023-03-04T02:51:00.048+0800][1.293s] GC(1) Pause Young (Normal) (G1 Evacuation Pause)
[2023-03-04T02:51:00.049+0800][1.293s] GC(1) Using 10 workers of 10 for evacuation
[2023-03-04T02:51:00.053+0800][1.298s] GC(1)   Pre Evacuate Collection Set: 0.0ms
[2023-03-04T02:51:00.053+0800][1.298s] GC(1)   Merge Heap Roots: 0.0ms
[2023-03-04T02:51:00.053+0800][1.298s] GC(1)   Evacuate Collection Set: 3.9ms
[2023-03-04T02:51:00.053+0800][1.298s] GC(1)   Post Evacuate Collection Set: 0.5ms
[2023-03-04T02:51:00.053+0800][1.298s] GC(1)   Other: 0.1ms
[2023-03-04T02:51:00.053+0800][1.298s] GC(1) Eden regions: 38->0(50)
[2023-03-04T02:51:00.053+0800][1.298s] GC(1) Survivor regions: 4->6(6)
[2023-03-04T02:51:00.053+0800][1.298s] GC(1) Old regions: 2->10
[2023-03-04T02:51:00.053+0800][1.298s] GC(1) Archive regions: 0->0
[2023-03-04T02:51:00.053+0800][1.298s] GC(1) Humongous regions: 4->4
[2023-03-04T02:51:00.053+0800][1.298s] GC(1) Metaspace: 16587K(16896K)->16587K(16896K) NonClass: 14727K(14912K)->14727K(14912K) Class: 1860K(1984K)->1860K(1984K)
[2023-03-04T02:51:00.053+0800][1.298s] GC(1) Pause Young (Normal) (G1 Evacuation Pause) 47M->19M(512M) 4.718ms
[2023-03-04T02:51:00.053+0800][1.298s] GC(1) User=0.00s Sys=0.00s Real=0.00s
[2023-03-04T02:51:00.438+0800][1.683s] GC(2) Pause Young (Concurrent Start) (Metadata GC Threshold)
[2023-03-04T02:51:00.438+0800][1.683s] GC(2) Using 10 workers of 10 for evacuation
[2023-03-04T02:51:00.441+0800][1.685s] GC(2)   Pre Evacuate Collection Set: 0.7ms
[2023-03-04T02:51:00.441+0800][1.685s] GC(2)   Merge Heap Roots: 0.0ms
[2023-03-04T02:51:00.441+0800][1.685s] GC(2)   Evacuate Collection Set: 1.8ms
[2023-03-04T02:51:00.441+0800][1.685s] GC(2)   Post Evacuate Collection Set: 0.3ms
[2023-03-04T02:51:00.441+0800][1.685s] GC(2)   Other: -0.3ms
[2023-03-04T02:51:00.441+0800][1.685s] GC(2) Eden regions: 41->0(76)
[2023-03-04T02:51:00.441+0800][1.685s] GC(2) Survivor regions: 6->5(7)
[2023-03-04T02:51:00.441+0800][1.685s] GC(2) Old regions: 10->17
[2023-03-04T02:51:00.441+0800][1.685s] GC(2) Archive regions: 0->0
[2023-03-04T02:51:00.441+0800][1.685s] GC(2) Humongous regions: 4->4
[2023-03-04T02:51:00.441+0800][1.685s] GC(2) Metaspace: 21141K(21504K)->21141K(21504K) NonClass: 18835K(19008K)->18835K(19008K) Class: 2306K(2496K)->2306K(2496K)
[2023-03-04T02:51:00.441+0800][1.686s] GC(2) Pause Young (Concurrent Start) (Metadata GC Threshold) 60M->25M(512M) 2.795ms
[2023-03-04T02:51:00.441+0800][1.686s] GC(2) User=0.00s Sys=0.00s Real=0.00s
[2023-03-04T02:51:00.441+0800][1.686s] GC(3) Concurrent Mark Cycle
[2023-03-04T02:51:00.441+0800][1.686s] GC(3) Concurrent Clear Claimed Marks
[2023-03-04T02:51:00.441+0800][1.686s] GC(3) Concurrent Clear Claimed Marks 0.022ms
[2023-03-04T02:51:00.441+0800][1.686s] GC(3) Concurrent Scan Root Regions
[2023-03-04T02:51:00.441+0800][1.686s] GC(3) Concurrent Scan Root Regions 0.878ms
[2023-03-04T02:51:00.442+0800][1.687s] GC(3) Concurrent Mark
[2023-03-04T02:51:00.442+0800][1.687s] GC(3) Concurrent Mark From Roots
[2023-03-04T02:51:00.442+0800][1.687s] GC(3) Using 3 workers of 3 for marking
[2023-03-04T02:51:00.445+0800][1.690s] GC(3) Concurrent Mark From Roots 3.610ms
[2023-03-04T02:51:00.445+0800][1.690s] GC(3) Concurrent Preclean
[2023-03-04T02:51:00.445+0800][1.690s] GC(3) Concurrent Preclean 0.025ms
[2023-03-04T02:51:00.445+0800][1.690s] GC(3) Pause Remark
[2023-03-04T02:51:00.446+0800][1.691s] GC(3) Pause Remark 26M->26M(512M) 0.938ms
[2023-03-04T02:51:00.446+0800][1.691s] GC(3) User=0.00s Sys=0.00s Real=0.00s
[2023-03-04T02:51:00.446+0800][1.691s] GC(3) Concurrent Mark 4.711ms
[2023-03-04T02:51:00.446+0800][1.691s] GC(3) Concurrent Rebuild Remembered Sets
[2023-03-04T02:51:00.448+0800][1.693s] GC(3) Concurrent Rebuild Remembered Sets 2.251ms
[2023-03-04T02:51:00.449+0800][1.694s] GC(3) Pause Cleanup
[2023-03-04T02:51:00.449+0800][1.694s] GC(3) Pause Cleanup 26M->26M(512M) 0.062ms
[2023-03-04T02:51:00.449+0800][1.694s] GC(3) User=0.00s Sys=0.00s Real=0.00s
[2023-03-04T02:51:00.449+0800][1.694s] GC(3) Concurrent Cleanup for Next Mark
[2023-03-04T02:51:00.449+0800][1.694s] GC(3) Concurrent Cleanup for Next Mark 0.633ms
[2023-03-04T02:51:00.449+0800][1.694s] GC(3) Concurrent Mark Cycle 8.788ms
[2023-03-04T02:51:01.460+0800][2.705s] GC(4) Pause Young (Prepare Mixed) (Metadata GC Threshold)
[2023-03-04T02:51:01.460+0800][2.705s] GC(4) Using 10 workers of 10 for evacuation
[2023-03-04T02:51:01.463+0800][2.708s] GC(4)   Pre Evacuate Collection Set: 0.0ms
[2023-03-04T02:51:01.463+0800][2.708s] GC(4)   Merge Heap Roots: 0.0ms
[2023-03-04T02:51:01.463+0800][2.708s] GC(4)   Evacuate Collection Set: 2.6ms
[2023-03-04T02:51:01.463+0800][2.708s] GC(4)   Post Evacuate Collection Set: 0.4ms
[2023-03-04T02:51:01.463+0800][2.708s] GC(4)   Other: 0.1ms
[2023-03-04T02:51:01.463+0800][2.708s] GC(4) Eden regions: 79->0(14)
[2023-03-04T02:51:01.463+0800][2.708s] GC(4) Survivor regions: 5->11(11)
[2023-03-04T02:51:01.463+0800][2.708s] GC(4) Old regions: 17->17
[2023-03-04T02:51:01.463+0800][2.708s] GC(4) Archive regions: 0->0
[2023-03-04T02:51:01.463+0800][2.708s] GC(4) Humongous regions: 4->4
[2023-03-04T02:51:01.463+0800][2.708s] GC(4) Metaspace: 35579K(35968K)->35579K(35968K) NonClass: 31567K(31744K)->31567K(31744K) Class: 4011K(4224K)->4011K(4224K)
[2023-03-04T02:51:01.463+0800][2.708s] GC(4) Pause Young (Prepare Mixed) (Metadata GC Threshold) 103M->30M(512M) 3.337ms
[2023-03-04T02:51:01.463+0800][2.708s] GC(4) User=0.00s Sys=0.00s Real=0.00s
[2023-03-04T02:51:01.482+0800][2.727s] GC(5) Pause Young (Mixed) (Metadata GC Threshold)
[2023-03-04T02:51:01.482+0800][2.727s] GC(5) Using 10 workers of 10 for evacuation
[2023-03-04T02:51:01.485+0800][2.730s] GC(5)   Pre Evacuate Collection Set: 0.1ms
[2023-03-04T02:51:01.485+0800][2.730s] GC(5)   Merge Heap Roots: 0.0ms
[2023-03-04T02:51:01.485+0800][2.730s] GC(5)   Evacuate Collection Set: 2.2ms
[2023-03-04T02:51:01.485+0800][2.730s] GC(5)   Post Evacuate Collection Set: 0.4ms
[2023-03-04T02:51:01.485+0800][2.730s] GC(5)   Other: 0.1ms
[2023-03-04T02:51:01.485+0800][2.730s] GC(5) Eden regions: 2->0(306)
[2023-03-04T02:51:01.485+0800][2.730s] GC(5) Survivor regions: 11->1(4)
[2023-03-04T02:51:01.485+0800][2.730s] GC(5) Old regions: 17->26
[2023-03-04T02:51:01.485+0800][2.730s] GC(5) Archive regions: 0->0
[2023-03-04T02:51:01.485+0800][2.730s] GC(5) Humongous regions: 4->4
[2023-03-04T02:51:01.485+0800][2.730s] GC(5) Metaspace: 35939K(36288K)->35939K(36288K) NonClass: 31883K(32064K)->31883K(32064K) Class: 4055K(4224K)->4055K(4224K)
[2023-03-04T02:51:01.485+0800][2.730s] GC(5) Pause Young (Mixed) (Metadata GC Threshold) 32M->30M(512M) 2.937ms
[2023-03-04T02:51:01.485+0800][2.730s] GC(5) User=0.17s Sys=0.00s Real=0.00s
[2023-03-04T02:51:01.504+0800][2.749s] GC(6) Pause Young (Concurrent Start) (Metadata GC Threshold)
[2023-03-04T02:51:01.504+0800][2.749s] GC(6) Using 10 workers of 10 for evacuation
[2023-03-04T02:51:01.505+0800][2.750s] GC(6)   Pre Evacuate Collection Set: 0.1ms
[2023-03-04T02:51:01.505+0800][2.750s] GC(6)   Merge Heap Roots: 0.0ms
[2023-03-04T02:51:01.505+0800][2.750s] GC(6)   Evacuate Collection Set: 0.4ms
[2023-03-04T02:51:01.505+0800][2.750s] GC(6)   Post Evacuate Collection Set: 0.2ms
[2023-03-04T02:51:01.505+0800][2.750s] GC(6)   Other: 0.0ms
[2023-03-04T02:51:01.505+0800][2.750s] GC(6) Eden regions: 2->0(306)
[2023-03-04T02:51:01.505+0800][2.750s] GC(6) Survivor regions: 1->1(39)
[2023-03-04T02:51:01.505+0800][2.750s] GC(6) Old regions: 26->26
[2023-03-04T02:51:01.505+0800][2.750s] GC(6) Archive regions: 0->0
[2023-03-04T02:51:01.505+0800][2.750s] GC(6) Humongous regions: 4->4
[2023-03-04T02:51:01.505+0800][2.750s] GC(6) Metaspace: 36196K(36608K)->36196K(36608K) NonClass: 32105K(32320K)->32105K(32320K) Class: 4091K(4288K)->4091K(4288K)
[2023-03-04T02:51:01.505+0800][2.750s] GC(6) Pause Young (Concurrent Start) (Metadata GC Threshold) 32M->29M(512M) 0.936ms
[2023-03-04T02:51:01.505+0800][2.750s] GC(6) User=0.00s Sys=0.00s Real=0.00s
[2023-03-04T02:51:01.505+0800][2.750s] GC(7) Concurrent Mark Cycle
[2023-03-04T02:51:01.505+0800][2.750s] GC(7) Concurrent Clear Claimed Marks
[2023-03-04T02:51:01.505+0800][2.750s] GC(7) Concurrent Clear Claimed Marks 0.024ms
[2023-03-04T02:51:01.505+0800][2.750s] GC(7) Concurrent Scan Root Regions
[2023-03-04T02:51:01.506+0800][2.751s] GC(7) Concurrent Scan Root Regions 0.435ms
[2023-03-04T02:51:01.506+0800][2.751s] GC(7) Concurrent Mark
[2023-03-04T02:51:01.506+0800][2.751s] GC(7) Concurrent Mark From Roots
[2023-03-04T02:51:01.506+0800][2.751s] GC(7) Using 3 workers of 3 for marking
[2023-03-04T02:51:01.516+0800][2.760s] GC(7) Concurrent Mark From Roots 9.759ms
[2023-03-04T02:51:01.516+0800][2.760s] GC(7) Concurrent Preclean
[2023-03-04T02:51:01.516+0800][2.760s] GC(7) Concurrent Preclean 0.067ms
[2023-03-04T02:51:01.516+0800][2.761s] GC(7) Pause Remark
[2023-03-04T02:51:01.519+0800][2.764s] GC(7) Pause Remark 33M->33M(512M) 3.308ms
[2023-03-04T02:51:01.519+0800][2.764s] GC(7) User=0.00s Sys=0.00s Real=0.00s
[2023-03-04T02:51:01.519+0800][2.764s] GC(7) Concurrent Mark 13.341ms
[2023-03-04T02:51:01.519+0800][2.764s] GC(7) Concurrent Rebuild Remembered Sets
[2023-03-04T02:51:01.523+0800][2.768s] GC(7) Concurrent Rebuild Remembered Sets 4.334ms
[2023-03-04T02:51:01.524+0800][2.769s] GC(7) Pause Cleanup
[2023-03-04T02:51:01.524+0800][2.769s] GC(7) Pause Cleanup 34M->34M(512M) 0.077ms
[2023-03-04T02:51:01.524+0800][2.769s] GC(7) User=0.00s Sys=0.00s Real=0.00s
[2023-03-04T02:51:01.524+0800][2.769s] GC(7) Concurrent Cleanup for Next Mark
[2023-03-04T02:51:01.525+0800][2.769s] GC(7) Concurrent Cleanup for Next Mark 0.753ms
[2023-03-04T02:51:01.525+0800][2.769s] GC(7) Concurrent Mark Cycle 19.364ms
[2023-03-04T02:51:03.014+0800][4.259s] GC(8) Pause Young (Prepare Mixed) (G1 Evacuation Pause)
[2023-03-04T02:51:03.014+0800][4.259s] GC(8) Using 10 workers of 10 for evacuation
[2023-03-04T02:51:03.026+0800][4.271s] GC(8)   Pre Evacuate Collection Set: 0.1ms
[2023-03-04T02:51:03.026+0800][4.271s] GC(8)   Merge Heap Roots: 0.1ms
[2023-03-04T02:51:03.026+0800][4.271s] GC(8)   Evacuate Collection Set: 10.8ms
[2023-03-04T02:51:03.026+0800][4.271s] GC(8)   Post Evacuate Collection Set: 0.7ms
[2023-03-04T02:51:03.026+0800][4.271s] GC(8)   Other: 0.1ms
[2023-03-04T02:51:03.026+0800][4.271s] GC(8) Eden regions: 306->0(1)
[2023-03-04T02:51:03.026+0800][4.271s] GC(8) Survivor regions: 1->37(39)
[2023-03-04T02:51:03.026+0800][4.271s] GC(8) Old regions: 26->26
[2023-03-04T02:51:03.026+0800][4.271s] GC(8) Archive regions: 0->0
[2023-03-04T02:51:03.026+0800][4.271s] GC(8) Humongous regions: 5->4
[2023-03-04T02:51:03.026+0800][4.271s] GC(8) Metaspace: 48079K(48640K)->48079K(48640K) NonClass: 42523K(42816K)->42523K(42816K) Class: 5556K(5824K)->5556K(5824K)
[2023-03-04T02:51:03.026+0800][4.271s] GC(8) Pause Young (Prepare Mixed) (G1 Evacuation Pause) 336M->66M(512M) 11.912ms
[2023-03-04T02:51:03.026+0800][4.271s] GC(8) User=0.00s Sys=0.00s Real=0.01s
[2023-03-04T02:51:03.026+0800][4.271s] GC(9) Pause Young (Mixed) (G1 Evacuation Pause)
[2023-03-04T02:51:03.026+0800][4.271s] GC(9) Using 10 workers of 10 for evacuation
[2023-03-04T02:51:03.034+0800][4.279s] GC(9)   Pre Evacuate Collection Set: 0.0ms
[2023-03-04T02:51:03.034+0800][4.279s] GC(9)   Merge Heap Roots: 0.0ms
[2023-03-04T02:51:03.034+0800][4.279s] GC(9)   Evacuate Collection Set: 7.5ms
[2023-03-04T02:51:03.034+0800][4.279s] GC(9)   Post Evacuate Collection Set: 0.4ms
[2023-03-04T02:51:03.034+0800][4.279s] GC(9)   Other: 0.0ms
[2023-03-04T02:51:03.034+0800][4.279s] GC(9) Eden regions: 1->0(270)
[2023-03-04T02:51:03.034+0800][4.279s] GC(9) Survivor regions: 37->2(5)
[2023-03-04T02:51:03.034+0800][4.279s] GC(9) Old regions: 26->63
[2023-03-04T02:51:03.034+0800][4.279s] GC(9) Archive regions: 0->0
[2023-03-04T02:51:03.034+0800][4.279s] GC(9) Humongous regions: 4->4
[2023-03-04T02:51:03.034+0800][4.279s] GC(9) Metaspace: 48079K(48640K)->48079K(48640K) NonClass: 42523K(42816K)->42523K(42816K) Class: 5556K(5824K)->5556K(5824K)
[2023-03-04T02:51:03.034+0800][4.279s] GC(9) Pause Young (Mixed) (G1 Evacuation Pause) 67M->67M(512M) 8.231ms
[2023-03-04T02:51:03.034+0800][4.279s] GC(9) User=0.16s Sys=0.00s Real=0.01s
[2023-03-04T11:35:25.184+0800][31466.447s] GC(10) Pause Young (Normal) (G1 Evacuation Pause)
[2023-03-04T11:35:25.184+0800][31466.447s] GC(10) Using 10 workers of 10 for evacuation
[2023-03-04T11:35:25.217+0800][31466.480s] GC(10)   Pre Evacuate Collection Set: 1.2ms
[2023-03-04T11:35:25.217+0800][31466.480s] GC(10)   Merge Heap Roots: 0.1ms
[2023-03-04T11:35:25.217+0800][31466.480s] GC(10)   Evacuate Collection Set: 29.0ms
[2023-03-04T11:35:25.217+0800][31466.480s] GC(10)   Post Evacuate Collection Set: 2.1ms
[2023-03-04T11:35:25.217+0800][31466.480s] GC(10)   Other: 0.3ms
[2023-03-04T11:35:25.217+0800][31466.480s] GC(10) Eden regions: 270->0(264)
[2023-03-04T11:35:25.217+0800][31466.480s] GC(10) Survivor regions: 2->26(34)
[2023-03-04T11:35:25.217+0800][31466.480s] GC(10) Old regions: 63->63
[2023-03-04T11:35:25.217+0800][31466.480s] GC(10) Archive regions: 0->0
[2023-03-04T11:35:25.217+0800][31466.480s] GC(10) Humongous regions: 4->4
[2023-03-04T11:35:25.217+0800][31466.480s] GC(10) Metaspace: 51536K(52160K)->51536K(52160K) NonClass: 45638K(45952K)->45638K(45952K) Class: 5898K(6208K)->5898K(6208K)
[2023-03-04T11:35:25.217+0800][31466.480s] GC(10) Pause Young (Normal) (G1 Evacuation Pause) 337M->92M(512M) 33.048ms
[2023-03-04T11:35:25.217+0800][31466.480s] GC(10) User=0.16s Sys=0.16s Real=0.03s
[2023-03-04T13:56:56.090+0800][39957.353s] GC(11) Pause Young (Normal) (G1 Evacuation Pause)
[2023-03-04T13:56:56.091+0800][39957.354s] GC(11) Using 10 workers of 10 for evacuation
[2023-03-04T13:56:56.104+0800][39957.368s] GC(11)   Pre Evacuate Collection Set: 0.8ms
[2023-03-04T13:56:56.104+0800][39957.368s] GC(11)   Merge Heap Roots: 0.4ms
[2023-03-04T13:56:56.104+0800][39957.368s] GC(11)   Evacuate Collection Set: 11.1ms
[2023-03-04T13:56:56.104+0800][39957.368s] GC(11)   Post Evacuate Collection Set: 1.0ms
[2023-03-04T13:56:56.104+0800][39957.368s] GC(11)   Other: 0.4ms
[2023-03-04T13:56:56.104+0800][39957.368s] GC(11) Eden regions: 264->0(285)
[2023-03-04T13:56:56.104+0800][39957.368s] GC(11) Survivor regions: 26->3(37)
[2023-03-04T13:56:56.104+0800][39957.368s] GC(11) Old regions: 63->89
[2023-03-04T13:56:56.104+0800][39957.368s] GC(11) Archive regions: 0->0
[2023-03-04T13:56:56.104+0800][39957.368s] GC(11) Humongous regions: 4->4
[2023-03-04T13:56:56.104+0800][39957.368s] GC(11) Metaspace: 51625K(52288K)->51625K(52288K) NonClass: 45726K(46080K)->45726K(46080K) Class: 5899K(6208K)->5899K(6208K)
[2023-03-04T13:56:56.104+0800][39957.368s] GC(11) Pause Young (Normal) (G1 Evacuation Pause) 356M->95M(512M) 14.336ms
[2023-03-04T13:56:56.104+0800][39957.368s] GC(11) User=0.02s Sys=0.14s Real=0.01s
[2023-03-04T16:30:35.370+0800][49176.633s] GC(12) Pause Young (Normal) (G1 Evacuation Pause)
[2023-03-04T16:30:35.370+0800][49176.634s] GC(12) Using 10 workers of 10 for evacuation
[2023-03-04T16:30:35.372+0800][49176.635s] GC(12)   Pre Evacuate Collection Set: 0.2ms
[2023-03-04T16:30:35.372+0800][49176.635s] GC(12)   Merge Heap Roots: 0.1ms
[2023-03-04T16:30:35.372+0800][49176.635s] GC(12)   Evacuate Collection Set: 0.4ms
[2023-03-04T16:30:35.372+0800][49176.635s] GC(12)   Post Evacuate Collection Set: 0.7ms
[2023-03-04T16:30:35.372+0800][49176.635s] GC(12)   Other: 0.1ms
[2023-03-04T16:30:35.372+0800][49176.635s] GC(12) Eden regions: 285->0(302)
[2023-03-04T16:30:35.372+0800][49176.635s] GC(12) Survivor regions: 3->1(36)
[2023-03-04T16:30:35.372+0800][49176.635s] GC(12) Old regions: 89->89
[2023-03-04T16:30:35.372+0800][49176.635s] GC(12) Archive regions: 0->0
[2023-03-04T16:30:35.372+0800][49176.635s] GC(12) Humongous regions: 4->4
[2023-03-04T16:30:35.372+0800][49176.635s] GC(12) Metaspace: 51668K(52288K)->51668K(52288K) NonClass: 45768K(46080K)->45768K(46080K) Class: 5899K(6208K)->5899K(6208K)
[2023-03-04T16:30:35.372+0800][49176.635s] GC(12) Pause Young (Normal) (G1 Evacuation Pause) 380M->93M(512M) 1.883ms
[2023-03-04T16:30:35.372+0800][49176.635s] GC(12) User=0.00s Sys=0.00s Real=0.00s
[2023-03-04T19:12:43.516+0800][58902.386s] GC(13) Pause Young (Normal) (G1 Evacuation Pause)
[2023-03-04T19:12:43.516+0800][58902.387s] GC(13) Using 10 workers of 10 for evacuation
[2023-03-04T19:12:43.521+0800][58902.392s] GC(13)   Pre Evacuate Collection Set: 0.7ms
[2023-03-04T19:12:43.521+0800][58902.392s] GC(13)   Merge Heap Roots: 0.2ms
[2023-03-04T19:12:43.521+0800][58902.392s] GC(13)   Evacuate Collection Set: 2.7ms
[2023-03-04T19:12:43.521+0800][58902.392s] GC(13)   Post Evacuate Collection Set: 1.2ms
[2023-03-04T19:12:43.521+0800][58902.392s] GC(13)   Other: 0.3ms
[2023-03-04T19:12:43.522+0800][58902.392s] GC(13) Eden regions: 302->0(306)
[2023-03-04T19:12:43.522+0800][58902.392s] GC(13) Survivor regions: 1->1(38)
[2023-03-04T19:12:43.522+0800][58902.392s] GC(13) Old regions: 89->89
[2023-03-04T19:12:43.522+0800][58902.392s] GC(13) Archive regions: 0->0
[2023-03-04T19:12:43.522+0800][58902.392s] GC(13) Humongous regions: 7->7
[2023-03-04T19:12:43.522+0800][58902.392s] GC(13) Metaspace: 52044K(52672K)->52044K(52672K) NonClass: 46112K(46400K)->46112K(46400K) Class: 5931K(6272K)->5931K(6272K)
[2023-03-04T19:12:43.522+0800][58902.392s] GC(13) Pause Young (Normal) (G1 Evacuation Pause) 398M->95M(512M) 5.449ms
[2023-03-04T19:12:43.522+0800][58902.392s] GC(13) User=0.00s Sys=0.00s Real=0.01s
[2023-03-04T21:58:49.473+0800][68868.344s] GC(14) Pause Young (Normal) (G1 Evacuation Pause)
[2023-03-04T21:58:49.474+0800][68868.344s] GC(14) Using 10 workers of 10 for evacuation
[2023-03-04T21:58:49.478+0800][68868.348s] GC(14)   Pre Evacuate Collection Set: 0.5ms
[2023-03-04T21:58:49.478+0800][68868.348s] GC(14)   Merge Heap Roots: 0.1ms
[2023-03-04T21:58:49.478+0800][68868.348s] GC(14)   Evacuate Collection Set: 2.1ms
[2023-03-04T21:58:49.478+0800][68868.348s] GC(14)   Post Evacuate Collection Set: 1.1ms
[2023-03-04T21:58:49.478+0800][68868.348s] GC(14)   Other: 0.4ms
[2023-03-04T21:58:49.478+0800][68868.348s] GC(14) Eden regions: 306->0(306)
[2023-03-04T21:58:49.478+0800][68868.348s] GC(14) Survivor regions: 1->1(39)
[2023-03-04T21:58:49.478+0800][68868.348s] GC(14) Old regions: 89->89
[2023-03-04T21:58:49.478+0800][68868.348s] GC(14) Archive regions: 0->0
[2023-03-04T21:58:49.478+0800][68868.348s] GC(14) Humongous regions: 7->7
[2023-03-04T21:58:49.478+0800][68868.348s] GC(14) Metaspace: 52044K(52672K)->52044K(52672K) NonClass: 46112K(46400K)->46112K(46400K) Class: 5931K(6272K)->5931K(6272K)
[2023-03-04T21:58:49.478+0800][68868.348s] GC(14) Pause Young (Normal) (G1 Evacuation Pause) 401M->95M(512M) 4.584ms
[2023-03-04T21:58:49.478+0800][68868.348s] GC(14) User=0.00s Sys=0.00s Real=0.00s
[2023-03-05T23:03:18.410+0800][159136.262s] GC(15) Pause Young (Normal) (G1 Evacuation Pause)
[2023-03-05T23:03:18.413+0800][159136.265s] GC(15) Using 10 workers of 10 for evacuation
[2023-03-05T23:03:18.423+0800][159136.275s] GC(15)   Pre Evacuate Collection Set: 1.1ms
[2023-03-05T23:03:18.423+0800][159136.275s] GC(15)   Merge Heap Roots: 0.2ms
[2023-03-05T23:03:18.423+0800][159136.275s] GC(15)   Evacuate Collection Set: 5.2ms
[2023-03-05T23:03:18.423+0800][159136.275s] GC(15)   Post Evacuate Collection Set: 2.3ms
[2023-03-05T23:03:18.423+0800][159136.275s] GC(15)   Other: 1.4ms
[2023-03-05T23:03:18.423+0800][159136.275s] GC(15) Eden regions: 306->0(306)
[2023-03-05T23:03:18.423+0800][159136.275s] GC(15) Survivor regions: 1->1(39)
[2023-03-05T23:03:18.423+0800][159136.275s] GC(15) Old regions: 89->89
[2023-03-05T23:03:18.423+0800][159136.275s] GC(15) Archive regions: 0->0
[2023-03-05T23:03:18.423+0800][159136.275s] GC(15) Humongous regions: 7->7
[2023-03-05T23:03:18.424+0800][159136.275s] GC(15) Metaspace: 52044K(52672K)->52044K(52672K) NonClass: 46112K(46400K)->46112K(46400K) Class: 5931K(6272K)->5931K(6272K)
[2023-03-05T23:03:18.424+0800][159136.275s] GC(15) Pause Young (Normal) (G1 Evacuation Pause) 401M->95M(512M) 13.482ms
[2023-03-05T23:03:18.424+0800][159136.275s] GC(15) User=0.00s Sys=0.00s Real=0.01s
[2023-03-06T01:49:25.186+0800][169103.038s] GC(16) Pause Young (Normal) (G1 Evacuation Pause)
[2023-03-06T01:49:25.188+0800][169103.039s] GC(16) Using 10 workers of 10 for evacuation
[2023-03-06T01:49:25.199+0800][169103.050s] GC(16)   Pre Evacuate Collection Set: 1.0ms
[2023-03-06T01:49:25.199+0800][169103.050s] GC(16)   Merge Heap Roots: 0.1ms
[2023-03-06T01:49:25.199+0800][169103.050s] GC(16)   Evacuate Collection Set: 6.3ms
[2023-03-06T01:49:25.199+0800][169103.050s] GC(16)   Post Evacuate Collection Set: 2.3ms
[2023-03-06T01:49:25.199+0800][169103.051s] GC(16)   Other: 1.5ms
[2023-03-06T01:49:25.199+0800][169103.051s] GC(16) Eden regions: 306->0(306)
[2023-03-06T01:49:25.199+0800][169103.051s] GC(16) Survivor regions: 1->1(39)
[2023-03-06T01:49:25.199+0800][169103.051s] GC(16) Old regions: 89->89
[2023-03-06T01:49:25.199+0800][169103.051s] GC(16) Archive regions: 0->0
[2023-03-06T01:49:25.199+0800][169103.051s] GC(16) Humongous regions: 7->7
[2023-03-06T01:49:25.199+0800][169103.051s] GC(16) Metaspace: 52044K(52672K)->52044K(52672K) NonClass: 46113K(46400K)->46113K(46400K) Class: 5931K(6272K)->5931K(6272K)
[2023-03-06T01:49:25.199+0800][169103.051s] GC(16) Pause Young (Normal) (G1 Evacuation Pause) 401M->95M(512M) 13.086ms
[2023-03-06T01:49:25.199+0800][169103.051s] GC(16) User=0.00s Sys=0.00s Real=0.01s
[2023-03-07T01:14:05.629+0800][253383.499s] GC(17) Pause Young (Normal) (G1 Evacuation Pause)
[2023-03-07T01:14:05.632+0800][253383.501s] GC(17) Using 10 workers of 10 for evacuation
[2023-03-07T01:14:05.645+0800][253383.515s] GC(17)   Pre Evacuate Collection Set: 1.6ms
[2023-03-07T01:14:05.645+0800][253383.515s] GC(17)   Merge Heap Roots: 0.1ms
[2023-03-07T01:14:05.645+0800][253383.515s] GC(17)   Evacuate Collection Set: 7.4ms
[2023-03-07T01:14:05.645+0800][253383.515s] GC(17)   Post Evacuate Collection Set: 2.8ms
[2023-03-07T01:14:05.645+0800][253383.515s] GC(17)   Other: 2.1ms
[2023-03-07T01:14:05.645+0800][253383.515s] GC(17) Eden regions: 306->0(306)
[2023-03-07T01:14:05.645+0800][253383.515s] GC(17) Survivor regions: 1->1(39)
[2023-03-07T01:14:05.645+0800][253383.515s] GC(17) Old regions: 89->89
[2023-03-07T01:14:05.646+0800][253383.515s] GC(17) Archive regions: 0->0
[2023-03-07T01:14:05.646+0800][253383.515s] GC(17) Humongous regions: 7->7
[2023-03-07T01:14:05.646+0800][253383.515s] GC(17) Metaspace: 52044K(52672K)->52044K(52672K) NonClass: 46113K(46400K)->46113K(46400K) Class: 5931K(6272K)->5931K(6272K)
[2023-03-07T01:14:05.646+0800][253383.515s] GC(17) Pause Young (Normal) (G1 Evacuation Pause) 401M->95M(512M) 17.186ms
[2023-03-07T01:14:05.646+0800][253383.515s] GC(17) User=0.00s Sys=0.02s Real=0.02s
[2023-03-07T13:00:47.414+0800][295785.301s] GC(18) Pause Young (Normal) (G1 Evacuation Pause)
[2023-03-07T13:00:47.418+0800][295785.306s] GC(18) Using 10 workers of 10 for evacuation
[2023-03-07T13:00:47.445+0800][295785.333s] GC(18)   Pre Evacuate Collection Set: 2.7ms
[2023-03-07T13:00:47.445+0800][295785.333s] GC(18)   Merge Heap Roots: 0.4ms
[2023-03-07T13:00:47.445+0800][295785.333s] GC(18)   Evacuate Collection Set: 16.0ms
[2023-03-07T13:00:47.445+0800][295785.333s] GC(18)   Post Evacuate Collection Set: 4.8ms
[2023-03-07T13:00:47.445+0800][295785.333s] GC(18)   Other: 3.7ms
[2023-03-07T13:00:47.445+0800][295785.333s] GC(18) Eden regions: 306->0(306)
[2023-03-07T13:00:47.445+0800][295785.333s] GC(18) Survivor regions: 1->1(39)
[2023-03-07T13:00:47.445+0800][295785.333s] GC(18) Old regions: 89->89
[2023-03-07T13:00:47.445+0800][295785.333s] GC(18) Archive regions: 0->0
[2023-03-07T13:00:47.445+0800][295785.333s] GC(18) Humongous regions: 7->7
[2023-03-07T13:00:47.446+0800][295785.333s] GC(18) Metaspace: 52046K(52672K)->52046K(52672K) NonClass: 46114K(46400K)->46114K(46400K) Class: 5931K(6272K)->5931K(6272K)
[2023-03-07T13:00:47.446+0800][295785.333s] GC(18) Pause Young (Normal) (G1 Evacuation Pause) 401M->95M(512M) 32.828ms
[2023-03-07T13:00:47.446+0800][295785.334s] GC(18) User=0.00s Sys=0.05s Real=0.03s
[2023-03-07T15:46:54.920+0800][305752.808s] GC(19) Pause Young (Normal) (G1 Evacuation Pause)
[2023-03-07T15:46:54.920+0800][305752.808s] GC(19) Using 10 workers of 10 for evacuation
[2023-03-07T15:46:54.925+0800][305752.813s] GC(19)   Pre Evacuate Collection Set: 0.4ms
[2023-03-07T15:46:54.925+0800][305752.813s] GC(19)   Merge Heap Roots: 0.6ms
[2023-03-07T15:46:54.925+0800][305752.813s] GC(19)   Evacuate Collection Set: 2.6ms
[2023-03-07T15:46:54.925+0800][305752.813s] GC(19)   Post Evacuate Collection Set: 1.0ms
[2023-03-07T15:46:54.925+0800][305752.813s] GC(19)   Other: 0.3ms
[2023-03-07T15:46:54.925+0800][305752.813s] GC(19) Eden regions: 306->0(306)
[2023-03-07T15:46:54.925+0800][305752.813s] GC(19) Survivor regions: 1->1(39)
[2023-03-07T15:46:54.925+0800][305752.813s] GC(19) Old regions: 89->89
[2023-03-07T15:46:54.925+0800][305752.813s] GC(19) Archive regions: 0->0
[2023-03-07T15:46:54.925+0800][305752.813s] GC(19) Humongous regions: 7->7
[2023-03-07T15:46:54.925+0800][305752.813s] GC(19) Metaspace: 52046K(52672K)->52046K(52672K) NonClass: 46115K(46400K)->46115K(46400K) Class: 5931K(6272K)->5931K(6272K)
[2023-03-07T15:46:54.926+0800][305752.814s] GC(19) Pause Young (Normal) (G1 Evacuation Pause) 401M->95M(512M) 5.706ms
[2023-03-07T15:46:54.926+0800][305752.814s] GC(19) User=0.00s Sys=0.00s Real=0.01s
[2023-03-07T18:33:34.689+0800][315752.577s] GC(20) Pause Young (Normal) (G1 Evacuation Pause)
[2023-03-07T18:33:34.690+0800][315752.578s] GC(20) Using 10 workers of 10 for evacuation
[2023-03-07T18:33:34.699+0800][315752.587s] GC(20)   Pre Evacuate Collection Set: 2.0ms
[2023-03-07T18:33:34.699+0800][315752.587s] GC(20)   Merge Heap Roots: 0.7ms
[2023-03-07T18:33:34.699+0800][315752.587s] GC(20)   Evacuate Collection Set: 3.6ms
[2023-03-07T18:33:34.699+0800][315752.587s] GC(20)   Post Evacuate Collection Set: 1.7ms
[2023-03-07T18:33:34.699+0800][315752.587s] GC(20)   Other: 1.2ms
[2023-03-07T18:33:34.699+0800][315752.587s] GC(20) Eden regions: 306->0(306)
[2023-03-07T18:33:34.699+0800][315752.587s] GC(20) Survivor regions: 1->1(39)
[2023-03-07T18:33:34.699+0800][315752.587s] GC(20) Old regions: 89->89
[2023-03-07T18:33:34.699+0800][315752.587s] GC(20) Archive regions: 0->0
[2023-03-07T18:33:34.699+0800][315752.587s] GC(20) Humongous regions: 7->7
[2023-03-07T18:33:34.699+0800][315752.587s] GC(20) Metaspace: 52046K(52672K)->52046K(52672K) NonClass: 46115K(46400K)->46115K(46400K) Class: 5931K(6272K)->5931K(6272K)
[2023-03-07T18:33:34.699+0800][315752.587s] GC(20) Pause Young (Normal) (G1 Evacuation Pause) 401M->95M(512M) 10.299ms
[2023-03-07T18:33:34.699+0800][315752.587s] GC(20) User=0.00s Sys=0.00s Real=0.01s
[2023-03-07T21:20:07.071+0800][325744.959s] GC(21) Pause Young (Normal) (G1 Evacuation Pause)
[2023-03-07T21:20:07.071+0800][325744.959s] GC(21) Using 10 workers of 10 for evacuation
[2023-03-07T21:20:07.074+0800][325744.963s] GC(21)   Pre Evacuate Collection Set: 0.2ms
[2023-03-07T21:20:07.074+0800][325744.963s] GC(21)   Merge Heap Roots: 0.1ms
[2023-03-07T21:20:07.074+0800][325744.963s] GC(21)   Evacuate Collection Set: 1.4ms
[2023-03-07T21:20:07.074+0800][325744.963s] GC(21)   Post Evacuate Collection Set: 0.8ms
[2023-03-07T21:20:07.074+0800][325744.963s] GC(21)   Other: 0.6ms
[2023-03-07T21:20:07.074+0800][325744.963s] GC(21) Eden regions: 306->0(306)
[2023-03-07T21:20:07.074+0800][325744.963s] GC(21) Survivor regions: 1->1(39)
[2023-03-07T21:20:07.074+0800][325744.963s] GC(21) Old regions: 89->89
[2023-03-07T21:20:07.074+0800][325744.963s] GC(21) Archive regions: 0->0
[2023-03-07T21:20:07.074+0800][325744.963s] GC(21) Humongous regions: 7->7
[2023-03-07T21:20:07.074+0800][325744.963s] GC(21) Metaspace: 52046K(52672K)->52046K(52672K) NonClass: 46115K(46400K)->46115K(46400K) Class: 5931K(6272K)->5931K(6272K)
[2023-03-07T21:20:07.074+0800][325744.963s] GC(21) Pause Young (Normal) (G1 Evacuation Pause) 401M->95M(512M) 3.497ms
[2023-03-07T21:20:07.074+0800][325744.963s] GC(21) User=0.00s Sys=0.00s Real=0.00s
[2023-03-08T00:06:13.145+0800][335711.033s] GC(22) Pause Young (Normal) (G1 Evacuation Pause)
[2023-03-08T00:06:13.145+0800][335711.033s] GC(22) Using 10 workers of 10 for evacuation
[2023-03-08T00:06:13.148+0800][335711.036s] GC(22)   Pre Evacuate Collection Set: 0.4ms
[2023-03-08T00:06:13.148+0800][335711.036s] GC(22)   Merge Heap Roots: 0.2ms
[2023-03-08T00:06:13.148+0800][335711.036s] GC(22)   Evacuate Collection Set: 1.3ms
[2023-03-08T00:06:13.148+0800][335711.036s] GC(22)   Post Evacuate Collection Set: 0.7ms
[2023-03-08T00:06:13.148+0800][335711.036s] GC(22)   Other: 0.3ms
[2023-03-08T00:06:13.148+0800][335711.036s] GC(22) Eden regions: 306->0(306)
[2023-03-08T00:06:13.148+0800][335711.036s] GC(22) Survivor regions: 1->1(39)
[2023-03-08T00:06:13.148+0800][335711.036s] GC(22) Old regions: 89->89
[2023-03-08T00:06:13.148+0800][335711.036s] GC(22) Archive regions: 0->0
[2023-03-08T00:06:13.148+0800][335711.036s] GC(22) Humongous regions: 7->7
[2023-03-08T00:06:13.148+0800][335711.036s] GC(22) Metaspace: 52047K(52672K)->52047K(52672K) NonClass: 46115K(46400K)->46115K(46400K) Class: 5931K(6272K)->5931K(6272K)
[2023-03-08T00:06:13.148+0800][335711.036s] GC(22) Pause Young (Normal) (G1 Evacuation Pause) 401M->95M(512M) 3.199ms
[2023-03-08T00:06:13.148+0800][335711.036s] GC(22) User=0.02s Sys=0.14s Real=0.00s
[2023-03-08T11:53:24.088+0800][378141.994s] GC(23) Pause Young (Normal) (G1 Evacuation Pause)
[2023-03-08T11:53:24.088+0800][378141.994s] GC(23) Using 10 workers of 10 for evacuation
[2023-03-08T11:53:24.090+0800][378141.996s] GC(23)   Pre Evacuate Collection Set: 0.2ms
[2023-03-08T11:53:24.090+0800][378141.996s] GC(23)   Merge Heap Roots: 0.2ms
[2023-03-08T11:53:24.090+0800][378141.996s] GC(23)   Evacuate Collection Set: 0.8ms
[2023-03-08T11:53:24.090+0800][378141.996s] GC(23)   Post Evacuate Collection Set: 0.9ms
[2023-03-08T11:53:24.090+0800][378141.996s] GC(23)   Other: 0.1ms
[2023-03-08T11:53:24.090+0800][378141.996s] GC(23) Eden regions: 306->0(306)
[2023-03-08T11:53:24.090+0800][378141.996s] GC(23) Survivor regions: 1->1(39)
[2023-03-08T11:53:24.090+0800][378141.996s] GC(23) Old regions: 89->89
[2023-03-08T11:53:24.090+0800][378141.996s] GC(23) Archive regions: 0->0
[2023-03-08T11:53:24.090+0800][378141.996s] GC(23) Humongous regions: 7->7
[2023-03-08T11:53:24.090+0800][378141.996s] GC(23) Metaspace: 52047K(52672K)->52047K(52672K) NonClass: 46116K(46400K)->46116K(46400K) Class: 5931K(6272K)->5931K(6272K)
[2023-03-08T11:53:24.090+0800][378141.996s] GC(23) Pause Young (Normal) (G1 Evacuation Pause) 401M->95M(512M) 2.473ms
[2023-03-08T11:53:24.090+0800][378141.996s] GC(23) User=0.00s Sys=0.00s Real=0.00s
[2023-03-08T14:39:29.966+0800][388107.873s] GC(24) Pause Young (Normal) (G1 Evacuation Pause)
[2023-03-08T14:39:29.966+0800][388107.873s] GC(24) Using 10 workers of 10 for evacuation
[2023-03-08T14:39:29.969+0800][388107.876s] GC(24)   Pre Evacuate Collection Set: 0.2ms
[2023-03-08T14:39:29.969+0800][388107.876s] GC(24)   Merge Heap Roots: 0.1ms
[2023-03-08T14:39:29.969+0800][388107.876s] GC(24)   Evacuate Collection Set: 1.3ms
[2023-03-08T14:39:29.969+0800][388107.876s] GC(24)   Post Evacuate Collection Set: 0.9ms
[2023-03-08T14:39:29.969+0800][388107.876s] GC(24)   Other: 0.2ms
[2023-03-08T14:39:29.969+0800][388107.876s] GC(24) Eden regions: 306->0(306)
[2023-03-08T14:39:29.969+0800][388107.876s] GC(24) Survivor regions: 1->1(39)
[2023-03-08T14:39:29.969+0800][388107.876s] GC(24) Old regions: 89->89
[2023-03-08T14:39:29.969+0800][388107.876s] GC(24) Archive regions: 0->0
[2023-03-08T14:39:29.969+0800][388107.876s] GC(24) Humongous regions: 7->7
[2023-03-08T14:39:29.969+0800][388107.876s] GC(24) Metaspace: 52049K(52672K)->52049K(52672K) NonClass: 46117K(46400K)->46117K(46400K) Class: 5931K(6272K)->5931K(6272K)
[2023-03-08T14:39:29.969+0800][388107.876s] GC(24) Pause Young (Normal) (G1 Evacuation Pause) 401M->95M(512M) 3.012ms
[2023-03-08T14:39:29.969+0800][388107.876s] GC(24) User=0.00s Sys=0.00s Real=0.00s
[2023-03-08T17:26:36.094+0800][398134.001s] GC(25) Pause Young (Normal) (G1 Evacuation Pause)
[2023-03-08T17:26:36.094+0800][398134.001s] GC(25) Using 10 workers of 10 for evacuation
[2023-03-08T17:26:36.098+0800][398134.005s] GC(25)   Pre Evacuate Collection Set: 0.4ms
[2023-03-08T17:26:36.098+0800][398134.005s] GC(25)   Merge Heap Roots: 0.2ms
[2023-03-08T17:26:36.098+0800][398134.005s] GC(25)   Evacuate Collection Set: 1.6ms
[2023-03-08T17:26:36.098+0800][398134.005s] GC(25)   Post Evacuate Collection Set: 1.0ms
[2023-03-08T17:26:36.098+0800][398134.005s] GC(25)   Other: 0.2ms
[2023-03-08T17:26:36.098+0800][398134.005s] GC(25) Eden regions: 306->0(306)
[2023-03-08T17:26:36.098+0800][398134.005s] GC(25) Survivor regions: 1->1(39)
[2023-03-08T17:26:36.098+0800][398134.005s] GC(25) Old regions: 89->89
[2023-03-08T17:26:36.098+0800][398134.005s] GC(25) Archive regions: 0->0
[2023-03-08T17:26:36.098+0800][398134.005s] GC(25) Humongous regions: 7->7
[2023-03-08T17:26:36.098+0800][398134.005s] GC(25) Metaspace: 52053K(52672K)->52053K(52672K) NonClass: 46122K(46400K)->46122K(46400K) Class: 5931K(6272K)->5931K(6272K)
[2023-03-08T17:26:36.098+0800][398134.005s] GC(25) Pause Young (Normal) (G1 Evacuation Pause) 401M->95M(512M) 3.687ms
[2023-03-08T17:26:36.098+0800][398134.005s] GC(25) User=0.00s Sys=0.00s Real=0.00s
[2023-03-08T20:12:42.148+0800][408100.054s] GC(26) Pause Young (Normal) (G1 Evacuation Pause)
[2023-03-08T20:12:42.148+0800][408100.055s] GC(26) Using 10 workers of 10 for evacuation
[2023-03-08T20:12:42.152+0800][408100.058s] GC(26)   Pre Evacuate Collection Set: 0.2ms
[2023-03-08T20:12:42.152+0800][408100.058s] GC(26)   Merge Heap Roots: 0.7ms
[2023-03-08T20:12:42.152+0800][408100.058s] GC(26)   Evacuate Collection Set: 1.2ms
[2023-03-08T20:12:42.152+0800][408100.058s] GC(26)   Post Evacuate Collection Set: 1.3ms
[2023-03-08T20:12:42.152+0800][408100.058s] GC(26)   Other: 0.1ms
[2023-03-08T20:12:42.152+0800][408100.058s] GC(26) Eden regions: 306->0(306)
[2023-03-08T20:12:42.152+0800][408100.058s] GC(26) Survivor regions: 1->1(39)
[2023-03-08T20:12:42.152+0800][408100.058s] GC(26) Old regions: 89->89
[2023-03-08T20:12:42.152+0800][408100.058s] GC(26) Archive regions: 0->0
[2023-03-08T20:12:42.152+0800][408100.058s] GC(26) Humongous regions: 7->7
[2023-03-08T20:12:42.152+0800][408100.058s] GC(26) Metaspace: 52061K(52672K)->52061K(52672K) NonClass: 46130K(46400K)->46130K(46400K) Class: 5931K(6272K)->5931K(6272K)
[2023-03-08T20:12:42.152+0800][408100.058s] GC(26) Pause Young (Normal) (G1 Evacuation Pause) 401M->95M(512M) 4.092ms
[2023-03-08T20:12:42.152+0800][408100.058s] GC(26) User=0.00s Sys=0.00s Real=0.00s
[2023-03-08T22:59:48.460+0800][418126.367s] GC(27) Pause Young (Normal) (G1 Evacuation Pause)
[2023-03-08T22:59:48.464+0800][418126.371s] GC(27) Using 10 workers of 10 for evacuation
[2023-03-08T22:59:48.484+0800][418126.391s] GC(27)   Pre Evacuate Collection Set: 1.2ms
[2023-03-08T22:59:48.484+0800][418126.391s] GC(27)   Merge Heap Roots: 0.4ms
[2023-03-08T22:59:48.484+0800][418126.391s] GC(27)   Evacuate Collection Set: 13.3ms
[2023-03-08T22:59:48.484+0800][418126.391s] GC(27)   Post Evacuate Collection Set: 3.7ms
[2023-03-08T22:59:48.484+0800][418126.391s] GC(27)   Other: 2.2ms
[2023-03-08T22:59:48.484+0800][418126.391s] GC(27) Eden regions: 306->0(306)
[2023-03-08T22:59:48.484+0800][418126.391s] GC(27) Survivor regions: 1->1(39)
[2023-03-08T22:59:48.484+0800][418126.391s] GC(27) Old regions: 89->89
[2023-03-08T22:59:48.484+0800][418126.391s] GC(27) Archive regions: 0->0
[2023-03-08T22:59:48.484+0800][418126.391s] GC(27) Humongous regions: 7->7
[2023-03-08T22:59:48.484+0800][418126.391s] GC(27) Metaspace: 52061K(52672K)->52061K(52672K) NonClass: 46130K(46400K)->46130K(46400K) Class: 5931K(6272K)->5931K(6272K)
[2023-03-08T22:59:48.485+0800][418126.392s] GC(27) Pause Young (Normal) (G1 Evacuation Pause) 401M->95M(512M) 25.884ms
[2023-03-08T22:59:48.485+0800][418126.392s] GC(27) User=0.00s Sys=0.00s Real=0.03s
[2023-03-09T01:45:56.803+0800][428094.709s] GC(28) Pause Young (Normal) (G1 Evacuation Pause)
[2023-03-09T01:45:56.807+0800][428094.714s] GC(28) Using 10 workers of 10 for evacuation
[2023-03-09T01:45:56.831+0800][428094.738s] GC(28)   Pre Evacuate Collection Set: 1.4ms
[2023-03-09T01:45:56.831+0800][428094.738s] GC(28)   Merge Heap Roots: 0.4ms
[2023-03-09T01:45:56.831+0800][428094.738s] GC(28)   Evacuate Collection Set: 14.4ms
[2023-03-09T01:45:56.831+0800][428094.738s] GC(28)   Post Evacuate Collection Set: 5.0ms
[2023-03-09T01:45:56.831+0800][428094.738s] GC(28)   Other: 3.2ms
[2023-03-09T01:45:56.831+0800][428094.738s] GC(28) Eden regions: 306->0(306)
[2023-03-09T01:45:56.831+0800][428094.738s] GC(28) Survivor regions: 1->1(39)
[2023-03-09T01:45:56.831+0800][428094.738s] GC(28) Old regions: 89->89
[2023-03-09T01:45:56.831+0800][428094.738s] GC(28) Archive regions: 0->0
[2023-03-09T01:45:56.831+0800][428094.738s] GC(28) Humongous regions: 7->7
[2023-03-09T01:45:56.831+0800][428094.738s] GC(28) Metaspace: 52061K(52672K)->52061K(52672K) NonClass: 46130K(46400K)->46130K(46400K) Class: 5931K(6272K)->5931K(6272K)
[2023-03-09T01:45:56.832+0800][428094.738s] GC(28) Pause Young (Normal) (G1 Evacuation Pause) 401M->95M(512M) 29.701ms
[2023-03-09T01:45:56.832+0800][428094.738s] GC(28) User=0.00s Sys=0.00s Real=0.03s
[2023-03-09T14:11:41.622+0800][472839.547s] GC(29) Pause Young (Normal) (G1 Evacuation Pause)
[2023-03-09T14:11:41.622+0800][472839.547s] GC(29) Using 10 workers of 10 for evacuation
[2023-03-09T14:11:41.628+0800][472839.553s] GC(29)   Pre Evacuate Collection Set: 0.4ms
[2023-03-09T14:11:41.628+0800][472839.553s] GC(29)   Merge Heap Roots: 0.5ms
[2023-03-09T14:11:41.628+0800][472839.553s] GC(29)   Evacuate Collection Set: 2.2ms
[2023-03-09T14:11:41.628+0800][472839.553s] GC(29)   Post Evacuate Collection Set: 2.7ms
[2023-03-09T14:11:41.628+0800][472839.553s] GC(29)   Other: 0.3ms
[2023-03-09T14:11:41.628+0800][472839.553s] GC(29) Eden regions: 306->0(306)
[2023-03-09T14:11:41.628+0800][472839.553s] GC(29) Survivor regions: 1->1(39)
[2023-03-09T14:11:41.628+0800][472839.553s] GC(29) Old regions: 89->89
[2023-03-09T14:11:41.628+0800][472839.553s] GC(29) Archive regions: 0->0
[2023-03-09T14:11:41.628+0800][472839.553s] GC(29) Humongous regions: 7->7
[2023-03-09T14:11:41.628+0800][472839.554s] GC(29) Metaspace: 52061K(52672K)->52061K(52672K) NonClass: 46130K(46400K)->46130K(46400K) Class: 5931K(6272K)->5931K(6272K)
[2023-03-09T14:11:41.628+0800][472839.554s] GC(29) Pause Young (Normal) (G1 Evacuation Pause) 401M->95M(512M) 6.725ms
[2023-03-09T14:11:41.628+0800][472839.554s] GC(29) User=0.00s Sys=0.00s Real=0.01s
[2023-03-09T16:58:47.971+0800][482865.896s] GC(30) Pause Young (Normal) (G1 Evacuation Pause)
[2023-03-09T16:58:47.972+0800][482865.896s] GC(30) Using 10 workers of 10 for evacuation
[2023-03-09T16:58:47.975+0800][482865.900s] GC(30)   Pre Evacuate Collection Set: 0.8ms
[2023-03-09T16:58:47.975+0800][482865.900s] GC(30)   Merge Heap Roots: 0.1ms
[2023-03-09T16:58:47.975+0800][482865.900s] GC(30)   Evacuate Collection Set: 0.7ms
[2023-03-09T16:58:47.975+0800][482865.900s] GC(30)   Post Evacuate Collection Set: 1.0ms
[2023-03-09T16:58:47.975+0800][482865.900s] GC(30)   Other: 1.0ms
[2023-03-09T16:58:47.975+0800][482865.900s] GC(30) Eden regions: 306->0(306)
[2023-03-09T16:58:47.975+0800][482865.900s] GC(30) Survivor regions: 1->1(39)
[2023-03-09T16:58:47.975+0800][482865.900s] GC(30) Old regions: 89->89
[2023-03-09T16:58:47.975+0800][482865.900s] GC(30) Archive regions: 0->0
[2023-03-09T16:58:47.975+0800][482865.900s] GC(30) Humongous regions: 7->7
[2023-03-09T16:58:47.975+0800][482865.900s] GC(30) Metaspace: 52061K(52672K)->52061K(52672K) NonClass: 46130K(46400K)->46130K(46400K) Class: 5931K(6272K)->5931K(6272K)
[2023-03-09T16:58:47.975+0800][482865.900s] GC(30) Pause Young (Normal) (G1 Evacuation Pause) 401M->95M(512M) 3.940ms
[2023-03-09T16:58:47.975+0800][482865.900s] GC(30) User=0.00s Sys=0.02s Real=0.00s
[2023-03-09T19:44:54.565+0800][492832.491s] GC(31) Pause Young (Normal) (G1 Evacuation Pause)
[2023-03-09T19:44:54.566+0800][492832.491s] GC(31) Using 10 workers of 10 for evacuation
[2023-03-09T19:44:54.569+0800][492832.494s] GC(31)   Pre Evacuate Collection Set: 0.5ms
[2023-03-09T19:44:54.569+0800][492832.494s] GC(31)   Merge Heap Roots: 0.1ms
[2023-03-09T19:44:54.569+0800][492832.494s] GC(31)   Evacuate Collection Set: 0.8ms
[2023-03-09T19:44:54.569+0800][492832.494s] GC(31)   Post Evacuate Collection Set: 1.2ms
[2023-03-09T19:44:54.569+0800][492832.494s] GC(31)   Other: 0.4ms
[2023-03-09T19:44:54.569+0800][492832.494s] GC(31) Eden regions: 306->0(306)
[2023-03-09T19:44:54.569+0800][492832.494s] GC(31) Survivor regions: 1->1(39)
[2023-03-09T19:44:54.569+0800][492832.494s] GC(31) Old regions: 89->89
[2023-03-09T19:44:54.569+0800][492832.494s] GC(31) Archive regions: 0->0
[2023-03-09T19:44:54.569+0800][492832.494s] GC(31) Humongous regions: 7->7
[2023-03-09T19:44:54.569+0800][492832.494s] GC(31) Metaspace: 52061K(52672K)->52061K(52672K) NonClass: 46130K(46400K)->46130K(46400K) Class: 5931K(6272K)->5931K(6272K)
[2023-03-09T19:44:54.569+0800][492832.494s] GC(31) Pause Young (Normal) (G1 Evacuation Pause) 401M->95M(512M) 3.359ms
[2023-03-09T19:44:54.569+0800][492832.494s] GC(31) User=0.00s Sys=0.00s Real=0.00s
[2023-03-09T22:32:01.068+0800][502858.994s] GC(32) Pause Young (Normal) (G1 Evacuation Pause)
[2023-03-09T22:32:01.073+0800][502858.998s] GC(32) Using 10 workers of 10 for evacuation
[2023-03-09T22:32:01.089+0800][502859.014s] GC(32)   Pre Evacuate Collection Set: 1.1ms
[2023-03-09T22:32:01.089+0800][502859.014s] GC(32)   Merge Heap Roots: 0.6ms
[2023-03-09T22:32:01.089+0800][502859.014s] GC(32)   Evacuate Collection Set: 9.5ms
[2023-03-09T22:32:01.089+0800][502859.014s] GC(32)   Post Evacuate Collection Set: 3.5ms
[2023-03-09T22:32:01.089+0800][502859.015s] GC(32)   Other: 2.3ms
[2023-03-09T22:32:01.089+0800][502859.015s] GC(32) Eden regions: 306->0(306)
[2023-03-09T22:32:01.089+0800][502859.015s] GC(32) Survivor regions: 1->1(39)
[2023-03-09T22:32:01.089+0800][502859.015s] GC(32) Old regions: 89->89
[2023-03-09T22:32:01.089+0800][502859.015s] GC(32) Archive regions: 0->0
[2023-03-09T22:32:01.089+0800][502859.015s] GC(32) Humongous regions: 7->7
[2023-03-09T22:32:01.091+0800][502859.015s] GC(32) Metaspace: 52062K(52672K)->52062K(52672K) NonClass: 46131K(46400K)->46131K(46400K) Class: 5931K(6272K)->5931K(6272K)
[2023-03-09T22:32:01.091+0800][502859.016s] GC(32) Pause Young (Normal) (G1 Evacuation Pause) 401M->95M(512M) 22.332ms
[2023-03-09T22:32:01.091+0800][502859.016s] GC(32) User=0.00s Sys=0.03s Real=0.02s
