[2023-03-01T20:19:24.871+0800][0.011s] CardTable entry size: 512
[2023-03-01T20:19:24.871+0800][0.011s] Using G1
[2023-03-01T20:19:24.978+0800][0.119s] Version: 19.0.2+7-44 (release)
[2023-03-01T20:19:24.978+0800][0.119s] CPUs: 12 total, 12 available
[2023-03-01T20:19:24.978+0800][0.119s] Memory: 16251M
[2023-03-01T20:19:24.978+0800][0.119s] Large Page Support: Disabled
[2023-03-01T20:19:24.978+0800][0.119s] NUMA Support: Disabled
[2023-03-01T20:19:24.978+0800][0.119s] Compressed Oops: Enabled (32-bit)
[2023-03-01T20:19:24.979+0800][0.119s] Heap Region Size: 1M
[2023-03-01T20:19:24.979+0800][0.119s] Heap Min Capacity: 512M
[2023-03-01T20:19:24.979+0800][0.119s] Heap Initial Capacity: 512M
[2023-03-01T20:19:24.979+0800][0.119s] Heap Max Capacity: 512M
[2023-03-01T20:19:24.979+0800][0.119s] Pre-touch: Enabled
[2023-03-01T20:19:24.979+0800][0.119s] Parallel Workers: 10
[2023-03-01T20:19:24.979+0800][0.119s] Concurrent Workers: 3
[2023-03-01T20:19:24.979+0800][0.119s] Concurrent Refinement Workers: 10
[2023-03-01T20:19:24.979+0800][0.119s] Periodic GC: Disabled
[2023-03-01T20:19:24.979+0800][0.120s] CDS archive(s) mapped at: [0x0000000800000000-0x0000000800c40000-0x0000000800c40000), size 12845056, SharedBaseAddress: 0x0000000800000000, ArchiveRelocationMode: 0.
[2023-03-01T20:19:24.979+0800][0.120s] Compressed class space mapped at: 0x0000000801000000-0x0000000841000000, reserved size: 1073741824
[2023-03-01T20:19:24.979+0800][0.120s] Narrow klass base: 0x0000000800000000, Narrow klass shift: 0, Narrow klass range: 0x100000000
[2023-03-01T20:19:25.574+0800][0.714s] GC(0) Pause Young (Normal) (G1 Evacuation Pause)
[2023-03-01T20:19:25.574+0800][0.714s] GC(0) Using 10 workers of 10 for evacuation
[2023-03-01T20:19:25.577+0800][0.717s] GC(0)   Pre Evacuate Collection Set: 0.0ms
[2023-03-01T20:19:25.577+0800][0.717s] GC(0)   Merge Heap Roots: 0.0ms
[2023-03-01T20:19:25.577+0800][0.717s] GC(0)   Evacuate Collection Set: 1.9ms
[2023-03-01T20:19:25.577+0800][0.717s] GC(0)   Post Evacuate Collection Set: 0.3ms
[2023-03-01T20:19:25.577+0800][0.717s] GC(0)   Other: 0.3ms
[2023-03-01T20:19:25.577+0800][0.717s] GC(0) Eden regions: 29->0(39)
[2023-03-01T20:19:25.577+0800][0.717s] GC(0) Survivor regions: 0->4(4)
[2023-03-01T20:19:25.577+0800][0.717s] GC(0) Old regions: 0->2
[2023-03-01T20:19:25.577+0800][0.717s] GC(0) Archive regions: 0->0
[2023-03-01T20:19:25.577+0800][0.717s] GC(0) Humongous regions: 0->0
[2023-03-01T20:19:25.577+0800][0.717s] GC(0) Metaspace: 10366K(10624K)->10366K(10624K) NonClass: 9187K(9344K)->9187K(9344K) Class: 1178K(1280K)->1178K(1280K)
[2023-03-01T20:19:25.577+0800][0.717s] GC(0) Pause Young (Normal) (G1 Evacuation Pause) 29M->5M(512M) 2.753ms
[2023-03-01T20:19:25.577+0800][0.717s] GC(0) User=0.00s Sys=0.00s Real=0.00s
[2023-03-01T20:19:26.028+0800][1.168s] GC(1) Pause Young (Normal) (G1 Evacuation Pause)
[2023-03-01T20:19:26.028+0800][1.169s] GC(1) Using 10 workers of 10 for evacuation
[2023-03-01T20:19:26.033+0800][1.173s] GC(1)   Pre Evacuate Collection Set: 0.0ms
[2023-03-01T20:19:26.033+0800][1.173s] GC(1)   Merge Heap Roots: 0.0ms
[2023-03-01T20:19:26.033+0800][1.173s] GC(1)   Evacuate Collection Set: 4.0ms
[2023-03-01T20:19:26.033+0800][1.173s] GC(1)   Post Evacuate Collection Set: 0.4ms
[2023-03-01T20:19:26.033+0800][1.173s] GC(1)   Other: 0.1ms
[2023-03-01T20:19:26.033+0800][1.173s] GC(1) Eden regions: 39->0(51)
[2023-03-01T20:19:26.033+0800][1.173s] GC(1) Survivor regions: 4->6(6)
[2023-03-01T20:19:26.033+0800][1.173s] GC(1) Old regions: 2->11
[2023-03-01T20:19:26.033+0800][1.173s] GC(1) Archive regions: 0->0
[2023-03-01T20:19:26.033+0800][1.173s] GC(1) Humongous regions: 4->4
[2023-03-01T20:19:26.033+0800][1.173s] GC(1) Metaspace: 16580K(16896K)->16580K(16896K) NonClass: 14722K(14912K)->14722K(14912K) Class: 1857K(1984K)->1857K(1984K)
[2023-03-01T20:19:26.033+0800][1.173s] GC(1) Pause Young (Normal) (G1 Evacuation Pause) 48M->20M(512M) 4.677ms
[2023-03-01T20:19:26.033+0800][1.173s] GC(1) User=0.00s Sys=0.00s Real=0.00s
[2023-03-01T20:19:26.361+0800][1.501s] GC(2) Pause Young (Concurrent Start) (Metadata GC Threshold)
[2023-03-01T20:19:26.361+0800][1.501s] GC(2) Using 10 workers of 10 for evacuation
[2023-03-01T20:19:26.363+0800][1.504s] GC(2)   Pre Evacuate Collection Set: 0.1ms
[2023-03-01T20:19:26.363+0800][1.504s] GC(2)   Merge Heap Roots: 0.0ms
[2023-03-01T20:19:26.363+0800][1.504s] GC(2)   Evacuate Collection Set: 1.6ms
[2023-03-01T20:19:26.363+0800][1.504s] GC(2)   Post Evacuate Collection Set: 0.4ms
[2023-03-01T20:19:26.363+0800][1.504s] GC(2)   Other: 0.0ms
[2023-03-01T20:19:26.363+0800][1.504s] GC(2) Eden regions: 39->0(69)
[2023-03-01T20:19:26.363+0800][1.504s] GC(2) Survivor regions: 6->4(8)
[2023-03-01T20:19:26.363+0800][1.504s] GC(2) Old regions: 11->17
[2023-03-01T20:19:26.363+0800][1.504s] GC(2) Archive regions: 0->0
[2023-03-01T20:19:26.364+0800][1.504s] GC(2) Humongous regions: 4->4
[2023-03-01T20:19:26.364+0800][1.504s] GC(2) Metaspace: 21129K(21504K)->21129K(21504K) NonClass: 18825K(19008K)->18825K(19008K) Class: 2304K(2496K)->2304K(2496K)
[2023-03-01T20:19:26.364+0800][1.504s] GC(2) Pause Young (Concurrent Start) (Metadata GC Threshold) 59M->24M(512M) 2.358ms
[2023-03-01T20:19:26.364+0800][1.504s] GC(3) Concurrent Mark Cycle
[2023-03-01T20:19:26.364+0800][1.504s] GC(2) User=0.16s Sys=0.00s Real=0.00s
[2023-03-01T20:19:26.364+0800][1.504s] GC(3) Concurrent Clear Claimed Marks
[2023-03-01T20:19:26.364+0800][1.504s] GC(3) Concurrent Clear Claimed Marks 0.045ms
[2023-03-01T20:19:26.364+0800][1.504s] GC(3) Concurrent Scan Root Regions
[2023-03-01T20:19:26.365+0800][1.505s] GC(3) Concurrent Scan Root Regions 1.125ms
[2023-03-01T20:19:26.365+0800][1.505s] GC(3) Concurrent Mark
[2023-03-01T20:19:26.365+0800][1.505s] GC(3) Concurrent Mark From Roots
[2023-03-01T20:19:26.365+0800][1.505s] GC(3) Using 3 workers of 3 for marking
[2023-03-01T20:19:26.368+0800][1.509s] GC(3) Concurrent Mark From Roots 3.514ms
[2023-03-01T20:19:26.368+0800][1.509s] GC(3) Concurrent Preclean
[2023-03-01T20:19:26.368+0800][1.509s] GC(3) Concurrent Preclean 0.024ms
[2023-03-01T20:19:26.369+0800][1.509s] GC(3) Pause Remark
[2023-03-01T20:19:26.370+0800][1.510s] GC(3) Pause Remark 25M->25M(512M) 0.944ms
[2023-03-01T20:19:26.370+0800][1.510s] GC(3) User=0.00s Sys=0.00s Real=0.00s
[2023-03-01T20:19:26.370+0800][1.510s] GC(3) Concurrent Mark 5.005ms
[2023-03-01T20:19:26.370+0800][1.510s] GC(3) Concurrent Rebuild Remembered Sets
[2023-03-01T20:19:26.372+0800][1.512s] GC(3) Concurrent Rebuild Remembered Sets 1.975ms
[2023-03-01T20:19:26.372+0800][1.512s] GC(3) Pause Cleanup
[2023-03-01T20:19:26.372+0800][1.512s] GC(3) Pause Cleanup 25M->25M(512M) 0.062ms
[2023-03-01T20:19:26.372+0800][1.512s] GC(3) User=0.00s Sys=0.00s Real=0.00s
[2023-03-01T20:19:26.372+0800][1.512s] GC(3) Concurrent Cleanup for Next Mark
[2023-03-01T20:19:26.373+0800][1.513s] GC(3) Concurrent Cleanup for Next Mark 0.737ms
[2023-03-01T20:19:26.373+0800][1.513s] GC(3) Concurrent Mark Cycle 9.331ms
[2023-03-01T20:19:27.076+0800][2.217s] GC(4) Pause Young (Prepare Mixed) (G1 Evacuation Pause)
[2023-03-01T20:19:27.076+0800][2.217s] GC(4) Using 10 workers of 10 for evacuation
[2023-03-01T20:19:27.079+0800][2.219s] GC(4)   Pre Evacuate Collection Set: 0.0ms
[2023-03-01T20:19:27.079+0800][2.219s] GC(4)   Merge Heap Roots: 0.0ms
[2023-03-01T20:19:27.079+0800][2.219s] GC(4)   Evacuate Collection Set: 2.2ms
[2023-03-01T20:19:27.079+0800][2.219s] GC(4)   Post Evacuate Collection Set: 0.4ms
[2023-03-01T20:19:27.079+0800][2.219s] GC(4)   Other: 0.1ms
[2023-03-01T20:19:27.079+0800][2.219s] GC(4) Eden regions: 74->0(17)
[2023-03-01T20:19:27.079+0800][2.219s] GC(4) Survivor regions: 4->8(10)
[2023-03-01T20:19:27.079+0800][2.219s] GC(4) Old regions: 17->17
[2023-03-01T20:19:27.079+0800][2.219s] GC(4) Archive regions: 0->0
[2023-03-01T20:19:27.079+0800][2.219s] GC(4) Humongous regions: 4->4
[2023-03-01T20:19:27.079+0800][2.219s] GC(4) Metaspace: 32852K(33280K)->32852K(33280K) NonClass: 29209K(29440K)->29209K(29440K) Class: 3643K(3840K)->3643K(3840K)
[2023-03-01T20:19:27.079+0800][2.219s] GC(4) Pause Young (Prepare Mixed) (G1 Evacuation Pause) 98M->28M(512M) 2.835ms
[2023-03-01T20:19:27.079+0800][2.219s] GC(4) User=0.00s Sys=0.00s Real=0.00s
[2023-03-01T20:19:27.235+0800][2.375s] GC(5) Pause Young (Mixed) (Metadata GC Threshold)
[2023-03-01T20:19:27.235+0800][2.376s] GC(5) Using 10 workers of 10 for evacuation
[2023-03-01T20:19:27.238+0800][2.378s] GC(5)   Pre Evacuate Collection Set: 0.0ms
[2023-03-01T20:19:27.238+0800][2.378s] GC(5)   Merge Heap Roots: 0.0ms
[2023-03-01T20:19:27.238+0800][2.378s] GC(5)   Evacuate Collection Set: 2.3ms
[2023-03-01T20:19:27.238+0800][2.378s] GC(5)   Post Evacuate Collection Set: 0.3ms
[2023-03-01T20:19:27.238+0800][2.378s] GC(5)   Other: 0.0ms
[2023-03-01T20:19:27.238+0800][2.378s] GC(5) Eden regions: 16->0(304)
[2023-03-01T20:19:27.238+0800][2.378s] GC(5) Survivor regions: 8->3(4)
[2023-03-01T20:19:27.238+0800][2.378s] GC(5) Old regions: 17->25
[2023-03-01T20:19:27.238+0800][2.378s] GC(5) Archive regions: 0->0
[2023-03-01T20:19:27.238+0800][2.378s] GC(5) Humongous regions: 4->4
[2023-03-01T20:19:27.238+0800][2.378s] GC(5) Metaspace: 35642K(36096K)->35642K(36096K) NonClass: 31622K(31872K)->31622K(31872K) Class: 4020K(4224K)->4020K(4224K)
[2023-03-01T20:19:27.238+0800][2.378s] GC(5) Pause Young (Mixed) (Metadata GC Threshold) 44M->30M(512M) 2.907ms
[2023-03-01T20:19:27.238+0800][2.378s] GC(5) User=0.17s Sys=0.00s Real=0.00s
[2023-03-01T20:19:27.260+0800][2.400s] GC(6) Pause Young (Concurrent Start) (Metadata GC Threshold)
[2023-03-01T20:19:27.260+0800][2.401s] GC(6) Using 10 workers of 10 for evacuation
[2023-03-01T20:19:27.262+0800][2.402s] GC(6)   Pre Evacuate Collection Set: 0.1ms
[2023-03-01T20:19:27.262+0800][2.402s] GC(6)   Merge Heap Roots: 0.2ms
[2023-03-01T20:19:27.262+0800][2.402s] GC(6)   Evacuate Collection Set: 0.8ms
[2023-03-01T20:19:27.262+0800][2.402s] GC(6)   Post Evacuate Collection Set: 0.4ms
[2023-03-01T20:19:27.262+0800][2.402s] GC(6)   Other: 0.1ms
[2023-03-01T20:19:27.262+0800][2.402s] GC(6) Eden regions: 3->0(305)
[2023-03-01T20:19:27.262+0800][2.402s] GC(6) Survivor regions: 3->2(39)
[2023-03-01T20:19:27.262+0800][2.402s] GC(6) Old regions: 25->25
[2023-03-01T20:19:27.262+0800][2.402s] GC(6) Archive regions: 0->0
[2023-03-01T20:19:27.262+0800][2.402s] GC(6) Humongous regions: 4->4
[2023-03-01T20:19:27.262+0800][2.402s] GC(6) Metaspace: 36069K(36416K)->36069K(36416K) NonClass: 31993K(32192K)->31993K(32192K) Class: 4075K(4224K)->4075K(4224K)
[2023-03-01T20:19:27.262+0800][2.402s] GC(6) Pause Young (Concurrent Start) (Metadata GC Threshold) 32M->29M(512M) 1.630ms
[2023-03-01T20:19:27.262+0800][2.402s] GC(7) Concurrent Mark Cycle
[2023-03-01T20:19:27.262+0800][2.402s] GC(6) User=0.00s Sys=0.00s Real=0.00s
[2023-03-01T20:19:27.262+0800][2.402s] GC(7) Concurrent Clear Claimed Marks
[2023-03-01T20:19:27.262+0800][2.402s] GC(7) Concurrent Clear Claimed Marks 0.042ms
[2023-03-01T20:19:27.262+0800][2.402s] GC(7) Concurrent Scan Root Regions
[2023-03-01T20:19:27.263+0800][2.403s] GC(7) Concurrent Scan Root Regions 0.806ms
[2023-03-01T20:19:27.263+0800][2.403s] GC(7) Concurrent Mark
[2023-03-01T20:19:27.263+0800][2.403s] GC(7) Concurrent Mark From Roots
[2023-03-01T20:19:27.263+0800][2.403s] GC(7) Using 3 workers of 3 for marking
[2023-03-01T20:19:27.270+0800][2.410s] GC(7) Concurrent Mark From Roots 7.254ms
[2023-03-01T20:19:27.270+0800][2.410s] GC(7) Concurrent Preclean
[2023-03-01T20:19:27.270+0800][2.410s] GC(7) Concurrent Preclean 0.067ms
[2023-03-01T20:19:27.270+0800][2.410s] GC(7) Pause Remark
[2023-03-01T20:19:27.271+0800][2.411s] GC(7) Pause Remark 32M->32M(512M) 0.966ms
[2023-03-01T20:19:27.271+0800][2.411s] GC(7) User=0.00s Sys=0.00s Real=0.00s
[2023-03-01T20:19:27.271+0800][2.412s] GC(7) Concurrent Mark 8.474ms
[2023-03-01T20:19:27.271+0800][2.412s] GC(7) Concurrent Rebuild Remembered Sets
[2023-03-01T20:19:27.276+0800][2.416s] GC(7) Concurrent Rebuild Remembered Sets 4.335ms
[2023-03-01T20:19:27.276+0800][2.416s] GC(7) Pause Cleanup
[2023-03-01T20:19:27.276+0800][2.416s] GC(7) Pause Cleanup 32M->32M(512M) 0.115ms
[2023-03-01T20:19:27.276+0800][2.416s] GC(7) User=0.00s Sys=0.00s Real=0.00s
[2023-03-01T20:19:27.276+0800][2.416s] GC(7) Concurrent Cleanup for Next Mark
[2023-03-01T20:19:27.277+0800][2.417s] GC(7) Concurrent Cleanup for Next Mark 0.851ms
[2023-03-01T20:19:27.277+0800][2.417s] GC(7) Concurrent Mark Cycle 14.946ms
[2023-03-01T20:19:28.597+0800][3.738s] GC(8) Pause Young (Prepare Mixed) (G1 Evacuation Pause)
[2023-03-01T20:19:28.597+0800][3.738s] GC(8) Using 10 workers of 10 for evacuation
[2023-03-01T20:19:28.609+0800][3.750s] GC(8)   Pre Evacuate Collection Set: 0.1ms
[2023-03-01T20:19:28.609+0800][3.750s] GC(8)   Merge Heap Roots: 0.0ms
[2023-03-01T20:19:28.609+0800][3.750s] GC(8)   Evacuate Collection Set: 10.7ms
[2023-03-01T20:19:28.609+0800][3.750s] GC(8)   Post Evacuate Collection Set: 0.9ms
[2023-03-01T20:19:28.609+0800][3.750s] GC(8)   Other: 0.1ms
[2023-03-01T20:19:28.609+0800][3.750s] GC(8) Eden regions: 305->0(1)
[2023-03-01T20:19:28.609+0800][3.750s] GC(8) Survivor regions: 2->38(39)
[2023-03-01T20:19:28.609+0800][3.750s] GC(8) Old regions: 25->25
[2023-03-01T20:19:28.609+0800][3.750s] GC(8) Archive regions: 0->0
[2023-03-01T20:19:28.609+0800][3.750s] GC(8) Humongous regions: 5->4
[2023-03-01T20:19:28.609+0800][3.750s] GC(8) Metaspace: 48113K(48640K)->48113K(48640K) NonClass: 42545K(42816K)->42545K(42816K) Class: 5567K(5824K)->5567K(5824K)
[2023-03-01T20:19:28.609+0800][3.750s] GC(8) Pause Young (Prepare Mixed) (G1 Evacuation Pause) 335M->65M(512M) 12.009ms
[2023-03-01T20:19:28.609+0800][3.750s] GC(8) User=0.00s Sys=0.00s Real=0.01s
[2023-03-01T20:19:28.609+0800][3.750s] GC(9) Pause Young (Mixed) (G1 Evacuation Pause)
[2023-03-01T20:19:28.609+0800][3.750s] GC(9) Using 10 workers of 10 for evacuation
[2023-03-01T20:19:28.618+0800][3.759s] GC(9)   Pre Evacuate Collection Set: 0.0ms
[2023-03-01T20:19:28.618+0800][3.759s] GC(9)   Merge Heap Roots: 0.0ms
[2023-03-01T20:19:28.618+0800][3.759s] GC(9)   Evacuate Collection Set: 7.7ms
[2023-03-01T20:19:28.618+0800][3.759s] GC(9)   Post Evacuate Collection Set: 0.7ms
[2023-03-01T20:19:28.618+0800][3.759s] GC(9)   Other: 0.1ms
[2023-03-01T20:19:28.618+0800][3.759s] GC(9) Eden regions: 1->0(273)
[2023-03-01T20:19:28.618+0800][3.759s] GC(9) Survivor regions: 38->2(5)
[2023-03-01T20:19:28.618+0800][3.759s] GC(9) Old regions: 25->62
[2023-03-01T20:19:28.618+0800][3.759s] GC(9) Archive regions: 0->0
[2023-03-01T20:19:28.618+0800][3.759s] GC(9) Humongous regions: 4->4
[2023-03-01T20:19:28.618+0800][3.759s] GC(9) Metaspace: 48113K(48640K)->48113K(48640K) NonClass: 42545K(42816K)->42545K(42816K) Class: 5567K(5824K)->5567K(5824K)
[2023-03-01T20:19:28.618+0800][3.759s] GC(9) Pause Young (Mixed) (G1 Evacuation Pause) 66M->67M(512M) 8.661ms
[2023-03-01T20:19:28.618+0800][3.759s] GC(9) User=0.17s Sys=0.00s Real=0.01s
[2023-03-01T20:28:20.180+0800][535.321s] Heap
[2023-03-01T20:28:20.180+0800][535.321s]  garbage-first heap   total 524288K, used 263223K [0x00000000e0000000, 0x0000000100000000)
[2023-03-01T20:28:20.180+0800][535.321s]   region size 1024K, 190 young (194560K), 2 survivors (2048K)
[2023-03-01T20:28:20.180+0800][535.321s]  Metaspace       used 52043K, committed 52608K, reserved 1114112K
[2023-03-01T20:28:20.180+0800][535.321s]   class space    used 6020K, committed 6272K, reserved 1048576K
