[2023-02-21T18:34:01.568+0800][0.011s] CardTable entry size: 512
[2023-02-21T18:34:01.568+0800][0.011s] Using G1
[2023-02-21T18:34:01.676+0800][0.120s] Version: 19.0.2+7-44 (release)
[2023-02-21T18:34:01.676+0800][0.120s] CPUs: 12 total, 12 available
[2023-02-21T18:34:01.676+0800][0.120s] Memory: 16251M
[2023-02-21T18:34:01.676+0800][0.120s] Large Page Support: Disabled
[2023-02-21T18:34:01.676+0800][0.120s] NUMA Support: Disabled
[2023-02-21T18:34:01.676+0800][0.120s] Compressed Oops: Enabled (32-bit)
[2023-02-21T18:34:01.676+0800][0.120s] Heap Region Size: 1M
[2023-02-21T18:34:01.676+0800][0.120s] Heap Min Capacity: 512M
[2023-02-21T18:34:01.676+0800][0.120s] Heap Initial Capacity: 512M
[2023-02-21T18:34:01.676+0800][0.120s] Heap Max Capacity: 512M
[2023-02-21T18:34:01.676+0800][0.120s] Pre-touch: Enabled
[2023-02-21T18:34:01.676+0800][0.120s] Parallel Workers: 10
[2023-02-21T18:34:01.676+0800][0.120s] Concurrent Workers: 3
[2023-02-21T18:34:01.676+0800][0.120s] Concurrent Refinement Workers: 10
[2023-02-21T18:34:01.676+0800][0.120s] Periodic GC: Disabled
[2023-02-21T18:34:01.677+0800][0.121s] CDS archive(s) mapped at: [0x0000000800000000-0x0000000800c40000-0x0000000800c40000), size 12845056, SharedBaseAddress: 0x0000000800000000, ArchiveRelocationMode: 0.
[2023-02-21T18:34:01.677+0800][0.121s] Compressed class space mapped at: 0x0000000801000000-0x0000000841000000, reserved size: 1073741824
[2023-02-21T18:34:01.677+0800][0.121s] Narrow klass base: 0x0000000800000000, Narrow klass shift: 0, Narrow klass range: 0x100000000
[2023-02-21T18:34:02.274+0800][0.717s] GC(0) Pause Young (Normal) (G1 Evacuation Pause)
[2023-02-21T18:34:02.275+0800][0.718s] GC(0) Using 10 workers of 10 for evacuation
[2023-02-21T18:34:02.277+0800][0.720s] GC(0)   Pre Evacuate Collection Set: 0.0ms
[2023-02-21T18:34:02.277+0800][0.720s] GC(0)   Merge Heap Roots: 0.0ms
[2023-02-21T18:34:02.277+0800][0.720s] GC(0)   Evacuate Collection Set: 2.0ms
[2023-02-21T18:34:02.277+0800][0.720s] GC(0)   Post Evacuate Collection Set: 0.3ms
[2023-02-21T18:34:02.277+0800][0.720s] GC(0)   Other: 0.3ms
[2023-02-21T18:34:02.277+0800][0.720s] GC(0) Eden regions: 29->0(38)
[2023-02-21T18:34:02.277+0800][0.720s] GC(0) Survivor regions: 0->4(4)
[2023-02-21T18:34:02.277+0800][0.720s] GC(0) Old regions: 0->2
[2023-02-21T18:34:02.277+0800][0.720s] GC(0) Archive regions: 0->0
[2023-02-21T18:34:02.277+0800][0.720s] GC(0) Humongous regions: 0->0
[2023-02-21T18:34:02.277+0800][0.720s] GC(0) Metaspace: 10392K(10624K)->10392K(10624K) NonClass: 9213K(9344K)->9213K(9344K) Class: 1178K(1280K)->1178K(1280K)
[2023-02-21T18:34:02.277+0800][0.720s] GC(0) Pause Young (Normal) (G1 Evacuation Pause) 29M->5M(512M) 2.927ms
[2023-02-21T18:34:02.277+0800][0.720s] GC(0) User=0.00s Sys=0.00s Real=0.00s
[2023-02-21T18:34:02.723+0800][1.166s] GC(1) Pause Young (Normal) (G1 Evacuation Pause)
[2023-02-21T18:34:02.723+0800][1.166s] GC(1) Using 10 workers of 10 for evacuation
[2023-02-21T18:34:02.728+0800][1.170s] GC(1)   Pre Evacuate Collection Set: 0.0ms
[2023-02-21T18:34:02.728+0800][1.170s] GC(1)   Merge Heap Roots: 0.0ms
[2023-02-21T18:34:02.728+0800][1.170s] GC(1)   Evacuate Collection Set: 4.1ms
[2023-02-21T18:34:02.728+0800][1.170s] GC(1)   Post Evacuate Collection Set: 0.4ms
[2023-02-21T18:34:02.728+0800][1.170s] GC(1)   Other: 0.1ms
[2023-02-21T18:34:02.728+0800][1.170s] GC(1) Eden regions: 38->0(50)
[2023-02-21T18:34:02.728+0800][1.170s] GC(1) Survivor regions: 4->6(6)
[2023-02-21T18:34:02.728+0800][1.170s] GC(1) Old regions: 2->10
[2023-02-21T18:34:02.728+0800][1.170s] GC(1) Archive regions: 0->0
[2023-02-21T18:34:02.728+0800][1.170s] GC(1) Humongous regions: 4->4
[2023-02-21T18:34:02.728+0800][1.170s] GC(1) Metaspace: 16582K(16896K)->16582K(16896K) NonClass: 14725K(14912K)->14725K(14912K) Class: 1857K(1984K)->1857K(1984K)
[2023-02-21T18:34:02.728+0800][1.170s] GC(1) Pause Young (Normal) (G1 Evacuation Pause) 46M->19M(512M) 4.855ms
[2023-02-21T18:34:02.728+0800][1.170s] GC(1) User=0.03s Sys=0.00s Real=0.00s
[2023-02-21T18:34:03.059+0800][1.502s] GC(2) Pause Young (Concurrent Start) (Metadata GC Threshold)
[2023-02-21T18:34:03.059+0800][1.502s] GC(2) Using 10 workers of 10 for evacuation
[2023-02-21T18:34:03.062+0800][1.505s] GC(2)   Pre Evacuate Collection Set: 0.1ms
[2023-02-21T18:34:03.062+0800][1.505s] GC(2)   Merge Heap Roots: 0.1ms
[2023-02-21T18:34:03.062+0800][1.505s] GC(2)   Evacuate Collection Set: 1.7ms
[2023-02-21T18:34:03.062+0800][1.505s] GC(2)   Post Evacuate Collection Set: 0.6ms
[2023-02-21T18:34:03.062+0800][1.505s] GC(2)   Other: 0.1ms
[2023-02-21T18:34:03.062+0800][1.505s] GC(2) Eden regions: 41->0(77)
[2023-02-21T18:34:03.062+0800][1.505s] GC(2) Survivor regions: 6->5(7)
[2023-02-21T18:34:03.062+0800][1.505s] GC(2) Old regions: 10->16
[2023-02-21T18:34:03.062+0800][1.505s] GC(2) Archive regions: 0->0
[2023-02-21T18:34:03.062+0800][1.505s] GC(2) Humongous regions: 4->4
[2023-02-21T18:34:03.062+0800][1.505s] GC(2) Metaspace: 21147K(21504K)->21147K(21504K) NonClass: 18841K(19008K)->18841K(19008K) Class: 2306K(2496K)->2306K(2496K)
[2023-02-21T18:34:03.062+0800][1.505s] GC(2) Pause Young (Concurrent Start) (Metadata GC Threshold) 60M->24M(512M) 2.744ms
[2023-02-21T18:34:03.062+0800][1.505s] GC(2) User=0.00s Sys=0.00s Real=0.00s
[2023-02-21T18:34:03.062+0800][1.505s] GC(3) Concurrent Mark Cycle
[2023-02-21T18:34:03.062+0800][1.505s] GC(3) Concurrent Clear Claimed Marks
[2023-02-21T18:34:03.062+0800][1.505s] GC(3) Concurrent Clear Claimed Marks 0.015ms
[2023-02-21T18:34:03.062+0800][1.505s] GC(3) Concurrent Scan Root Regions
[2023-02-21T18:34:03.063+0800][1.506s] GC(3) Concurrent Scan Root Regions 0.833ms
[2023-02-21T18:34:03.063+0800][1.506s] GC(3) Concurrent Mark
[2023-02-21T18:34:03.063+0800][1.506s] GC(3) Concurrent Mark From Roots
[2023-02-21T18:34:03.063+0800][1.506s] GC(3) Using 3 workers of 3 for marking
[2023-02-21T18:34:03.066+0800][1.509s] GC(3) Concurrent Mark From Roots 3.255ms
[2023-02-21T18:34:03.066+0800][1.509s] GC(3) Concurrent Preclean
[2023-02-21T18:34:03.066+0800][1.509s] GC(3) Concurrent Preclean 0.023ms
[2023-02-21T18:34:03.066+0800][1.509s] GC(3) Pause Remark
[2023-02-21T18:34:03.068+0800][1.511s] GC(3) Pause Remark 25M->25M(512M) 1.893ms
[2023-02-21T18:34:03.068+0800][1.511s] GC(3) User=0.00s Sys=0.00s Real=0.00s
[2023-02-21T18:34:03.068+0800][1.511s] GC(3) Concurrent Mark 5.465ms
[2023-02-21T18:34:03.068+0800][1.512s] GC(3) Concurrent Rebuild Remembered Sets
[2023-02-21T18:34:03.070+0800][1.513s] GC(3) Concurrent Rebuild Remembered Sets 1.914ms
[2023-02-21T18:34:03.071+0800][1.514s] GC(3) Pause Cleanup
[2023-02-21T18:34:03.071+0800][1.514s] GC(3) Pause Cleanup 25M->25M(512M) 0.093ms
[2023-02-21T18:34:03.071+0800][1.514s] GC(3) User=0.00s Sys=0.00s Real=0.00s
[2023-02-21T18:34:03.071+0800][1.514s] GC(3) Concurrent Cleanup for Next Mark
[2023-02-21T18:34:03.071+0800][1.514s] GC(3) Concurrent Cleanup for Next Mark 0.652ms
[2023-02-21T18:34:03.071+0800][1.514s] GC(3) Concurrent Mark Cycle 9.385ms
[2023-02-21T18:34:03.821+0800][2.264s] GC(4) Pause Young (Prepare Mixed) (Metadata GC Threshold)
[2023-02-21T18:34:03.821+0800][2.264s] GC(4) Using 10 workers of 10 for evacuation
[2023-02-21T18:34:03.824+0800][2.267s] GC(4)   Pre Evacuate Collection Set: 0.0ms
[2023-02-21T18:34:03.824+0800][2.267s] GC(4)   Merge Heap Roots: 0.0ms
[2023-02-21T18:34:03.824+0800][2.267s] GC(4)   Evacuate Collection Set: 2.6ms
[2023-02-21T18:34:03.824+0800][2.267s] GC(4)   Post Evacuate Collection Set: 0.4ms
[2023-02-21T18:34:03.824+0800][2.267s] GC(4)   Other: 0.1ms
[2023-02-21T18:34:03.824+0800][2.267s] GC(4) Eden regions: 74->0(15)
[2023-02-21T18:34:03.824+0800][2.267s] GC(4) Survivor regions: 5->10(11)
[2023-02-21T18:34:03.824+0800][2.267s] GC(4) Old regions: 16->16
[2023-02-21T18:34:03.824+0800][2.267s] GC(4) Archive regions: 0->0
[2023-02-21T18:34:03.824+0800][2.267s] GC(4) Humongous regions: 4->4
[2023-02-21T18:34:03.824+0800][2.267s] GC(4) Metaspace: 35699K(36096K)->35699K(36096K) NonClass: 31679K(31872K)->31679K(31872K) Class: 4019K(4224K)->4019K(4224K)
[2023-02-21T18:34:03.824+0800][2.267s] GC(4) Pause Young (Prepare Mixed) (Metadata GC Threshold) 98M->29M(512M) 3.349ms
[2023-02-21T18:34:03.824+0800][2.267s] GC(4) User=0.00s Sys=0.00s Real=0.00s
[2023-02-21T18:34:03.847+0800][2.290s] GC(5) Pause Young (Mixed) (Metadata GC Threshold)
[2023-02-21T18:34:03.847+0800][2.290s] GC(5) Using 10 workers of 10 for evacuation
[2023-02-21T18:34:03.849+0800][2.292s] GC(5)   Pre Evacuate Collection Set: 0.0ms
[2023-02-21T18:34:03.849+0800][2.292s] GC(5)   Merge Heap Roots: 0.0ms
[2023-02-21T18:34:03.849+0800][2.292s] GC(5)   Evacuate Collection Set: 2.2ms
[2023-02-21T18:34:03.849+0800][2.292s] GC(5)   Post Evacuate Collection Set: 0.2ms
[2023-02-21T18:34:03.849+0800][2.292s] GC(5)   Other: 0.0ms
[2023-02-21T18:34:03.849+0800][2.292s] GC(5) Eden regions: 4->0(305)
[2023-02-21T18:34:03.849+0800][2.292s] GC(5) Survivor regions: 10->2(4)
[2023-02-21T18:34:03.849+0800][2.292s] GC(5) Old regions: 16->26
[2023-02-21T18:34:03.849+0800][2.292s] GC(5) Archive regions: 0->0
[2023-02-21T18:34:03.849+0800][2.292s] GC(5) Humongous regions: 4->4
[2023-02-21T18:34:03.849+0800][2.292s] GC(5) Metaspace: 36106K(36416K)->36106K(36416K) NonClass: 32029K(32192K)->32029K(32192K) Class: 4076K(4224K)->4076K(4224K)
[2023-02-21T18:34:03.849+0800][2.293s] GC(5) Pause Young (Mixed) (Metadata GC Threshold) 32M->30M(512M) 2.742ms
[2023-02-21T18:34:03.849+0800][2.293s] GC(5) User=0.00s Sys=0.00s Real=0.00s
[2023-02-21T18:34:03.875+0800][2.319s] GC(6) Pause Young (Concurrent Start) (Metadata GC Threshold)
[2023-02-21T18:34:03.875+0800][2.319s] GC(6) Using 10 workers of 10 for evacuation
[2023-02-21T18:34:03.876+0800][2.320s] GC(6)   Pre Evacuate Collection Set: 0.1ms
[2023-02-21T18:34:03.876+0800][2.320s] GC(6)   Merge Heap Roots: 0.0ms
[2023-02-21T18:34:03.876+0800][2.320s] GC(6)   Evacuate Collection Set: 0.6ms
[2023-02-21T18:34:03.876+0800][2.320s] GC(6)   Post Evacuate Collection Set: 0.2ms
[2023-02-21T18:34:03.876+0800][2.320s] GC(6)   Other: 0.0ms
[2023-02-21T18:34:03.876+0800][2.320s] GC(6) Eden regions: 6->0(305)
[2023-02-21T18:34:03.876+0800][2.320s] GC(6) Survivor regions: 2->2(39)
[2023-02-21T18:34:03.877+0800][2.320s] GC(6) Old regions: 26->26
[2023-02-21T18:34:03.877+0800][2.320s] GC(6) Archive regions: 0->0
[2023-02-21T18:34:03.877+0800][2.320s] GC(6) Humongous regions: 5->4
[2023-02-21T18:34:03.877+0800][2.320s] GC(6) Metaspace: 36330K(36736K)->36330K(36736K) NonClass: 32228K(32448K)->32228K(32448K) Class: 4102K(4288K)->4102K(4288K)
[2023-02-21T18:34:03.877+0800][2.320s] GC(6) Pause Young (Concurrent Start) (Metadata GC Threshold) 37M->30M(512M) 1.153ms
[2023-02-21T18:34:03.877+0800][2.320s] GC(7) Concurrent Mark Cycle
[2023-02-21T18:34:03.877+0800][2.320s] GC(6) User=0.00s Sys=0.00s Real=0.00s
[2023-02-21T18:34:03.877+0800][2.320s] GC(7) Concurrent Clear Claimed Marks
[2023-02-21T18:34:03.877+0800][2.320s] GC(7) Concurrent Clear Claimed Marks 0.039ms
[2023-02-21T18:34:03.877+0800][2.320s] GC(7) Concurrent Scan Root Regions
[2023-02-21T18:34:03.877+0800][2.320s] GC(7) Concurrent Scan Root Regions 0.537ms
[2023-02-21T18:34:03.877+0800][2.320s] GC(7) Concurrent Mark
[2023-02-21T18:34:03.877+0800][2.320s] GC(7) Concurrent Mark From Roots
[2023-02-21T18:34:03.877+0800][2.320s] GC(7) Using 3 workers of 3 for marking
[2023-02-21T18:34:03.886+0800][2.329s] GC(7) Concurrent Mark From Roots 8.333ms
[2023-02-21T18:34:03.886+0800][2.329s] GC(7) Concurrent Preclean
[2023-02-21T18:34:03.886+0800][2.329s] GC(7) Concurrent Preclean 0.058ms
[2023-02-21T18:34:03.886+0800][2.329s] GC(7) Pause Remark
[2023-02-21T18:34:03.890+0800][2.333s] GC(7) Pause Remark 32M->32M(512M) 4.419ms
[2023-02-21T18:34:03.890+0800][2.333s] GC(7) User=0.00s Sys=0.00s Real=0.00s
[2023-02-21T18:34:03.890+0800][2.333s] GC(7) Concurrent Mark 13.014ms
[2023-02-21T18:34:03.890+0800][2.334s] GC(7) Concurrent Rebuild Remembered Sets
[2023-02-21T18:34:03.895+0800][2.338s] GC(7) Concurrent Rebuild Remembered Sets 4.442ms
[2023-02-21T18:34:03.895+0800][2.338s] GC(7) Pause Cleanup
[2023-02-21T18:34:03.895+0800][2.338s] GC(7) Pause Cleanup 32M->32M(512M) 0.063ms
[2023-02-21T18:34:03.895+0800][2.338s] GC(7) User=0.00s Sys=0.00s Real=0.00s
[2023-02-21T18:34:03.895+0800][2.338s] GC(7) Concurrent Cleanup for Next Mark
[2023-02-21T18:34:03.896+0800][2.339s] GC(7) Concurrent Cleanup for Next Mark 0.738ms
[2023-02-21T18:34:03.896+0800][2.339s] GC(7) Concurrent Mark Cycle 19.302ms
[2023-02-21T18:34:05.169+0800][3.613s] GC(8) Pause Young (Prepare Mixed) (G1 Evacuation Pause)
[2023-02-21T18:34:05.170+0800][3.613s] GC(8) Using 10 workers of 10 for evacuation
[2023-02-21T18:34:05.181+0800][3.625s] GC(8)   Pre Evacuate Collection Set: 0.1ms
[2023-02-21T18:34:05.181+0800][3.625s] GC(8)   Merge Heap Roots: 0.1ms
[2023-02-21T18:34:05.181+0800][3.625s] GC(8)   Evacuate Collection Set: 10.6ms
[2023-02-21T18:34:05.181+0800][3.625s] GC(8)   Post Evacuate Collection Set: 0.7ms
[2023-02-21T18:34:05.181+0800][3.625s] GC(8)   Other: 0.1ms
[2023-02-21T18:34:05.181+0800][3.625s] GC(8) Eden regions: 305->0(1)
[2023-02-21T18:34:05.181+0800][3.625s] GC(8) Survivor regions: 2->38(39)
[2023-02-21T18:34:05.181+0800][3.625s] GC(8) Old regions: 26->26
[2023-02-21T18:34:05.181+0800][3.625s] GC(8) Archive regions: 0->0
[2023-02-21T18:34:05.181+0800][3.625s] GC(8) Humongous regions: 4->4
[2023-02-21T18:34:05.181+0800][3.625s] GC(8) Metaspace: 48158K(48768K)->48158K(48768K) NonClass: 42581K(42944K)->42581K(42944K) Class: 5577K(5824K)->5577K(5824K)
[2023-02-21T18:34:05.181+0800][3.625s] GC(8) Pause Young (Prepare Mixed) (G1 Evacuation Pause) 335M->67M(512M) 11.765ms
[2023-02-21T18:34:05.181+0800][3.625s] GC(8) User=0.17s Sys=0.00s Real=0.01s
[2023-02-21T18:34:05.181+0800][3.625s] GC(9) Pause Young (Mixed) (G1 Evacuation Pause)
[2023-02-21T18:34:05.181+0800][3.625s] GC(9) Using 10 workers of 10 for evacuation
[2023-02-21T18:34:05.189+0800][3.633s] GC(9)   Pre Evacuate Collection Set: 0.0ms
[2023-02-21T18:34:05.189+0800][3.633s] GC(9)   Merge Heap Roots: 0.0ms
[2023-02-21T18:34:05.189+0800][3.633s] GC(9)   Evacuate Collection Set: 7.3ms
[2023-02-21T18:34:05.189+0800][3.633s] GC(9)   Post Evacuate Collection Set: 0.4ms
[2023-02-21T18:34:05.189+0800][3.633s] GC(9)   Other: 0.1ms
[2023-02-21T18:34:05.189+0800][3.633s] GC(9) Eden regions: 1->0(269)
[2023-02-21T18:34:05.189+0800][3.633s] GC(9) Survivor regions: 38->2(5)
[2023-02-21T18:34:05.189+0800][3.633s] GC(9) Old regions: 26->63
[2023-02-21T18:34:05.189+0800][3.633s] GC(9) Archive regions: 0->0
[2023-02-21T18:34:05.189+0800][3.633s] GC(9) Humongous regions: 4->4
[2023-02-21T18:34:05.190+0800][3.633s] GC(9) Metaspace: 48158K(48768K)->48158K(48768K) NonClass: 42581K(42944K)->42581K(42944K) Class: 5577K(5824K)->5577K(5824K)
[2023-02-21T18:34:05.190+0800][3.633s] GC(9) Pause Young (Mixed) (G1 Evacuation Pause) 68M->68M(512M) 8.134ms
[2023-02-21T18:34:05.190+0800][3.633s] GC(9) User=0.00s Sys=0.00s Real=0.01s
[2023-02-21T18:41:38.291+0800][456.734s] Heap
[2023-02-21T18:41:38.291+0800][456.735s]  garbage-first heap   total 524288K, used 249755K [0x00000000e0000000, 0x0000000100000000)
[2023-02-21T18:41:38.291+0800][456.735s]   region size 1024K, 178 young (182272K), 2 survivors (2048K)
[2023-02-21T18:41:38.291+0800][456.735s]  Metaspace       used 51295K, committed 51904K, reserved 1114112K
[2023-02-21T18:41:38.291+0800][456.735s]   class space    used 5955K, committed 6208K, reserved 1048576K
