[2023-02-21T18:32:36.430+0800][0.011s] CardTable entry size: 512
[2023-02-21T18:32:36.430+0800][0.011s] Using G1
[2023-02-21T18:32:36.539+0800][0.120s] Version: 19.0.2+7-44 (release)
[2023-02-21T18:32:36.539+0800][0.120s] CPUs: 12 total, 12 available
[2023-02-21T18:32:36.539+0800][0.120s] Memory: 16251M
[2023-02-21T18:32:36.540+0800][0.120s] Large Page Support: Disabled
[2023-02-21T18:32:36.540+0800][0.120s] NUMA Support: Disabled
[2023-02-21T18:32:36.540+0800][0.120s] Compressed Oops: Enabled (32-bit)
[2023-02-21T18:32:36.540+0800][0.120s] Heap Region Size: 1M
[2023-02-21T18:32:36.540+0800][0.120s] Heap Min Capacity: 512M
[2023-02-21T18:32:36.540+0800][0.120s] Heap Initial Capacity: 512M
[2023-02-21T18:32:36.540+0800][0.120s] Heap Max Capacity: 512M
[2023-02-21T18:32:36.540+0800][0.120s] Pre-touch: Enabled
[2023-02-21T18:32:36.540+0800][0.120s] Parallel Workers: 10
[2023-02-21T18:32:36.540+0800][0.120s] Concurrent Workers: 3
[2023-02-21T18:32:36.540+0800][0.120s] Concurrent Refinement Workers: 10
[2023-02-21T18:32:36.540+0800][0.120s] Periodic GC: Disabled
[2023-02-21T18:32:36.540+0800][0.121s] CDS archive(s) mapped at: [0x0000000800000000-0x0000000800c40000-0x0000000800c40000), size 12845056, SharedBaseAddress: 0x0000000800000000, ArchiveRelocationMode: 0.
[2023-02-21T18:32:36.540+0800][0.121s] Compressed class space mapped at: 0x0000000801000000-0x0000000841000000, reserved size: 1073741824
[2023-02-21T18:32:36.540+0800][0.121s] Narrow klass base: 0x0000000800000000, Narrow klass shift: 0, Narrow klass range: 0x100000000
[2023-02-21T18:32:37.118+0800][0.698s] GC(0) Pause Young (Normal) (G1 Evacuation Pause)
[2023-02-21T18:32:37.118+0800][0.699s] GC(0) Using 10 workers of 10 for evacuation
[2023-02-21T18:32:37.120+0800][0.701s] GC(0)   Pre Evacuate Collection Set: 0.0ms
[2023-02-21T18:32:37.120+0800][0.701s] GC(0)   Merge Heap Roots: 0.0ms
[2023-02-21T18:32:37.120+0800][0.701s] GC(0)   Evacuate Collection Set: 2.0ms
[2023-02-21T18:32:37.120+0800][0.701s] GC(0)   Post Evacuate Collection Set: 0.3ms
[2023-02-21T18:32:37.121+0800][0.701s] GC(0)   Other: 0.3ms
[2023-02-21T18:32:37.121+0800][0.701s] GC(0) Eden regions: 29->0(39)
[2023-02-21T18:32:37.121+0800][0.701s] GC(0) Survivor regions: 0->4(4)
[2023-02-21T18:32:37.121+0800][0.701s] GC(0) Old regions: 0->2
[2023-02-21T18:32:37.121+0800][0.701s] GC(0) Archive regions: 0->0
[2023-02-21T18:32:37.121+0800][0.701s] GC(0) Humongous regions: 2->2
[2023-02-21T18:32:37.121+0800][0.701s] GC(0) Metaspace: 10388K(10624K)->10388K(10624K) NonClass: 9205K(9344K)->9205K(9344K) Class: 1182K(1280K)->1182K(1280K)
[2023-02-21T18:32:37.121+0800][0.701s] GC(0) Pause Young (Normal) (G1 Evacuation Pause) 31M->7M(512M) 2.873ms
[2023-02-21T18:32:37.121+0800][0.701s] GC(0) User=0.00s Sys=0.00s Real=0.00s
[2023-02-21T18:32:37.528+0800][1.109s] GC(1) Pause Young (Normal) (G1 Evacuation Pause)
[2023-02-21T18:32:37.528+0800][1.109s] GC(1) Using 10 workers of 10 for evacuation
[2023-02-21T18:32:37.532+0800][1.113s] GC(1)   Pre Evacuate Collection Set: 0.0ms
[2023-02-21T18:32:37.532+0800][1.113s] GC(1)   Merge Heap Roots: 0.0ms
[2023-02-21T18:32:37.532+0800][1.113s] GC(1)   Evacuate Collection Set: 3.6ms
[2023-02-21T18:32:37.532+0800][1.113s] GC(1)   Post Evacuate Collection Set: 0.4ms
[2023-02-21T18:32:37.532+0800][1.113s] GC(1)   Other: 0.0ms
[2023-02-21T18:32:37.532+0800][1.113s] GC(1) Eden regions: 39->0(52)
[2023-02-21T18:32:37.532+0800][1.113s] GC(1) Survivor regions: 4->6(6)
[2023-02-21T18:32:37.532+0800][1.113s] GC(1) Old regions: 2->10
[2023-02-21T18:32:37.532+0800][1.113s] GC(1) Archive regions: 0->0
[2023-02-21T18:32:37.532+0800][1.113s] GC(1) Humongous regions: 4->4
[2023-02-21T18:32:37.532+0800][1.113s] GC(1) Metaspace: 16558K(16896K)->16558K(16896K) NonClass: 14700K(14912K)->14700K(14912K) Class: 1857K(1984K)->1857K(1984K)
[2023-02-21T18:32:37.532+0800][1.113s] GC(1) Pause Young (Normal) (G1 Evacuation Pause) 48M->19M(512M) 4.213ms
[2023-02-21T18:32:37.533+0800][1.113s] GC(1) User=0.00s Sys=0.00s Real=0.00s
[2023-02-21T18:32:37.836+0800][1.416s] GC(2) Pause Young (Concurrent Start) (Metadata GC Threshold)
[2023-02-21T18:32:37.836+0800][1.416s] GC(2) Using 10 workers of 10 for evacuation
[2023-02-21T18:32:37.838+0800][1.418s] GC(2)   Pre Evacuate Collection Set: 0.1ms
[2023-02-21T18:32:37.838+0800][1.418s] GC(2)   Merge Heap Roots: 0.1ms
[2023-02-21T18:32:37.838+0800][1.418s] GC(2)   Evacuate Collection Set: 1.6ms
[2023-02-21T18:32:37.838+0800][1.418s] GC(2)   Post Evacuate Collection Set: 0.3ms
[2023-02-21T18:32:37.838+0800][1.418s] GC(2)   Other: 0.0ms
[2023-02-21T18:32:37.838+0800][1.418s] GC(2) Eden regions: 40->0(75)
[2023-02-21T18:32:37.838+0800][1.419s] GC(2) Survivor regions: 6->5(8)
[2023-02-21T18:32:37.838+0800][1.419s] GC(2) Old regions: 10->17
[2023-02-21T18:32:37.838+0800][1.419s] GC(2) Archive regions: 0->0
[2023-02-21T18:32:37.838+0800][1.419s] GC(2) Humongous regions: 4->4
[2023-02-21T18:32:37.838+0800][1.419s] GC(2) Metaspace: 21131K(21504K)->21131K(21504K) NonClass: 18827K(19008K)->18827K(19008K) Class: 2303K(2496K)->2303K(2496K)
[2023-02-21T18:32:37.838+0800][1.419s] GC(2) Pause Young (Concurrent Start) (Metadata GC Threshold) 59M->24M(512M) 2.323ms
[2023-02-21T18:32:37.838+0800][1.419s] GC(3) Concurrent Mark Cycle
[2023-02-21T18:32:37.838+0800][1.419s] GC(2) User=0.00s Sys=0.00s Real=0.00s
[2023-02-21T18:32:37.838+0800][1.419s] GC(3) Concurrent Clear Claimed Marks
[2023-02-21T18:32:37.838+0800][1.419s] GC(3) Concurrent Clear Claimed Marks 0.041ms
[2023-02-21T18:32:37.838+0800][1.419s] GC(3) Concurrent Scan Root Regions
[2023-02-21T18:32:37.839+0800][1.420s] GC(3) Concurrent Scan Root Regions 0.843ms
[2023-02-21T18:32:37.839+0800][1.420s] GC(3) Concurrent Mark
[2023-02-21T18:32:37.839+0800][1.420s] GC(3) Concurrent Mark From Roots
[2023-02-21T18:32:37.839+0800][1.420s] GC(3) Using 3 workers of 3 for marking
[2023-02-21T18:32:37.843+0800][1.423s] GC(3) Concurrent Mark From Roots 3.389ms
[2023-02-21T18:32:37.843+0800][1.423s] GC(3) Concurrent Preclean
[2023-02-21T18:32:37.843+0800][1.423s] GC(3) Concurrent Preclean 0.028ms
[2023-02-21T18:32:37.843+0800][1.424s] GC(3) Pause Remark
[2023-02-21T18:32:37.844+0800][1.424s] GC(3) Pause Remark 25M->25M(512M) 0.756ms
[2023-02-21T18:32:37.844+0800][1.424s] GC(3) User=0.00s Sys=0.00s Real=0.00s
[2023-02-21T18:32:37.844+0800][1.424s] GC(3) Concurrent Mark 4.823ms
[2023-02-21T18:32:37.844+0800][1.424s] GC(3) Concurrent Rebuild Remembered Sets
[2023-02-21T18:32:37.846+0800][1.426s] GC(3) Concurrent Rebuild Remembered Sets 1.857ms
[2023-02-21T18:32:37.846+0800][1.426s] GC(3) Pause Cleanup
[2023-02-21T18:32:37.846+0800][1.426s] GC(3) Pause Cleanup 26M->26M(512M) 0.049ms
[2023-02-21T18:32:37.846+0800][1.426s] GC(3) User=0.00s Sys=0.00s Real=0.00s
[2023-02-21T18:32:37.846+0800][1.426s] GC(3) Concurrent Cleanup for Next Mark
[2023-02-21T18:32:37.847+0800][1.427s] GC(3) Concurrent Cleanup for Next Mark 0.607ms
[2023-02-21T18:32:37.847+0800][1.427s] GC(3) Concurrent Mark Cycle 8.448ms
[2023-02-21T18:32:38.620+0800][2.201s] GC(4) Pause Young (Prepare Mixed) (G1 Evacuation Pause)
[2023-02-21T18:32:38.620+0800][2.201s] GC(4) Using 10 workers of 10 for evacuation
[2023-02-21T18:32:38.624+0800][2.204s] GC(4)   Pre Evacuate Collection Set: 0.0ms
[2023-02-21T18:32:38.624+0800][2.204s] GC(4)   Merge Heap Roots: 0.0ms
[2023-02-21T18:32:38.624+0800][2.204s] GC(4)   Evacuate Collection Set: 2.8ms
[2023-02-21T18:32:38.624+0800][2.204s] GC(4)   Post Evacuate Collection Set: 0.5ms
[2023-02-21T18:32:38.624+0800][2.204s] GC(4)   Other: 0.1ms
[2023-02-21T18:32:38.624+0800][2.204s] GC(4) Eden regions: 81->0(15)
[2023-02-21T18:32:38.624+0800][2.204s] GC(4) Survivor regions: 5->10(11)
[2023-02-21T18:32:38.624+0800][2.204s] GC(4) Old regions: 17->17
[2023-02-21T18:32:38.624+0800][2.204s] GC(4) Archive regions: 0->0
[2023-02-21T18:32:38.624+0800][2.204s] GC(4) Humongous regions: 4->4
[2023-02-21T18:32:38.624+0800][2.204s] GC(4) Metaspace: 35114K(35584K)->35114K(35584K) NonClass: 31155K(31424K)->31155K(31424K) Class: 3958K(4160K)->3958K(4160K)
[2023-02-21T18:32:38.624+0800][2.205s] GC(4) Pause Young (Prepare Mixed) (G1 Evacuation Pause) 105M->29M(512M) 3.643ms
[2023-02-21T18:32:38.624+0800][2.205s] GC(4) User=0.00s Sys=0.00s Real=0.00s
[2023-02-21T18:32:38.659+0800][2.239s] GC(5) Pause Young (Mixed) (Metadata GC Threshold)
[2023-02-21T18:32:38.659+0800][2.239s] GC(5) Using 10 workers of 10 for evacuation
[2023-02-21T18:32:38.662+0800][2.242s] GC(5)   Pre Evacuate Collection Set: 0.0ms
[2023-02-21T18:32:38.662+0800][2.242s] GC(5)   Merge Heap Roots: 0.0ms
[2023-02-21T18:32:38.662+0800][2.242s] GC(5)   Evacuate Collection Set: 2.4ms
[2023-02-21T18:32:38.662+0800][2.242s] GC(5)   Post Evacuate Collection Set: 0.3ms
[2023-02-21T18:32:38.662+0800][2.242s] GC(5)   Other: 0.1ms
[2023-02-21T18:32:38.662+0800][2.242s] GC(5) Eden regions: 4->0(306)
[2023-02-21T18:32:38.662+0800][2.242s] GC(5) Survivor regions: 10->1(4)
[2023-02-21T18:32:38.662+0800][2.242s] GC(5) Old regions: 17->26
[2023-02-21T18:32:38.662+0800][2.242s] GC(5) Archive regions: 0->0
[2023-02-21T18:32:38.662+0800][2.242s] GC(5) Humongous regions: 4->4
[2023-02-21T18:32:38.662+0800][2.242s] GC(5) Metaspace: 35688K(36096K)->35688K(36096K) NonClass: 31667K(31872K)->31667K(31872K) Class: 4020K(4224K)->4020K(4224K)
[2023-02-21T18:32:38.662+0800][2.242s] GC(5) Pause Young (Mixed) (Metadata GC Threshold) 32M->30M(512M) 2.995ms
[2023-02-21T18:32:38.662+0800][2.242s] GC(5) User=0.00s Sys=0.00s Real=0.00s
[2023-02-21T18:32:38.685+0800][2.265s] GC(6) Pause Young (Concurrent Start) (Metadata GC Threshold)
[2023-02-21T18:32:38.685+0800][2.265s] GC(6) Using 10 workers of 10 for evacuation
[2023-02-21T18:32:38.686+0800][2.266s] GC(6)   Pre Evacuate Collection Set: 0.1ms
[2023-02-21T18:32:38.686+0800][2.266s] GC(6)   Merge Heap Roots: 0.0ms
[2023-02-21T18:32:38.686+0800][2.266s] GC(6)   Evacuate Collection Set: 0.4ms
[2023-02-21T18:32:38.686+0800][2.266s] GC(6)   Post Evacuate Collection Set: 0.1ms
[2023-02-21T18:32:38.686+0800][2.266s] GC(6)   Other: 0.0ms
[2023-02-21T18:32:38.686+0800][2.266s] GC(6) Eden regions: 3->0(306)
[2023-02-21T18:32:38.686+0800][2.266s] GC(6) Survivor regions: 1->1(39)
[2023-02-21T18:32:38.686+0800][2.266s] GC(6) Old regions: 26->26
[2023-02-21T18:32:38.686+0800][2.266s] GC(6) Archive regions: 0->0
[2023-02-21T18:32:38.686+0800][2.266s] GC(6) Humongous regions: 4->4
[2023-02-21T18:32:38.686+0800][2.266s] GC(6) Metaspace: 36098K(36416K)->36098K(36416K) NonClass: 32022K(32192K)->32022K(32192K) Class: 4075K(4224K)->4075K(4224K)
[2023-02-21T18:32:38.686+0800][2.266s] GC(6) Pause Young (Concurrent Start) (Metadata GC Threshold) 32M->30M(512M) 0.855ms
[2023-02-21T18:32:38.686+0800][2.266s] GC(7) Concurrent Mark Cycle
[2023-02-21T18:32:38.686+0800][2.266s] GC(6) User=0.00s Sys=0.00s Real=0.00s
[2023-02-21T18:32:38.686+0800][2.266s] GC(7) Concurrent Clear Claimed Marks
[2023-02-21T18:32:38.686+0800][2.266s] GC(7) Concurrent Clear Claimed Marks 0.034ms
[2023-02-21T18:32:38.686+0800][2.266s] GC(7) Concurrent Scan Root Regions
[2023-02-21T18:32:38.686+0800][2.266s] GC(7) Concurrent Scan Root Regions 0.387ms
[2023-02-21T18:32:38.686+0800][2.266s] GC(7) Concurrent Mark
[2023-02-21T18:32:38.686+0800][2.266s] GC(7) Concurrent Mark From Roots
[2023-02-21T18:32:38.686+0800][2.266s] GC(7) Using 3 workers of 3 for marking
[2023-02-21T18:32:38.696+0800][2.276s] GC(7) Concurrent Mark From Roots 9.667ms
[2023-02-21T18:32:38.696+0800][2.276s] GC(7) Concurrent Preclean
[2023-02-21T18:32:38.696+0800][2.276s] GC(7) Concurrent Preclean 0.081ms
[2023-02-21T18:32:38.696+0800][2.276s] GC(7) Pause Remark
[2023-02-21T18:32:38.699+0800][2.279s] GC(7) Pause Remark 32M->32M(512M) 2.596ms
[2023-02-21T18:32:38.699+0800][2.279s] GC(7) User=0.00s Sys=0.00s Real=0.00s
[2023-02-21T18:32:38.699+0800][2.279s] GC(7) Concurrent Mark 12.584ms
[2023-02-21T18:32:38.699+0800][2.279s] GC(7) Concurrent Rebuild Remembered Sets
[2023-02-21T18:32:38.704+0800][2.284s] GC(7) Concurrent Rebuild Remembered Sets 5.206ms
[2023-02-21T18:32:38.704+0800][2.284s] GC(7) Pause Cleanup
[2023-02-21T18:32:38.704+0800][2.284s] GC(7) Pause Cleanup 34M->34M(512M) 0.072ms
[2023-02-21T18:32:38.704+0800][2.284s] GC(7) User=0.00s Sys=0.00s Real=0.00s
[2023-02-21T18:32:38.704+0800][2.284s] GC(7) Concurrent Cleanup for Next Mark
[2023-02-21T18:32:38.705+0800][2.285s] GC(7) Concurrent Cleanup for Next Mark 0.924ms
[2023-02-21T18:32:38.705+0800][2.285s] GC(7) Concurrent Mark Cycle 19.528ms
[2023-02-21T18:32:39.919+0800][3.500s] GC(8) Pause Young (Prepare Mixed) (G1 Evacuation Pause)
[2023-02-21T18:32:39.919+0800][3.500s] GC(8) Using 10 workers of 10 for evacuation
[2023-02-21T18:32:39.930+0800][3.511s] GC(8)   Pre Evacuate Collection Set: 0.1ms
[2023-02-21T18:32:39.930+0800][3.511s] GC(8)   Merge Heap Roots: 0.0ms
[2023-02-21T18:32:39.930+0800][3.511s] GC(8)   Evacuate Collection Set: 10.2ms
[2023-02-21T18:32:39.930+0800][3.511s] GC(8)   Post Evacuate Collection Set: 0.6ms
[2023-02-21T18:32:39.930+0800][3.511s] GC(8)   Other: 0.1ms
[2023-02-21T18:32:39.930+0800][3.511s] GC(8) Eden regions: 306->0(1)
[2023-02-21T18:32:39.930+0800][3.511s] GC(8) Survivor regions: 1->38(39)
[2023-02-21T18:32:39.930+0800][3.511s] GC(8) Old regions: 26->26
[2023-02-21T18:32:39.930+0800][3.511s] GC(8) Archive regions: 0->0
[2023-02-21T18:32:39.930+0800][3.511s] GC(8) Humongous regions: 5->4
[2023-02-21T18:32:39.930+0800][3.511s] GC(8) Metaspace: 48118K(48640K)->48118K(48640K) NonClass: 42548K(42816K)->42548K(42816K) Class: 5570K(5824K)->5570K(5824K)
[2023-02-21T18:32:39.930+0800][3.511s] GC(8) Pause Young (Prepare Mixed) (G1 Evacuation Pause) 337M->66M(512M) 11.198ms
[2023-02-21T18:32:39.930+0800][3.511s] GC(8) User=0.19s Sys=0.00s Real=0.01s
[2023-02-21T18:32:39.931+0800][3.511s] GC(9) Pause Young (Mixed) (G1 Evacuation Pause)
[2023-02-21T18:32:39.931+0800][3.511s] GC(9) Using 10 workers of 10 for evacuation
[2023-02-21T18:32:39.939+0800][3.519s] GC(9)   Pre Evacuate Collection Set: 0.0ms
[2023-02-21T18:32:39.939+0800][3.519s] GC(9)   Merge Heap Roots: 0.0ms
[2023-02-21T18:32:39.939+0800][3.519s] GC(9)   Evacuate Collection Set: 7.5ms
[2023-02-21T18:32:39.939+0800][3.519s] GC(9)   Post Evacuate Collection Set: 0.3ms
[2023-02-21T18:32:39.939+0800][3.519s] GC(9)   Other: 0.0ms
[2023-02-21T18:32:39.939+0800][3.519s] GC(9) Eden regions: 1->0(272)
[2023-02-21T18:32:39.939+0800][3.519s] GC(9) Survivor regions: 38->2(5)
[2023-02-21T18:32:39.939+0800][3.519s] GC(9) Old regions: 26->63
[2023-02-21T18:32:39.939+0800][3.519s] GC(9) Archive regions: 0->0
[2023-02-21T18:32:39.939+0800][3.519s] GC(9) Humongous regions: 4->4
[2023-02-21T18:32:39.939+0800][3.519s] GC(9) Metaspace: 48118K(48640K)->48118K(48640K) NonClass: 42548K(42816K)->42548K(42816K) Class: 5570K(5824K)->5570K(5824K)
[2023-02-21T18:32:39.939+0800][3.519s] GC(9) Pause Young (Mixed) (G1 Evacuation Pause) 67M->68M(512M) 8.098ms
[2023-02-21T18:32:39.939+0800][3.519s] GC(9) User=0.00s Sys=0.00s Real=0.01s
[2023-02-21T18:33:57.876+0800][81.457s] Heap
[2023-02-21T18:33:57.876+0800][81.457s]  garbage-first heap   total 524288K, used 239203K [0x00000000e0000000, 0x0000000100000000)
[2023-02-21T18:33:57.876+0800][81.457s]   region size 1024K, 167 young (171008K), 2 survivors (2048K)
[2023-02-21T18:33:57.876+0800][81.457s]  Metaspace       used 50806K, committed 51392K, reserved 1114112K
[2023-02-21T18:33:57.876+0800][81.457s]   class space    used 5883K, committed 6144K, reserved 1048576K
