[2023-03-28T18:36:10.818+0800][0.014s] CardTable entry size: 512
[2023-03-28T18:36:10.818+0800][0.014s] Using G1
[2023-03-28T18:36:11.255+0800][0.452s] Version: 19.0.2+7-44 (release)
[2023-03-28T18:36:11.256+0800][0.452s] CPUs: 4 total, 4 available
[2023-03-28T18:36:11.256+0800][0.452s] Memory: 8192M
[2023-03-28T18:36:11.256+0800][0.452s] Large Page Support: Disabled
[2023-03-28T18:36:11.256+0800][0.452s] NUMA Support: Disabled
[2023-03-28T18:36:11.256+0800][0.452s] Compressed Oops: Enabled (Zero based)
[2023-03-28T18:36:11.256+0800][0.452s] Heap Region Size: 1M
[2023-03-28T18:36:11.256+0800][0.452s] Heap Min Capacity: 512M
[2023-03-28T18:36:11.256+0800][0.452s] Heap Initial Capacity: 512M
[2023-03-28T18:36:11.256+0800][0.452s] Heap Max Capacity: 512M
[2023-03-28T18:36:11.256+0800][0.452s] Pre-touch: Enabled
[2023-03-28T18:36:11.256+0800][0.452s] Parallel Workers: 4
[2023-03-28T18:36:11.256+0800][0.452s] Concurrent Workers: 1
[2023-03-28T18:36:11.256+0800][0.452s] Concurrent Refinement Workers: 4
[2023-03-28T18:36:11.256+0800][0.452s] Periodic GC: Disabled
[2023-03-28T18:36:11.256+0800][0.453s] CDS archive(s) mapped at: [0x0000000800000000-0x0000000800c48000-0x0000000800c48000), size 12877824, SharedBaseAddress: 0x0000000800000000, ArchiveRelocationMode: 0.
[2023-03-28T18:36:11.256+0800][0.453s] Compressed class space mapped at: 0x0000000801000000-0x0000000841000000, reserved size: 1073741824
[2023-03-28T18:36:11.256+0800][0.453s] Narrow klass base: 0x0000000800000000, Narrow klass shift: 0, Narrow klass range: 0x100000000
[2023-03-28T18:36:12.902+0800][2.098s] GC(0) Pause Young (Normal) (G1 Evacuation Pause)
[2023-03-28T18:36:12.904+0800][2.100s] GC(0) Using 4 workers of 4 for evacuation
[2023-03-28T18:36:12.914+0800][2.110s] GC(0)   Pre Evacuate Collection Set: 0.1ms
[2023-03-28T18:36:12.914+0800][2.110s] GC(0)   Merge Heap Roots: 0.1ms
[2023-03-28T18:36:12.914+0800][2.110s] GC(0)   Evacuate Collection Set: 7.9ms
[2023-03-28T18:36:12.914+0800][2.110s] GC(0)   Post Evacuate Collection Set: 1.8ms
[2023-03-28T18:36:12.914+0800][2.110s] GC(0)   Other: 1.4ms
[2023-03-28T18:36:12.914+0800][2.110s] GC(0) Eden regions: 25->0(40)
[2023-03-28T18:36:12.914+0800][2.110s] GC(0) Survivor regions: 0->4(4)
[2023-03-28T18:36:12.914+0800][2.110s] GC(0) Old regions: 0->0
[2023-03-28T18:36:12.914+0800][2.110s] GC(0) Archive regions: 2->2
[2023-03-28T18:36:12.914+0800][2.110s] GC(0) Humongous regions: 0->0
[2023-03-28T18:36:12.914+0800][2.110s] GC(0) Metaspace: 9571K(9856K)->9571K(9856K) NonClass: 8488K(8640K)->8488K(8640K) Class: 1082K(1216K)->1082K(1216K)
[2023-03-28T18:36:12.914+0800][2.110s] GC(0) Pause Young (Normal) (G1 Evacuation Pause) 25M->4M(512M) 11.923ms
[2023-03-28T18:36:12.914+0800][2.110s] GC(0) User=0.03s Sys=0.00s Real=0.01s
[2023-03-28T18:36:14.748+0800][3.944s] GC(1) Pause Young (Normal) (G1 Evacuation Pause)
[2023-03-28T18:36:14.748+0800][3.944s] GC(1) Using 4 workers of 4 for evacuation
[2023-03-28T18:36:14.776+0800][3.972s] GC(1)   Pre Evacuate Collection Set: 0.1ms
[2023-03-28T18:36:14.776+0800][3.972s] GC(1)   Merge Heap Roots: 0.1ms
[2023-03-28T18:36:14.776+0800][3.972s] GC(1)   Evacuate Collection Set: 27.3ms
[2023-03-28T18:36:14.776+0800][3.972s] GC(1)   Post Evacuate Collection Set: 0.9ms
[2023-03-28T18:36:14.776+0800][3.972s] GC(1)   Other: 0.1ms
[2023-03-28T18:36:14.776+0800][3.972s] GC(1) Eden regions: 40->0(37)
[2023-03-28T18:36:14.776+0800][3.972s] GC(1) Survivor regions: 4->6(6)
[2023-03-28T18:36:14.776+0800][3.972s] GC(1) Old regions: 0->10
[2023-03-28T18:36:14.776+0800][3.973s] GC(1) Archive regions: 2->2
[2023-03-28T18:36:14.776+0800][3.973s] GC(1) Humongous regions: 4->4
[2023-03-28T18:36:14.776+0800][3.973s] GC(1) Metaspace: 16481K(16768K)->16481K(16768K) NonClass: 14615K(14784K)->14615K(14784K) Class: 1865K(1984K)->1865K(1984K)
[2023-03-28T18:36:14.776+0800][3.973s] GC(1) Pause Young (Normal) (G1 Evacuation Pause) 48M->19M(512M) 28.837ms
[2023-03-28T18:36:14.776+0800][3.973s] GC(1) User=0.06s Sys=0.00s Real=0.03s
[2023-03-28T18:36:15.965+0800][5.161s] GC(2) Pause Young (Normal) (G1 Evacuation Pause)
[2023-03-28T18:36:15.965+0800][5.162s] GC(2) Using 4 workers of 4 for evacuation
[2023-03-28T18:36:15.975+0800][5.171s] GC(2)   Pre Evacuate Collection Set: 0.1ms
[2023-03-28T18:36:15.975+0800][5.171s] GC(2)   Merge Heap Roots: 0.0ms
[2023-03-28T18:36:15.975+0800][5.171s] GC(2)   Evacuate Collection Set: 8.3ms
[2023-03-28T18:36:15.975+0800][5.171s] GC(2)   Post Evacuate Collection Set: 0.7ms
[2023-03-28T18:36:15.975+0800][5.171s] GC(2)   Other: 0.2ms
[2023-03-28T18:36:15.975+0800][5.171s] GC(2) Eden regions: 37->0(69)
[2023-03-28T18:36:15.975+0800][5.171s] GC(2) Survivor regions: 6->5(6)
[2023-03-28T18:36:15.975+0800][5.171s] GC(2) Old regions: 10->16
[2023-03-28T18:36:15.975+0800][5.171s] GC(2) Archive regions: 2->2
[2023-03-28T18:36:15.975+0800][5.171s] GC(2) Humongous regions: 4->4
[2023-03-28T18:36:15.975+0800][5.171s] GC(2) Metaspace: 21123K(21504K)->21123K(21504K) NonClass: 18800K(19008K)->18800K(19008K) Class: 2322K(2496K)->2322K(2496K)
[2023-03-28T18:36:15.975+0800][5.171s] GC(2) Pause Young (Normal) (G1 Evacuation Pause) 56M->25M(512M) 9.561ms
[2023-03-28T18:36:15.975+0800][5.171s] GC(2) User=0.03s Sys=0.00s Real=0.01s
[2023-03-28T18:36:15.976+0800][5.173s] GC(3) Pause Young (Concurrent Start) (Metadata GC Threshold)
[2023-03-28T18:36:15.976+0800][5.173s] GC(3) Using 4 workers of 4 for evacuation
[2023-03-28T18:36:15.978+0800][5.175s] GC(3)   Pre Evacuate Collection Set: 0.1ms
[2023-03-28T18:36:15.979+0800][5.175s] GC(3)   Merge Heap Roots: 0.0ms
[2023-03-28T18:36:15.979+0800][5.175s] GC(3)   Evacuate Collection Set: 1.5ms
[2023-03-28T18:36:15.979+0800][5.175s] GC(3)   Post Evacuate Collection Set: 0.3ms
[2023-03-28T18:36:15.979+0800][5.175s] GC(3)   Other: 0.1ms
[2023-03-28T18:36:15.979+0800][5.175s] GC(3) Eden regions: 1->0(143)
[2023-03-28T18:36:15.979+0800][5.175s] GC(3) Survivor regions: 5->4(10)
[2023-03-28T18:36:15.979+0800][5.175s] GC(3) Old regions: 16->16
[2023-03-28T18:36:15.979+0800][5.175s] GC(3) Archive regions: 2->2
[2023-03-28T18:36:15.979+0800][5.175s] GC(3) Humongous regions: 4->4
[2023-03-28T18:36:15.979+0800][5.175s] GC(3) Metaspace: 21153K(21504K)->21153K(21504K) NonClass: 18830K(19008K)->18830K(19008K) Class: 2323K(2496K)->2323K(2496K)
[2023-03-28T18:36:15.979+0800][5.175s] GC(3) Pause Young (Concurrent Start) (Metadata GC Threshold) 26M->24M(512M) 2.345ms
[2023-03-28T18:36:15.979+0800][5.175s] GC(4) Concurrent Mark Cycle
[2023-03-28T18:36:15.979+0800][5.175s] GC(3) User=0.01s Sys=0.00s Real=0.00s
[2023-03-28T18:36:15.979+0800][5.175s] GC(4) Concurrent Clear Claimed Marks
[2023-03-28T18:36:15.979+0800][5.175s] GC(4) Concurrent Clear Claimed Marks 0.083ms
[2023-03-28T18:36:15.979+0800][5.175s] GC(4) Concurrent Scan Root Regions
[2023-03-28T18:36:15.980+0800][5.176s] GC(4) Concurrent Scan Root Regions 1.415ms
[2023-03-28T18:36:15.980+0800][5.177s] GC(4) Concurrent Mark
[2023-03-28T18:36:15.980+0800][5.177s] GC(4) Concurrent Mark From Roots
[2023-03-28T18:36:15.980+0800][5.177s] GC(4) Using 1 workers of 1 for marking
[2023-03-28T18:36:16.022+0800][5.219s] GC(4) Concurrent Mark From Roots 41.895ms
[2023-03-28T18:36:16.022+0800][5.219s] GC(4) Concurrent Preclean
[2023-03-28T18:36:16.023+0800][5.219s] GC(4) Concurrent Preclean 0.238ms
[2023-03-28T18:36:16.024+0800][5.220s] GC(4) Pause Remark
[2023-03-28T18:36:16.027+0800][5.223s] GC(4) Pause Remark 25M->25M(512M) 3.106ms
[2023-03-28T18:36:16.027+0800][5.223s] GC(4) User=0.01s Sys=0.00s Real=0.00s
[2023-03-28T18:36:16.027+0800][5.223s] GC(4) Concurrent Mark 46.523ms
[2023-03-28T18:36:16.027+0800][5.223s] GC(4) Concurrent Rebuild Remembered Sets
[2023-03-28T18:36:16.054+0800][5.251s] GC(4) Concurrent Rebuild Remembered Sets 27.316ms
[2023-03-28T18:36:16.055+0800][5.251s] GC(4) Pause Cleanup
[2023-03-28T18:36:16.056+0800][5.252s] GC(4) Pause Cleanup 26M->26M(512M) 0.175ms
[2023-03-28T18:36:16.056+0800][5.252s] GC(4) User=0.00s Sys=0.00s Real=0.00s
[2023-03-28T18:36:16.056+0800][5.252s] GC(4) Concurrent Cleanup for Next Mark
[2023-03-28T18:36:16.058+0800][5.254s] GC(4) Concurrent Cleanup for Next Mark 1.886ms
[2023-03-28T18:36:16.058+0800][5.254s] GC(4) Concurrent Mark Cycle 79.145ms
[2023-03-28T18:36:18.928+0800][8.124s] GC(5) Pause Young (Concurrent Start) (Metadata GC Threshold)
[2023-03-28T18:36:18.929+0800][8.125s] GC(5) Using 4 workers of 4 for evacuation
[2023-03-28T18:36:18.939+0800][8.135s] GC(5)   Pre Evacuate Collection Set: 0.1ms
[2023-03-28T18:36:18.939+0800][8.135s] GC(5)   Merge Heap Roots: 0.1ms
[2023-03-28T18:36:18.939+0800][8.135s] GC(5)   Evacuate Collection Set: 8.8ms
[2023-03-28T18:36:18.939+0800][8.135s] GC(5)   Post Evacuate Collection Set: 0.8ms
[2023-03-28T18:36:18.939+0800][8.135s] GC(5)   Other: 0.2ms
[2023-03-28T18:36:18.939+0800][8.135s] GC(5) Eden regions: 71->0(297)
[2023-03-28T18:36:18.939+0800][8.135s] GC(5) Survivor regions: 4->10(21)
[2023-03-28T18:36:18.939+0800][8.135s] GC(5) Old regions: 16->16
[2023-03-28T18:36:18.939+0800][8.135s] GC(5) Archive regions: 2->2
[2023-03-28T18:36:18.939+0800][8.135s] GC(5) Humongous regions: 4->4
[2023-03-28T18:36:18.939+0800][8.135s] GC(5) Metaspace: 35973K(36416K)->35973K(36416K) NonClass: 31876K(32128K)->31876K(32128K) Class: 4097K(4288K)->4097K(4288K)
[2023-03-28T18:36:18.939+0800][8.135s] GC(5) Pause Young (Concurrent Start) (Metadata GC Threshold) 95M->29M(512M) 11.338ms
[2023-03-28T18:36:18.939+0800][8.135s] GC(6) Concurrent Mark Cycle
[2023-03-28T18:36:18.939+0800][8.135s] GC(5) User=0.04s Sys=0.00s Real=0.01s
[2023-03-28T18:36:18.939+0800][8.135s] GC(6) Concurrent Clear Claimed Marks
[2023-03-28T18:36:18.939+0800][8.135s] GC(6) Concurrent Clear Claimed Marks 0.063ms
[2023-03-28T18:36:18.939+0800][8.135s] GC(6) Concurrent Scan Root Regions
[2023-03-28T18:36:18.947+0800][8.143s] GC(6) Concurrent Scan Root Regions 8.056ms
[2023-03-28T18:36:18.947+0800][8.144s] GC(6) Concurrent Mark
[2023-03-28T18:36:18.947+0800][8.144s] GC(6) Concurrent Mark From Roots
[2023-03-28T18:36:18.947+0800][8.144s] GC(6) Using 1 workers of 1 for marking
[2023-03-28T18:36:18.983+0800][8.179s] GC(6) Concurrent Mark From Roots 35.606ms
[2023-03-28T18:36:18.983+0800][8.179s] GC(6) Concurrent Preclean
[2023-03-28T18:36:18.983+0800][8.179s] GC(6) Concurrent Preclean 0.132ms
[2023-03-28T18:36:18.983+0800][8.179s] GC(6) Pause Remark
[2023-03-28T18:36:18.986+0800][8.182s] GC(6) Pause Remark 31M->31M(512M) 2.587ms
[2023-03-28T18:36:18.986+0800][8.182s] GC(6) User=0.01s Sys=0.00s Real=0.00s
[2023-03-28T18:36:18.986+0800][8.182s] GC(6) Concurrent Mark 38.718ms
[2023-03-28T18:36:18.986+0800][8.182s] GC(6) Concurrent Rebuild Remembered Sets
[2023-03-28T18:36:19.006+0800][8.202s] GC(6) Concurrent Rebuild Remembered Sets 20.183ms
[2023-03-28T18:36:19.007+0800][8.203s] GC(6) Pause Cleanup
[2023-03-28T18:36:19.007+0800][8.203s] GC(6) Pause Cleanup 32M->32M(512M) 0.108ms
[2023-03-28T18:36:19.007+0800][8.203s] GC(6) User=0.00s Sys=0.00s Real=0.00s
[2023-03-28T18:36:19.007+0800][8.203s] GC(6) Concurrent Cleanup for Next Mark
[2023-03-28T18:36:19.009+0800][8.205s] GC(6) Concurrent Cleanup for Next Mark 2.022ms
[2023-03-28T18:36:19.009+0800][8.205s] GC(6) Concurrent Mark Cycle 69.719ms
[2023-03-29T01:43:52.765+0800][8406.989s] GC(7) Pause Young (Normal) (G1 Evacuation Pause)
[2023-03-29T01:43:52.771+0800][8406.994s] GC(7) Using 4 workers of 4 for evacuation
[2023-03-29T01:43:53.221+0800][8407.445s] GC(7) MMU target violated: 251.0ms (250.0ms/251.0ms)
[2023-03-29T01:43:53.221+0800][8407.445s] GC(7)   Pre Evacuate Collection Set: 4.5ms
[2023-03-29T01:43:53.222+0800][8407.445s] GC(7)   Merge Heap Roots: 3.6ms
[2023-03-29T01:43:53.222+0800][8407.445s] GC(7)   Evacuate Collection Set: 423.1ms
[2023-03-29T01:43:53.222+0800][8407.445s] GC(7)   Post Evacuate Collection Set: 14.7ms
[2023-03-29T01:43:53.222+0800][8407.446s] GC(7)   Other: 6.2ms
[2023-03-29T01:43:53.222+0800][8407.446s] GC(7) Eden regions: 297->0(181)
[2023-03-29T01:43:53.222+0800][8407.446s] GC(7) Survivor regions: 10->27(39)
[2023-03-29T01:43:53.222+0800][8407.446s] GC(7) Old regions: 16->16
[2023-03-29T01:43:53.222+0800][8407.446s] GC(7) Archive regions: 2->2
[2023-03-29T01:43:53.222+0800][8407.446s] GC(7) Humongous regions: 8->7
[2023-03-29T01:43:53.223+0800][8407.446s] GC(7) Metaspace: 51714K(52224K)->51714K(52224K) NonClass: 45804K(46080K)->45804K(46080K) Class: 5910K(6144K)->5910K(6144K)
[2023-03-29T01:43:53.223+0800][8407.447s] GC(7) Pause Young (Normal) (G1 Evacuation Pause) 330M->50M(512M) 459.165ms
[2023-03-29T01:43:53.223+0800][8407.447s] GC(7) User=0.15s Sys=0.48s Real=0.46s
[2023-03-29T14:53:56.014+0800][25421.477s] GC(8) Pause Young (Normal) (G1 Evacuation Pause)
[2023-03-29T14:53:56.041+0800][25421.503s] GC(8) Using 4 workers of 4 for evacuation
[2023-03-29T14:53:57.211+0800][25422.673s] GC(8) MMU target violated: 251.0ms (250.0ms/251.0ms)
[2023-03-29T14:53:57.213+0800][25422.675s] GC(8)   Pre Evacuate Collection Set: 10.3ms
[2023-03-29T14:53:57.213+0800][25422.675s] GC(8)   Merge Heap Roots: 5.6ms
[2023-03-29T14:53:57.213+0800][25422.675s] GC(8)   Evacuate Collection Set: 1129.6ms
[2023-03-29T14:53:57.213+0800][25422.675s] GC(8)   Post Evacuate Collection Set: 17.1ms
[2023-03-29T14:53:57.215+0800][25422.677s] GC(8)   Other: 21.0ms
[2023-03-29T14:53:57.216+0800][25422.678s] GC(8) Eden regions: 181->0(162)
[2023-03-29T14:53:57.216+0800][25422.678s] GC(8) Survivor regions: 27->2(26)
[2023-03-29T14:53:57.216+0800][25422.678s] GC(8) Old regions: 16->43
[2023-03-29T14:53:57.216+0800][25422.678s] GC(8) Archive regions: 2->2
[2023-03-29T14:53:57.216+0800][25422.678s] GC(8) Humongous regions: 7->7
[2023-03-29T14:53:57.217+0800][25422.680s] GC(8) Metaspace: 51785K(52288K)->51785K(52288K) NonClass: 45874K(46144K)->45874K(46144K) Class: 5910K(6144K)->5910K(6144K)
[2023-03-29T14:53:57.218+0800][25422.680s] GC(8) Pause Young (Normal) (G1 Evacuation Pause) 231M->52M(512M) 1204.461ms
[2023-03-29T14:53:57.218+0800][25422.680s] GC(8) User=0.13s Sys=0.64s Real=1.20s
[2023-03-29T23:00:00.843+0800][40773.611s] GC(9) Pause Young (Normal) (G1 Evacuation Pause)
[2023-03-29T23:00:00.850+0800][40773.618s] GC(9) Using 4 workers of 4 for evacuation
[2023-03-29T23:00:00.879+0800][40773.647s] GC(9)   Pre Evacuate Collection Set: 2.3ms
[2023-03-29T23:00:00.879+0800][40773.647s] GC(9)   Merge Heap Roots: 0.6ms
[2023-03-29T23:00:00.880+0800][40773.647s] GC(9)   Evacuate Collection Set: 17.1ms
[2023-03-29T23:00:00.880+0800][40773.647s] GC(9)   Post Evacuate Collection Set: 6.9ms
[2023-03-29T23:00:00.880+0800][40773.648s] GC(9)   Other: 3.4ms
[2023-03-29T23:00:00.880+0800][40773.648s] GC(9) Eden regions: 162->0(193)
[2023-03-29T23:00:00.880+0800][40773.648s] GC(9) Survivor regions: 2->1(21)
[2023-03-29T23:00:00.880+0800][40773.648s] GC(9) Old regions: 43->43
[2023-03-29T23:00:00.880+0800][40773.648s] GC(9) Archive regions: 2->2
[2023-03-29T23:00:00.880+0800][40773.648s] GC(9) Humongous regions: 7->7
[2023-03-29T23:00:00.881+0800][40773.648s] GC(9) Metaspace: 51823K(52352K)->51823K(52352K) NonClass: 45912K(46208K)->45912K(46208K) Class: 5910K(6144K)->5910K(6144K)
[2023-03-29T23:00:00.881+0800][40773.648s] GC(9) Pause Young (Normal) (G1 Evacuation Pause) 214M->50M(512M) 39.075ms
[2023-03-29T23:00:00.881+0800][40773.648s] GC(9) User=0.00s Sys=0.04s Real=0.04s
[2023-03-30T14:48:42.840+0800][55597.237s] GC(10) Pause Young (Normal) (G1 Evacuation Pause)
[2023-03-30T14:48:42.845+0800][55597.242s] GC(10) Using 4 workers of 4 for evacuation
[2023-03-30T14:48:42.876+0800][55597.273s] GC(10)   Pre Evacuate Collection Set: 1.6ms
[2023-03-30T14:48:42.876+0800][55597.273s] GC(10)   Merge Heap Roots: 1.7ms
[2023-03-30T14:48:42.876+0800][55597.273s] GC(10)   Evacuate Collection Set: 21.3ms
[2023-03-30T14:48:42.876+0800][55597.273s] GC(10)   Post Evacuate Collection Set: 3.1ms
[2023-03-30T14:48:42.878+0800][55597.275s] GC(10)   Other: 3.8ms
[2023-03-30T14:48:42.878+0800][55597.276s] GC(10) Eden regions: 193->0(228)
[2023-03-30T14:48:42.879+0800][55597.276s] GC(10) Survivor regions: 1->3(25)
[2023-03-30T14:48:42.879+0800][55597.276s] GC(10) Old regions: 43->43
[2023-03-30T14:48:42.879+0800][55597.276s] GC(10) Archive regions: 2->2
[2023-03-30T14:48:42.879+0800][55597.276s] GC(10) Humongous regions: 7->7
[2023-03-30T14:48:42.879+0800][55597.276s] GC(10) Metaspace: 52827K(53376K)->52827K(53376K) NonClass: 46887K(47168K)->46887K(47168K) Class: 5939K(6208K)->5939K(6208K)
[2023-03-30T14:48:42.879+0800][55597.276s] GC(10) Pause Young (Normal) (G1 Evacuation Pause) 243M->52M(512M) 40.466ms
[2023-03-30T14:48:42.879+0800][55597.277s] GC(10) User=0.01s Sys=0.03s Real=0.04s
[2023-03-30T22:19:48.006+0800][64697.197s] GC(11) Pause Young (Normal) (G1 Evacuation Pause)
[2023-03-30T22:19:48.010+0800][64697.201s] GC(11) Using 4 workers of 4 for evacuation
[2023-03-30T22:19:48.085+0800][64697.276s] GC(11)   Pre Evacuate Collection Set: 1.8ms
[2023-03-30T22:19:48.085+0800][64697.276s] GC(11)   Merge Heap Roots: 2.0ms
[2023-03-30T22:19:48.085+0800][64697.276s] GC(11)   Evacuate Collection Set: 61.4ms
[2023-03-30T22:19:48.085+0800][64697.276s] GC(11)   Post Evacuate Collection Set: 6.9ms
[2023-03-30T22:19:48.086+0800][64697.276s] GC(11)   Other: 3.3ms
[2023-03-30T22:19:48.093+0800][64697.283s] GC(11) Eden regions: 228->0(122)
[2023-03-30T22:19:48.096+0800][64697.287s] GC(11) Survivor regions: 3->11(29)
[2023-03-30T22:19:48.096+0800][64697.287s] GC(11) Old regions: 43->43
[2023-03-30T22:19:48.096+0800][64697.287s] GC(11) Archive regions: 2->2
[2023-03-30T22:19:48.096+0800][64697.287s] GC(11) Humongous regions: 7->7
[2023-03-30T22:19:48.097+0800][64697.287s] GC(11) Metaspace: 56266K(56832K)->56266K(56832K) NonClass: 50026K(50304K)->50026K(50304K) Class: 6240K(6528K)->6240K(6528K)
[2023-03-30T22:19:48.099+0800][64697.289s] GC(11) Pause Young (Normal) (G1 Evacuation Pause) 280M->60M(512M) 93.088ms
[2023-03-30T22:19:48.099+0800][64697.289s] GC(11) User=0.05s Sys=0.11s Real=0.09s
[2023-03-30T22:19:50.132+0800][64699.322s] GC(12) Pause Young (Normal) (G1 Evacuation Pause)
[2023-03-30T22:19:50.132+0800][64699.322s] GC(12) Using 4 workers of 4 for evacuation
[2023-03-30T22:19:50.164+0800][64699.354s] GC(12)   Pre Evacuate Collection Set: 0.9ms
[2023-03-30T22:19:50.164+0800][64699.355s] GC(12)   Merge Heap Roots: 0.1ms
[2023-03-30T22:19:50.164+0800][64699.355s] GC(12)   Evacuate Collection Set: 30.5ms
[2023-03-30T22:19:50.164+0800][64699.355s] GC(12)   Post Evacuate Collection Set: 0.8ms
[2023-03-30T22:19:50.164+0800][64699.355s] GC(12)   Other: 0.2ms
[2023-03-30T22:19:50.164+0800][64699.355s] GC(12) Eden regions: 122->0(237)
[2023-03-30T22:19:50.164+0800][64699.355s] GC(12) Survivor regions: 11->8(17)
[2023-03-30T22:19:50.164+0800][64699.355s] GC(12) Old regions: 43->48
[2023-03-30T22:19:50.164+0800][64699.355s] GC(12) Archive regions: 2->2
[2023-03-30T22:19:50.165+0800][64699.355s] GC(12) Humongous regions: 7->7
[2023-03-30T22:19:50.165+0800][64699.355s] GC(12) Metaspace: 56356K(56896K)->56356K(56896K) NonClass: 50115K(50368K)->50115K(50368K) Class: 6241K(6528K)->6241K(6528K)
[2023-03-30T22:19:50.165+0800][64699.355s] GC(12) Pause Young (Normal) (G1 Evacuation Pause) 182M->62M(512M) 33.173ms
[2023-03-30T22:19:50.165+0800][64699.355s] GC(12) User=0.03s Sys=0.01s Real=0.03s
[2023-03-30T22:24:15.024+0800][64964.206s] GC(13) Pause Young (Normal) (G1 Evacuation Pause)
[2023-03-30T22:24:15.025+0800][64964.208s] GC(13) Using 4 workers of 4 for evacuation
[2023-03-30T22:24:15.111+0800][64964.294s] GC(13)   Pre Evacuate Collection Set: 1.2ms
[2023-03-30T22:24:15.111+0800][64964.294s] GC(13)   Merge Heap Roots: 0.2ms
[2023-03-30T22:24:15.111+0800][64964.294s] GC(13)   Evacuate Collection Set: 78.5ms
[2023-03-30T22:24:15.111+0800][64964.294s] GC(13)   Post Evacuate Collection Set: 6.0ms
[2023-03-30T22:24:15.112+0800][64964.294s] GC(13)   Other: 0.3ms
[2023-03-30T22:24:15.112+0800][64964.294s] GC(13) Eden regions: 237->0(299)
[2023-03-30T22:24:15.112+0800][64964.294s] GC(13) Survivor regions: 8->8(31)
[2023-03-30T22:24:15.112+0800][64964.294s] GC(13) Old regions: 48->48
[2023-03-30T22:24:15.112+0800][64964.294s] GC(13) Archive regions: 2->2
[2023-03-30T22:24:15.112+0800][64964.294s] GC(13) Humongous regions: 7->7
[2023-03-30T22:24:15.112+0800][64964.294s] GC(13) Metaspace: 56615K(57152K)->56615K(57152K) NonClass: 50367K(50624K)->50367K(50624K) Class: 6247K(6528K)->6247K(6528K)
[2023-03-30T22:24:15.112+0800][64964.294s] GC(13) Pause Young (Normal) (G1 Evacuation Pause) 299M->63M(512M) 87.896ms
[2023-03-30T22:24:15.112+0800][64964.294s] GC(13) User=0.03s Sys=0.12s Real=0.09s
[2023-03-30T22:28:20.409+0800][65209.584s] Heap
[2023-03-30T22:28:20.410+0800][65209.585s]  garbage-first heap   total 524288K, used 90309K [0x00000007e0000000, 0x0000000800000000)
[2023-03-30T22:28:20.410+0800][65209.585s]   region size 1024K, 33 young (33792K), 8 survivors (8192K)
[2023-03-30T22:28:20.410+0800][65209.585s]  Metaspace       used 57183K, committed 57728K, reserved 1114112K
[2023-03-30T22:28:20.410+0800][65209.585s]   class space    used 6282K, committed 6528K, reserved 1048576K
